Component: ARM Compiler 5.06 update 5 (build 528) Tool: armlink [4d35e2]

==============================================================================

Section Cross References

    startup_stm32f10x_md.o(RESET) refers to startup_stm32f10x_md.o(STACK) for __initial_sp
    startup_stm32f10x_md.o(RESET) refers to startup_stm32f10x_md.o(.text) for Reset_Handler
    startup_stm32f10x_md.o(RESET) refers to stm32f10x_it.o(.text) for NMI_Handler
    startup_stm32f10x_md.o(RESET) refers to encoder.o(.text) for EXTI9_5_IRQHandler
    startup_stm32f10x_md.o(RESET) refers to main.o(.text) for TIM2_IRQHandler
    startup_stm32f10x_md.o(RESET) refers to key.o(.text) for TIM3_IRQHandler
    startup_stm32f10x_md.o(RESET) refers to usart.o(.text) for USART1_IRQHandler
    startup_stm32f10x_md.o(.text) refers to system_stm32f10x.o(.text) for SystemInit
    startup_stm32f10x_md.o(.text) refers to entry.o(.ARM.Collect$$$$00000000) for __main
    main.o(.text) refers to spi.o(.text) for AD_SPI_Rd
    main.o(.text) refers to spi_2.o(.text) for AD_SPI_Rd2
    main.o(.text) refers to ffltui.o(.text) for __aeabi_ui2f
    main.o(.text) refers to f2d.o(.text) for __aeabi_f2d
    main.o(.text) refers to ddiv.o(.text) for __aeabi_ddiv
    main.o(.text) refers to dmul.o(.text) for __aeabi_dmul
    main.o(.text) refers to d2f.o(.text) for __aeabi_d2f
    main.o(.text) refers to fadd.o(.text) for __aeabi_fsub
    main.o(.text) refers to fmul.o(.text) for __aeabi_fmul
    main.o(.text) refers to cdrcmple.o(.text) for __aeabi_cdrcmple
    main.o(.text) refers to cdcmple.o(.text) for __aeabi_cdcmple
    main.o(.text) refers to dfixui.o(.text) for __aeabi_d2uiz
    main.o(.text) refers to delay.o(.text) for delay_init
    main.o(.text) refers to sys.o(.text) for NVIC_Configuration
    main.o(.text) refers to led.o(.text) for LED_Init
    main.o(.text) refers to key.o(.text) for KEY_Init
    main.o(.text) refers to encoder.o(.text) for ENCODER_Init
    main.o(.text) refers to _24cxx.o(.text) for AT24CXX_Init
    main.o(.text) refers to usart.o(.text) for uart_init
    main.o(.text) refers to stm32f10x_gpio.o(.text) for GPIO_SetBits
    main.o(.text) refers to timer.o(.text) for TIM2_Init
    main.o(.text) refers to fflti.o(.text) for __aeabi_i2f
    main.o(.text) refers to atof.o(i.atof) for atof
    main.o(.text) refers to printfa.o(i.__0printf) for __2printf
    main.o(.text) refers to fdiv.o(.text) for __aeabi_fdiv
    main.o(.text) refers to stm32f10x_tim.o(.text) for TIM_GetITStatus
    main.o(.text) refers to main.o(.bss) for adBuf
    main.o(.text) refers to main.o(.data) for AD_AVG
    main.o(.text) refers to key.o(.data) for KEY_VAL1
    main.o(.text) refers to usart.o(.data) for USART_RX_STA
    main.o(.text) refers to usart.o(.bss) for USART_RX_BUF
    main.o(.text) refers to timer.o(.data) for TIM_FLAG
    system_stm32f10x.o(.text) refers to system_stm32f10x.o(.data) for SystemCoreClock
    stm32f10x_gpio.o(.text) refers to stm32f10x_rcc.o(.text) for RCC_APB2PeriphResetCmd
    stm32f10x_rcc.o(.text) refers to stm32f10x_rcc.o(.data) for APBAHBPrescTable
    stm32f10x_usart.o(.text) refers to stm32f10x_rcc.o(.text) for RCC_APB2PeriphResetCmd
    stm32f10x_tim.o(.text) refers to stm32f10x_rcc.o(.text) for RCC_APB2PeriphResetCmd
    delay.o(.text) refers to misc.o(.text) for SysTick_CLKSourceConfig
    delay.o(.text) refers to system_stm32f10x.o(.data) for SystemCoreClock
    delay.o(.text) refers to delay.o(.data) for fac_us
    sys.o(.text) refers to misc.o(.text) for NVIC_PriorityGroupConfig
    usart.o(.text) refers to stm32f10x_rcc.o(.text) for RCC_APB2PeriphClockCmd
    usart.o(.text) refers to stm32f10x_gpio.o(.text) for GPIO_PinRemapConfig
    usart.o(.text) refers to misc.o(.text) for NVIC_Init
    usart.o(.text) refers to stm32f10x_usart.o(.text) for USART_Init
    usart.o(.text) refers to usart.o(.data) for USART_RX_STA
    usart.o(.text) refers to usart.o(.bss) for USART_RX_BUF
    key.o(.text) refers to stm32f10x_rcc.o(.text) for RCC_APB2PeriphClockCmd
    key.o(.text) refers to stm32f10x_gpio.o(.text) for GPIO_Init
    key.o(.text) refers to timer.o(.text) for TIM3_Init
    key.o(.text) refers to stm32f10x_tim.o(.text) for TIM_GetITStatus
    key.o(.text) refers to key.o(.data) for KEY_VAL1
    tft.o(.text) refers to stm32f10x_rcc.o(.text) for RCC_APB2PeriphClockCmd
    tft.o(.text) refers to stm32f10x_gpio.o(.text) for GPIO_PinRemapConfig
    tft.o(.text) refers to delay.o(.text) for delay_us
    tft.o(.text) refers to cfcmple.o(.text) for __aeabi_cfcmple
    tft.o(.text) refers to ffixui.o(.text) for __aeabi_f2uiz
    tft.o(.text) refers to fflti.o(.text) for __aeabi_i2f
    tft.o(.text) refers to fadd.o(.text) for __aeabi_frsub
    tft.o(.text) refers to tft.o(.data) for BACK_COLOR
    tft.o(.text) refers to font.o(.constdata) for asc2_1608
    tft.o(.text) refers to tft.o(.bss) for TFT_BUF2
    tft.o(.text) refers to fmul.o(.text) for __aeabi_fmul
    tft.o(.text) refers to cfrcmple.o(.text) for __aeabi_cfrcmple
[...]
    printf6.o(i.__0printf$6) refers to usart.o(.text) for fputc
    printf6.o(i.__0printf$6) refers to usart.o(.data) for __stdout
    printf6.o(i.__0snprintf$6) refers to printf6.o(i._printf_core) for _printf_core
    printf6.o(i.__0snprintf$6) refers to printf6.o(i._snputc) for _snputc
    printf6.o(i.__0sprintf$6) refers to printf6.o(i._printf_core) for _printf_core
    printf6.o(i.__0sprintf$6) refers to printf6.o(i._sputc) for _sputc
    printf6.o(i.__0vfprintf$6) refers to printf6.o(i._printf_core) for _printf_core
    printf6.o(i.__0vfprintf$6) refers to usart.o(.text) for fputc
    printf6.o(i.__0vprintf$6) refers to printf6.o(i._printf_core) for _printf_core
    printf6.o(i.__0vprintf$6) refers to usart.o(.text) for fputc
    printf6.o(i.__0vprintf$6) refers to usart.o(.data) for __stdout
    printf6.o(i.__0vsnprintf$6) refers to printf6.o(i._printf_core) for _printf_core
    printf6.o(i.__0vsnprintf$6) refers to printf6.o(i._snputc) for _snputc
    printf6.o(i.__0vsprintf$6) refers to printf6.o(i._printf_core) for _printf_core
    printf6.o(i.__0vsprintf$6) refers to printf6.o(i._sputc) for _sputc
    printf6.o(i._printf_core) refers to printf6.o(i._printf_pre_padding) for _printf_pre_padding
    printf6.o(i._printf_core) refers to uidiv.o(.text) for __aeabi_uidivmod
    printf6.o(i._printf_core) refers to printf6.o(i._printf_post_padding) for _printf_post_padding
    printf7.o(i.__0fprintf$7) refers to printf7.o(i._printf_core) for _printf_core
    printf7.o(i.__0fprintf$7) refers to usart.o(.text) for fputc
    printf7.o(i.__0printf$7) refers to printf7.o(i._printf_core) for _printf_core
    printf7.o(i.__0printf$7) refers to usart.o(.text) for fputc
    printf7.o(i.__0printf$7) refers to usart.o(.data) for __stdout
    printf7.o(i.__0snprintf$7) refers to printf7.o(i._printf_core) for _printf_core
    printf7.o(i.__0snprintf$7) refers to printf7.o(i._snputc) for _snputc
    printf7.o(i.__0sprintf$7) refers to printf7.o(i._printf_core) for _printf_core
    printf7.o(i.__0sprintf$7) refers to printf7.o(i._sputc) for _sputc
    printf7.o(i.__0vfprintf$7) refers to printf7.o(i._printf_core) for _printf_core
    printf7.o(i.__0vfprintf$7) refers to usart.o(.text) for fputc
    printf7.o(i.__0vprintf$7) refers to printf7.o(i._printf_core) for _printf_core
    printf7.o(i.__0vprintf$7) refers to usart.o(.text) for fputc
    printf7.o(i.__0vprintf$7) refers to usart.o(.data) for __stdout
    printf7.o(i.__0vsnprintf$7) refers to printf7.o(i._printf_core) for _printf_core
    printf7.o(i.__0vsnprintf$7) refers to printf7.o(i._snputc) for _snputc
    printf7.o(i.__0vsprintf$7) refers to printf7.o(i._printf_core) for _printf_core
    printf7.o(i.__0vsprintf$7) refers to printf7.o(i._sputc) for _sputc
    printf7.o(i._printf_core) refers to printf7.o(i._printf_pre_padding) for _printf_pre_padding
    printf7.o(i._printf_core) refers to uldiv.o(.text) for __aeabi_uldivmod
    printf7.o(i._printf_core) refers to printf7.o(i._printf_post_padding) for _printf_post_padding
    printf8.o(i.__0fprintf$8) refers to printf8.o(i._printf_core) for _printf_core
    printf8.o(i.__0fprintf$8) refers to usart.o(.text) for fputc
    printf8.o(i.__0printf$8) refers to printf8.o(i._printf_core) for _printf_core
    printf8.o(i.__0printf$8) refers to usart.o(.text) for fputc
    printf8.o(i.__0printf$8) refers to usart.o(.data) for __stdout
    printf8.o(i.__0snprintf$8) refers to printf8.o(i._printf_core) for _printf_core
    printf8.o(i.__0snprintf$8) refers to printf8.o(i._snputc) for _snputc
    printf8.o(i.__0sprintf$8) refers to printf8.o(i._printf_core) for _printf_core
    printf8.o(i.__0sprintf$8) refers to printf8.o(i._sputc) for _sputc
    printf8.o(i.__0vfprintf$8) refers to printf8.o(i._printf_core) for _printf_core
    printf8.o(i.__0vfprintf$8) refers to usart.o(.text) for fputc
    printf8.o(i.__0vprintf$8) refers to printf8.o(i._printf_core) for _printf_core
    printf8.o(i.__0vprintf$8) refers to usart.o(.text) for fputc
    printf8.o(i.__0vprintf$8) refers to usart.o(.data) for __stdout
    printf8.o(i.__0vsnprintf$8) refers to printf8.o(i._printf_core) for _printf_core
    printf8.o(i.__0vsnprintf$8) refers to printf8.o(i._snputc) for _snputc
    printf8.o(i.__0vsprintf$8) refers to printf8.o(i._printf_core) for _printf_core
    printf8.o(i.__0vsprintf$8) refers to printf8.o(i._sputc) for _sputc
    printf8.o(i._printf_core) refers to printf8.o(i._printf_pre_padding) for _printf_pre_padding
    printf8.o(i._printf_core) refers to uldiv.o(.text) for __aeabi_uldivmod
    printf8.o(i._printf_core) refers to printf8.o(i._printf_post_padding) for _printf_post_padding
    printfa.o(i.__0fprintf) refers (Special) to iusefp.o(.text) for __I$use$fp
    printfa.o(i.__0fprintf) refers to printfa.o(i._printf_core) for _printf_core
    printfa.o(i.__0fprintf) refers to usart.o(.text) for fputc
    printfa.o(i.__0printf) refers (Special) to iusefp.o(.text) for __I$use$fp
    printfa.o(i.__0printf) refers to printfa.o(i._printf_core) for _printf_core
    printfa.o(i.__0printf) refers to usart.o(.text) for fputc
    printfa.o(i.__0printf) refers to usart.o(.data) for __stdout
    printfa.o(i.__0snprintf) refers (Special) to iusefp.o(.text) for __I$use$fp
    printfa.o(i.__0snprintf) refers to printfa.o(i._printf_core) for _printf_core
    printfa.o(i.__0snprintf) refers to printfa.o(i._snputc) for _snputc
    printfa.o(i.__0sprintf) refers (Special) to iusefp.o(.text) for __I$use$fp
    printfa.o(i.__0sprintf) refers to printfa.o(i._printf_core) for _printf_core
    printfa.o(i.__0sprintf) refers to printfa.o(i._sputc) for _sputc
    printfa.o(i.__0vfprintf) refers (Special) to iusefp.o(.text) for __I$use$fp
    printfa.o(i.__0vfprintf) refers to printfa.o(i._printf_core) for _printf_core
    printfa.o(i.__0vfprintf) refers to usart.o(.text) for fputc
    printfa.o(i.__0vprintf) refers (Special) to iusefp.o(.text) for __I$use$fp
    printfa.o(i.__0vprintf) refers to printfa.o(i._printf_core) for _printf_core
    printfa.o(i.__0vprintf) refers to usart.o(.text) for fputc
    printfa.o(i.__0vprintf) refers to usart.o(.data) for __stdout
    printfa.o(i.__0vsnprintf) refers (Special) to iusefp.o(.text) for __I$use$fp
    printfa.o(i.__0vsnprintf) refers to printfa.o(i._printf_core) for _printf_core
    printfa.o(i.__0vsnprintf) refers to printfa.o(i._snputc) for _snputc
    printfa.o(i.__0vsprintf) refers (Special) to iusefp.o(.text) for __I$use$fp
    printfa.o(i.__0vsprintf) refers to printfa.o(i._printf_core) for _printf_core
    printfa.o(i.__0vsprintf) refers to printfa.o(i._sputc) for _sputc
    printfa.o(i._fp_digits) refers (Special) to iusefp.o(.text) for __I$use$fp
    printfa.o(i._fp_digits) refers to dmul.o(.text) for __aeabi_dmul
    printfa.o(i._fp_digits) refers to ddiv.o(.text) for __aeabi_ddiv
    printfa.o(i._fp_digits) refers to cdrcmple.o(.text) for __aeabi_cdrcmple
    printfa.o(i._fp_digits) refers to dadd.o(.text) for __aeabi_dadd
    printfa.o(i._fp_digits) refers to dfixul.o(.text) for __aeabi_d2ulz
    printfa.o(i._fp_digits) refers to uldiv.o(.text) for __aeabi_uldivmod
    printfa.o(i._printf_core) refers (Special) to iusefp.o(.text) for __I$use$fp
    printfa.o(i._printf_core) refers to printfa.o(i._printf_pre_padding) for _printf_pre_padding
    printfa.o(i._printf_core) refers to uldiv.o(.text) for __aeabi_uldivmod
    printfa.o(i._printf_core) refers to printfa.o(i._printf_post_padding) for _printf_post_padding
    printfa.o(i._printf_core) refers to printfa.o(i._fp_digits) for _fp_digits
    printfa.o(i._printf_core) refers to uidiv.o(.text) for __aeabi_uidivmod
    printfa.o(i._printf_post_padding) refers (Special) to iusefp.o(.text) for __I$use$fp
    printfa.o(i._printf_pre_padding) refers (Special) to iusefp.o(.text) for __I$use$fp
    printfa.o(i._snputc) refers (Special) to iusefp.o(.text) for __I$use$fp
    printfa.o(i._sputc) refers (Special) to iusefp.o(.text) for __I$use$fp
    fadd.o(.text) refers (Special) to iusefp.o(.text) for __I$use$fp
    fadd.o(.text) refers to fepilogue.o(.text) for _float_epilogue
    fmul.o(.text) refers (Special) to iusefp.o(.text) for __I$use$fp
    fdiv.o(.text) refers (Special) to iusefp.o(.text) for __I$use$fp
    fdiv.o(.text) refers to fepilogue.o(.text) for _float_round
    dadd.o(.text) refers (Special) to iusefp.o(.text) for __I$use$fp
    dadd.o(.text) refers to llshl.o(.text) for __aeabi_llsl
    dadd.o(.text) refers to llsshr.o(.text) for __aeabi_lasr
    dadd.o(.text) refers to depilogue.o(.text) for _double_epilogue
    dmul.o(.text) refers (Special) to iusefp.o(.text) for __I$use$fp
    dmul.o(.text) refers to depilogue.o(.text) for _double_epilogue
    ddiv.o(.text) refers (Special) to iusefp.o(.text) for __I$use$fp
    ddiv.o(.text) refers to depilogue.o(.text) for _double_round
    fflti.o(.text) refers (Special) to iusefp.o(.text) for __I$use$fp
    fflti.o(.text) refers to fepilogue.o(.text) for _float_epilogue
    ffltui.o(.text) refers (Special) to iusefp.o(.text) for __I$use$fp
    ffltui.o(.text) refers to fepilogue.o(.text) for _float_epilogue
    dflti.o(.text) refers (Special) to iusefp.o(.text) for __I$use$fp
    dflti.o(.text) refers to depilogue.o(.text) for _double_epilogue
    ffixi.o(.text) refers (Special) to iusefp.o(.text) for __I$use$fp
    ffixui.o(.text) refers (Special) to iusefp.o(.text) for __I$use$fp
    dfixui.o(.text) refers (Special) to iusefp.o(.text) for __I$use$fp
    dfixui.o(.text) refers to llushr.o(.text) for __aeabi_llsr
    f2d.o(.text) refers (Special) to iusefp.o(.text) for __I$use$fp
    cdcmple.o(.text) refers (Special) to iusefp.o(.text) for __I$use$fp
    cdrcmple.o(.text) refers (Special) to iusefp.o(.text) for __I$use$fp
    d2f.o(.text) refers (Special) to iusefp.o(.text) for __I$use$fp
    d2f.o(.text) refers to fepilogue.o(.text) for _float_round
    cfcmple.o(.text) refers (Special) to iusefp.o(.text) for __I$use$fp
    cfrcmple.o(.text) refers (Special) to iusefp.o(.text) for __I$use$fp
    entry2.o(.ARM.Collect$$$$00000001) refers to entry2.o(.ARM.Collect$$$$00002712) for __lit__00000000
    entry2.o(.ARM.Collect$$$$00002712) refers to startup_stm32f10x_md.o(STACK) for __initial_sp
    entry2.o(__vectab_stack_and_reset_area) refers to startup_stm32f10x_md.o(STACK) for __initial_sp
    entry2.o(__vectab_stack_and_reset_area) refers to entry.o(.ARM.Collect$$$$00000000) for __main
    entry5.o(.ARM.Collect$$$$00000004) refers to init.o(.text) for __scatterload
    entry9a.o(.ARM.Collect$$$$0000000B) refers to main.o(.text) for main
    entry9b.o(.ARM.Collect$$$$0000000C) refers to main.o(.text) for main
    uldiv.o(.text) refers to llushr.o(.text) for __aeabi_llsr
    uldiv.o(.text) refers to llshl.o(.text) for __aeabi_llsl
    errno.o(i.__aeabi_errno_addr) refers to errno.o(.data) for .data
    errno.o(i.__read_errno) refers to errno.o(.data) for .data
    errno.o(i.__set_errno) refers to errno.o(.data) for .data
    strtod.o(.text) refers to scanf_fp.o(.text) for _scanf_real
    strtod.o(.text) refers to _sgetc.o(.text) for _sgetc
    strtod.o(.text) refers to isspace_c.o(.text) for isspace
    depilogue.o(.text) refers to llshl.o(.text) for __aeabi_llsl
    depilogue.o(.text) refers to llushr.o(.text) for __aeabi_llsr
    dfixul.o(.text) refers to llushr.o(.text) for __aeabi_llsr
    dfixul.o(.text) refers to llshl.o(.text) for __aeabi_llsl
    init.o(.text) refers to entry5.o(.ARM.Collect$$$$00000004) for __main_after_scatterload
    isspace_c.o(.text) refers to ctype_c.o(.text) for __ctype_lookup
    scanf_fp.o(.text) refers (Special) to iusefp.o(.text) for __I$use$fp
    scanf_fp.o(.text) refers to dfltul.o(.text) for __aeabi_ul2d
    scanf_fp.o(.text) refers to dmul.o(.text) for __aeabi_dmul
    scanf_fp.o(.text) refers to ddiv.o(.text) for __aeabi_ddiv
    scanf_fp.o(.text) refers to scanf_fp.o(i._is_digit) for _is_digit
    scanf_fp.o(.text) refers to d2f.o(.text) for __aeabi_d2f
    ctype_c.o(.text) refers to ctype_c.o(.constdata) for .constdata
    dfltul.o(.text) refers to depilogue.o(.text) for _double_epilogue
    scanf_fp.o(i._is_digit) refers (Special) to iusefp.o(.text) for __I$use$fp


==============================================================================

Removing Unused input sections from the image.

    Removing core_cm3.o(.emb_text), (32 bytes).
    Removing startup_stm32f10x_md.o(HEAP), (512 bytes).
    Removing stm32f10x_dma.o(.text), (596 bytes).
    Removing tft.o(.text), (4760 bytes).
    Removing tft.o(.bss), (1280 bytes).
    Removing tft.o(.data), (18 bytes).
    Removing font.o(.constdata), (1520 bytes).
    Removing dflti.o(.text), (34 bytes).
    Removing ffixi.o(.text), (50 bytes).
    Removing ffixui.o(.text), (40 bytes).
    Removing cfcmple.o(.text), (20 bytes).
    Removing cfrcmple.o(.text), (20 bytes).

12 unused section(s) (total 8882 bytes) removed from the image.

==============================================================================

Image Symbol Table

    Local Symbols

    Symbol Name                              Value     Ov Type        Size  Object(Section)

    ../clib/../cmprslib/zerorunl2.c          0x00000000   Number         0  __dczerorl2.o ABSOLUTE
    ../clib/microlib/ctype/ctype.c           0x00000000   Number         0  ctype_c.o ABSOLUTE
    ../clib/microlib/ctype/ctype.c           0x00000000   Number         0  isspace_c.o ABSOLUTE
    ../clib/microlib/division.c              0x00000000   Number         0  uldiv.o ABSOLUTE
    ../clib/microlib/division.c              0x00000000   Number         0  uidiv.o ABSOLUTE
    ../clib/microlib/errno.c                 0x00000000   Number         0  errno.o ABSOLUTE
    ../clib/microlib/init/entry.s            0x00000000   Number         0  entry9a.o ABSOLUTE
    ../clib/microlib/init/entry.s            0x00000000   Number         0  entry9b.o ABSOLUTE
    ../clib/microlib/init/entry.s            0x00000000   Number         0  entry11b.o ABSOLUTE
    ../clib/microlib/init/entry.s            0x00000000   Number         0  entry10a.o ABSOLUTE
    ../clib/microlib/init/entry.s            0x00000000   Number         0  entry11a.o ABSOLUTE
    ../clib/microlib/init/entry.s            0x00000000   Number         0  entry8b.o ABSOLUTE
    ../clib/microlib/init/entry.s            0x00000000   Number         0  entry8a.o ABSOLUTE
    ../clib/microlib/init/entry.s            0x00000000   Number         0  entry7b.o ABSOLUTE
    ../clib/microlib/init/entry.s            0x00000000   Number         0  entry10b.o ABSOLUTE
    ../clib/microlib/init/entry.s            0x00000000   Number         0  entry5.o ABSOLUTE
    ../clib/microlib/init/entry.s            0x00000000   Number         0  entry2.o ABSOLUTE
    ../clib/microlib/init/entry.s            0x00000000   Number         0  entry.o ABSOLUTE
    ../clib/microlib/init/entry.s            0x00000000   Number         0  entry7a.o ABSOLUTE
    ../clib/microlib/longlong.c              0x00000000   Number         0  llsshr.o ABSOLUTE
    ../clib/microlib/longlong.c              0x00000000   Number         0  llshl.o ABSOLUTE
    ../clib/microlib/longlong.c              0x00000000   Number         0  llushr.o ABSOLUTE
    ../clib/microlib/printf/printf.c         0x00000000   Number         0  printf3.o ABSOLUTE
    ../clib/microlib/printf/printf.c         0x00000000   Number         0  printf4.o ABSOLUTE
    ../clib/microlib/printf/printf.c         0x00000000   Number         0  printf1.o ABSOLUTE
    ../clib/microlib/printf/printf.c         0x00000000   Number         0  printf5.o ABSOLUTE
    ../clib/microlib/printf/printf.c         0x00000000   Number         0  printf6.o ABSOLUTE
    ../clib/microlib/printf/printf.c         0x00000000   Number         0  printf7.o ABSOLUTE
    ../clib/microlib/printf/printf.c         0x00000000   Number         0  printf8.o ABSOLUTE
    ../clib/microlib/printf/printf.c         0x00000000   Number         0  printfa.o ABSOLUTE
    ../clib/microlib/printf/printf.c         0x00000000   Number         0  printf0.o ABSOLUTE
    ../clib/microlib/printf/printf.c         0x00000000   Number         0  printf2.o ABSOLUTE
    ../clib/microlib/printf/printf.c         0x00000000   Number         0  printfb.o ABSOLUTE
    ../clib/microlib/printf/stubs.s          0x00000000   Number         0  stubs.o ABSOLUTE
    ../clib/microlib/stubs.s                 0x00000000   Number         0  useno.o ABSOLUTE
    ../clib/microlib/stubs.s                 0x00000000   Number         0  iusefp.o ABSOLUTE
    ../clib/scanf.c                          0x00000000   Number         0  _sgetc.o ABSOLUTE
    ../clib/scanf.c                          0x00000000   Number         0  strtod.o ABSOLUTE
    ../clib/scanf.c                          0x00000000   Number         0  scanf_fp.o ABSOLUTE
    ../fplib/microlib/d2f.c                  0x00000000   Number         0  d2f.o ABSOLUTE
    ../fplib/microlib/f2d.c                  0x00000000   Number         0  f2d.o ABSOLUTE
    ../fplib/microlib/fpadd.c                0x00000000   Number         0  fadd.o ABSOLUTE
    ../fplib/microlib/fpadd.c                0x00000000   Number         0  dadd.o ABSOLUTE
    ../fplib/microlib/fpdiv.c                0x00000000   Number         0  ddiv.o ABSOLUTE
    ../fplib/microlib/fpdiv.c                0x00000000   Number         0  fdiv.o ABSOLUTE
    ../fplib/microlib/fpepilogue.c           0x00000000   Number         0  depilogue.o ABSOLUTE
    ../fplib/microlib/fpepilogue.c           0x00000000   Number         0  fepilogue.o ABSOLUTE
    ../fplib/microlib/fpfix.c                0x00000000   Number         0  ffixui.o ABSOLUTE
    ../fplib/microlib/fpfix.c                0x00000000   Number         0  dfixui.o ABSOLUTE
    ../fplib/microlib/fpfix.c                0x00000000   Number         0  dfixul.o ABSOLUTE
    ../fplib/microlib/fpfix.c                0x00000000   Number         0  ffixi.o ABSOLUTE
    ../fplib/microlib/fpflt.c                0x00000000   Number         0  dfltul.o ABSOLUTE
    ../fplib/microlib/fpflt.c                0x00000000   Number         0  fflti.o ABSOLUTE
    ../fplib/microlib/fpflt.c                0x00000000   Number         0  ffltui.o ABSOLUTE
    ../fplib/microlib/fpflt.c                0x00000000   Number         0  dflti.o ABSOLUTE
    ../fplib/microlib/fpmul.c                0x00000000   Number         0  dmul.o ABSOLUTE
    ../fplib/microlib/fpmul.c                0x00000000   Number         0  fmul.o ABSOLUTE
    ../mathlib/atof.c                        0x00000000   Number         0  atof.o ABSOLUTE
    BOARD\24CXX\_24cxx.c                     0x00000000   Number         0  _24cxx.o ABSOLUTE
    BOARD\I2C\iic.c                          0x00000000   Number         0  iic.o ABSOLUTE
    BOARD\TIM\timer.c                        0x00000000   Number         0  timer.o ABSOLUTE
    BOARD\encoder\encoder.c                  0x00000000   Number         0  encoder.o ABSOLUTE
    BOARD\key\key.c                          0x00000000   Number         0  key.o ABSOLUTE
    BOARD\led\led.c                          0x00000000   Number         0  led.o ABSOLUTE
    BOARD\spi\spi.c                          0x00000000   Number         0  spi.o ABSOLUTE
    BOARD\spi_2\spi_2.c                      0x00000000   Number         0  spi_2.o ABSOLUTE
    BOARD\tft\font.c                         0x00000000   Number         0  font.o ABSOLUTE
    BOARD\tft\tft.c                          0x00000000   Number         0  tft.o ABSOLUTE
    CORE\\core_cm3.c                         0x00000000   Number         0  core_cm3.o ABSOLUTE
    CORE\core_cm3.c                          0x00000000   Number         0  core_cm3.o ABSOLUTE
    CORE\startup_stm32f10x_md.s              0x00000000   Number         0  startup_stm32f10x_md.o ABSOLUTE
    STM32F10x_FWLib\src\misc.c               0x00000000   Number         0  misc.o ABSOLUTE
    STM32F10x_FWLib\src\stm32f10x_dma.c      0x00000000   Number         0  stm32f10x_dma.o ABSOLUTE
    STM32F10x_FWLib\src\stm32f10x_exti.c     0x00000000   Number         0  stm32f10x_exti.o ABSOLUTE
    STM32F10x_FWLib\src\stm32f10x_gpio.c     0x00000000   Number         0  stm32f10x_gpio.o ABSOLUTE
    STM32F10x_FWLib\src\stm32f10x_rcc.c      0x00000000   Number         0  stm32f10x_rcc.o ABSOLUTE
    STM32F10x_FWLib\src\stm32f10x_tim.c      0x00000000   Number         0  stm32f10x_tim.o ABSOLUTE
    STM32F10x_FWLib\src\stm32f10x_usart.c    0x00000000   Number         0  stm32f10x_usart.o ABSOLUTE
    SYSTEM\delay\delay.c                     0x00000000   Number         0  delay.o ABSOLUTE
    SYSTEM\sys\sys.c                         0x00000000   Number         0  sys.o ABSOLUTE
    SYSTEM\usart\usart.c                     0x00000000   Number         0  usart.o ABSOLUTE
    USER\main.c                              0x00000000   Number         0  main.o ABSOLUTE
    USER\stm32f10x_it.c                      0x00000000   Number         0  stm32f10x_it.o ABSOLUTE
    USER\system_stm32f10x.c                  0x00000000   Number         0  system_stm32f10x.o ABSOLUTE
    cdcmple.s                                0x00000000   Number         0  cdcmple.o ABSOLUTE
    cdrcmple.s                               0x00000000   Number         0  cdrcmple.o ABSOLUTE
    cfcmple.s                                0x00000000   Number         0  cfcmple.o ABSOLUTE
    cfrcmple.s                               0x00000000   Number         0  cfrcmple.o ABSOLUTE
    dc.s                                     0x00000000   Number         0  dc.o ABSOLUTE
    handlers.s                               0x00000000   Number         0  handlers.o ABSOLUTE
    init.s                                   0x00000000   Number         0  init.o ABSOLUTE
    RESET                                    0x08000000   Section      236  startup_stm32f10x_md.o(RESET)
    .ARM.Collect$$$$00000000                 0x080000ec   Section        0  entry.o(.ARM.Collect$$$$00000000)
    .ARM.Collect$$$$00000001                 0x080000ec   Section        4  entry2.o(.ARM.Collect$$$$00000001)
    .ARM.Collect$$$$00000004                 0x080000f0   Section        4  entry5.o(.ARM.Collect$$$$00000004)
    .ARM.Collect$$$$00000008                 0x080000f4   Section        0  entry7b.o(.ARM.Collect$$$$00000008)
    .ARM.Collect$$$$0000000A                 0x080000f4   Section        0  entry8b.o(.ARM.Collect$$$$0000000A)
    .ARM.Collect$$$$0000000B                 0x080000f4   Section        8  entry9a.o(.ARM.Collect$$$$0000000B)
    .ARM.Collect$$$$0000000D                 0x080000fc   Section        0  entry10a.o(.ARM.Collect$$$$0000000D)
    .ARM.Collect$$$$0000000F                 0x080000fc   Section        0  entry11a.o(.ARM.Collect$$$$0000000F)
    .ARM.Collect$$$$00002712                 0x080000fc   Section        4  entry2.o(.ARM.Collect$$$$00002712)
    __lit__00000000                          0x080000fc   Data           4  entry2.o(.ARM.Collect$$$$00002712)
    .text                                    0x08000100   Section       36  startup_stm32f10x_md.o(.text)
    .text                                    0x08000124   Section        0  main.o(.text)
    .text                                    0x0800069c   Section        0  stm32f10x_it.o(.text)
    .text                                    0x080006b8   Section        0  system_stm32f10x.o(.text)
    SetSysClockTo72                          0x080006b9   Thumb Code   214  system_stm32f10x.o(.text)
    SetSysClock                              0x0800078f   Thumb Code     8  system_stm32f10x.o(.text)
    .text                                    0x08000898   Section        0  misc.o(.text)
    .text                                    0x08000974   Section        0  stm32f10x_gpio.o(.text)
    .text                                    0x08000cd0   Section        0  stm32f10x_rcc.o(.text)
    .text                                    0x08001074   Section        0  stm32f10x_usart.o(.text)
    .text                                    0x0800147c   Section        0  stm32f10x_exti.o(.text)
    .text                                    0x08001598   Section        0  stm32f10x_tim.o(.text)
    TI4_Config                               0x08001a3f   Thumb Code   130  stm32f10x_tim.o(.text)
    TI3_Config                               0x08001ad3   Thumb Code   122  stm32f10x_tim.o(.text)
    TI2_Config                               0x08001b67   Thumb Code   130  stm32f10x_tim.o(.text)
    TI1_Config                               0x08001bfb   Thumb Code   108  stm32f10x_tim.o(.text)
    .text                                    0x080023b4   Section        0  delay.o(.text)
    .text                                    0x08002494   Section        0  sys.o(.text)
    .text                                    0x080024a0   Section        0  usart.o(.text)
    .text                                    0x080025ec   Section        0  key.o(.text)
    .text                                    0x080026e8   Section        0  encoder.o(.text)
    .text                                    0x080027e8   Section        0  timer.o(.text)
    .text                                    0x08002970   Section        0  _24cxx.o(.text)
    .text                                    0x08002b1c   Section        0  iic.o(.text)
    .text                                    0x08002dc4   Section        0  spi.o(.text)
    .text                                    0x08003018   Section        0  led.o(.text)
    .text                                    0x08003044   Section        0  spi_2.o(.text)
    .text                                    0x0800320c   Section        0  fadd.o(.text)
    .text                                    0x080032bc   Section        0  fmul.o(.text)
    .text                                    0x08003320   Section        0  fdiv.o(.text)
    .text                                    0x0800339c   Section        0  dadd.o(.text)
    .text                                    0x080034ea   Section        0  dmul.o(.text)
    .text                                    0x080035ce   Section        0  ddiv.o(.text)
    .text                                    0x080036ac   Section        0  fflti.o(.text)
    .text                                    0x080036be   Section        0  ffltui.o(.text)
    .text                                    0x080036c8   Section        0  dfixui.o(.text)
    .text                                    0x080036fa   Section        0  f2d.o(.text)
    .text                                    0x08003720   Section       48  cdcmple.o(.text)
    .text                                    0x08003750   Section       48  cdrcmple.o(.text)
    .text                                    0x08003780   Section        0  d2f.o(.text)
    .text                                    0x080037b8   Section        0  uidiv.o(.text)
    .text                                    0x080037e4   Section        0  uldiv.o(.text)
    .text                                    0x08003846   Section        0  llshl.o(.text)
    .text                                    0x08003864   Section        0  llushr.o(.text)
    .text                                    0x08003884   Section        0  llsshr.o(.text)
    .text                                    0x080038a8   Section        0  strtod.o(.text)
    _local_sscanf                            0x080038a9   Thumb Code    54  strtod.o(.text)
    .text                                    0x08003944   Section        0  iusefp.o(.text)
    .text                                    0x08003944   Section        0  fepilogue.o(.text)
    .text                                    0x080039b2   Section        0  depilogue.o(.text)
    .text                                    0x08003a6c   Section        0  dfixul.o(.text)
    .text                                    0x08003a9c   Section       36  init.o(.text)
    .text                                    0x08003ac0   Section        0  isspace_c.o(.text)
    .text                                    0x08003acc   Section        0  scanf_fp.o(.text)
    _fp_value                                0x08003acd   Thumb Code   296  scanf_fp.o(.text)
    .text                                    0x08003e2c   Section        0  _sgetc.o(.text)
    .text                                    0x08003e6c   Section        0  ctype_c.o(.text)
    .text                                    0x08003e94   Section        0  dfltul.o(.text)
    .text                                    0x08003eac   Section        0  __dczerorl2.o(.text)
    i.__0printf                              0x08003f04   Section        0  printfa.o(i.__0printf)
    i.__read_errno                           0x08003f24   Section        0  errno.o(i.__read_errno)
    i.__scatterload_copy                     0x08003f30   Section       14  handlers.o(i.__scatterload_copy)
    i.__scatterload_null                     0x08003f3e   Section        2  handlers.o(i.__scatterload_null)
    i.__scatterload_zeroinit                 0x08003f40   Section       14  handlers.o(i.__scatterload_zeroinit)
    i.__set_errno                            0x08003f50   Section        0  errno.o(i.__set_errno)
    i._fp_digits                             0x08003f5c   Section        0  printfa.o(i._fp_digits)
    _fp_digits                               0x08003f5d   Thumb Code   366  printfa.o(i._fp_digits)
    i._is_digit                              0x080040e0   Section        0  scanf_fp.o(i._is_digit)
    i._printf_core                           0x080040f0   Section        0  printfa.o(i._printf_core)
    _printf_core                             0x080040f1   Thumb Code  1744  printfa.o(i._printf_core)
    i._printf_post_padding                   0x080047cc   Section        0  printfa.o(i._printf_post_padding)
    _printf_post_padding                     0x080047cd   Thumb Code    36  printfa.o(i._printf_post_padding)
    i._printf_pre_padding                    0x080047f0   Section        0  printfa.o(i._printf_pre_padding)
    _printf_pre_padding                      0x080047f1   Thumb Code    46  printfa.o(i._printf_pre_padding)
    i.atof                                   0x0800481e   Section        0  atof.o(i.atof)
    .constdata                               0x08004848   Section       64  ctype_c.o(.constdata)
    .data                                    0x20000000   Section      444  main.o(.data)
    .data                                    0x200001bc   Section       20  system_stm32f10x.o(.data)
    .data                                    0x200001d0   Section       20  stm32f10x_rcc.o(.data)
    APBAHBPrescTable                         0x200001d0   Data          16  stm32f10x_rcc.o(.data)
    ADCPrescTable                            0x200001e0   Data           4  stm32f10x_rcc.o(.data)
    .data                                    0x200001e4   Section        4  delay.o(.data)
    fac_us                                   0x200001e4   Data           1  delay.o(.data)
    fac_ms                                   0x200001e6   Data           2  delay.o(.data)
    .data                                    0x200001e8   Section       10  usart.o(.data)
    .data                                    0x200001f2   Section        9  key.o(.data)
    .data                                    0x200001fc   Section        4  encoder.o(.data)
    .data                                    0x20000200   Section        3  timer.o(.data)
    .data                                    0x20000204   Section        4  errno.o(.data)
    _errno                                   0x20000204   Data           4  errno.o(.data)
    .bss                                     0x20000208   Section       80  main.o(.bss)
    .bss                                     0x20000258   Section       20  usart.o(.bss)
    STACK                                    0x20000270   Section     1024  startup_stm32f10x_md.o(STACK)

    Global Symbols

    Symbol Name                              Value     Ov Type        Size  Object(Section)

    BuildAttributes$$THM_ISAv4$P$D$K$B$S$PE$A:L22UL41UL21$X:L11$S22US41US21$IEEE1$IW$USESV6$~STKCKD$USESV7$~SHL$OTIME$ROPI$IEEEJ$EBA8$MICROLIB$REQ8$PRES8$EABIv2 0x00000000   Number         0  anon$$obj.o ABSOLUTE
    __ARM_use_no_argv                        0x00000000   Number         0  main.o ABSOLUTE
    __use_no_errno                           0x00000000   Number         0  useno.o ABSOLUTE
    __use_no_exception_handling              0x00000000   Number         0  useno.o ABSOLUTE
    __use_no_fp                              0x00000000   Number         0  useno.o ABSOLUTE
    __use_no_heap                            0x00000000   Number         0  useno.o ABSOLUTE
    __use_no_heap_region                     0x00000000   Number         0  useno.o ABSOLUTE
    __use_no_semihosting                     0x00000000   Number         0  useno.o ABSOLUTE
    __use_no_semihosting_swi                 0x00000000   Number         0  useno.o ABSOLUTE
    __use_no_signal_handling                 0x00000000   Number         0  useno.o ABSOLUTE
    _printf_a                                0x00000000   Number         0  stubs.o ABSOLUTE
    _printf_c                                0x00000000   Number         0  stubs.o ABSOLUTE
    _printf_charcount                        0x00000000   Number         0  stubs.o ABSOLUTE
    _printf_d                                0x00000000   Number         0  stubs.o ABSOLUTE
    _printf_e                                0x00000000   Number         0  stubs.o ABSOLUTE
    _printf_f                                0x00000000   Number         0  stubs.o ABSOLUTE
    _printf_flags                            0x00000000   Number         0  stubs.o ABSOLUTE
    _printf_fp_dec                           0x00000000   Number         0  stubs.o ABSOLUTE
    _printf_fp_hex                           0x00000000   Number         0  stubs.o ABSOLUTE
    _printf_g                                0x00000000   Number         0  stubs.o ABSOLUTE
    _printf_i                                0x00000000   Number         0  stubs.o ABSOLUTE
    _printf_int_dec                          0x00000000   Number         0  stubs.o ABSOLUTE
    _printf_l                                0x00000000   Number         0  stubs.o ABSOLUTE
    _printf_lc                               0x00000000   Number         0  stubs.o ABSOLUTE
    _printf_ll                               0x00000000   Number         0  stubs.o ABSOLUTE
    _printf_lld                              0x00000000   Number         0  stubs.o ABSOLUTE
    _printf_lli                              0x00000000   Number         0  stubs.o ABSOLUTE
    _printf_llo                              0x00000000   Number         0  stubs.o ABSOLUTE
    _printf_llu                              0x00000000   Number         0  stubs.o ABSOLUTE
    _printf_llx                              0x00000000   Number         0  stubs.o ABSOLUTE
    _printf_longlong_dec                     0x00000000   Number         0  stubs.o ABSOLUTE
    _printf_longlong_hex                     0x00000000   Number         0  stubs.o ABSOLUTE
    _printf_longlong_oct                     0x00000000   Number         0  stubs.o ABSOLUTE
    _printf_ls                               0x00000000   Number         0  stubs.o ABSOLUTE
    _printf_mbtowc                           0x00000000   Number         0  stubs.o ABSOLUTE
    _printf_n                                0x00000000   Number         0  stubs.o ABSOLUTE
    _printf_o                                0x00000000   Number         0  stubs.o ABSOLUTE
    _printf_p                                0x00000000   Number         0  stubs.o ABSOLUTE
    _printf_percent                          0x00000000   Number         0  stubs.o ABSOLUTE
    _printf_pre_padding                      0x00000000   Number         0  stubs.o ABSOLUTE
    _printf_return_value                     0x00000000   Number         0  stubs.o ABSOLUTE
    _printf_s                                0x00000000   Number         0  stubs.o ABSOLUTE
    _printf_sizespec                         0x00000000   Number         0  stubs.o ABSOLUTE
    _printf_str                              0x00000000   Number         0  stubs.o ABSOLUTE
    _printf_truncate_signed                  0x00000000   Number         0  stubs.o ABSOLUTE
    _printf_truncate_unsigned                0x00000000   Number         0  stubs.o ABSOLUTE
    _printf_u                                0x00000000   Number         0  stubs.o ABSOLUTE
    _printf_wc                               0x00000000   Number         0  stubs.o ABSOLUTE
    _printf_wctomb                           0x00000000   Number         0  stubs.o ABSOLUTE
    _printf_widthprec                        0x00000000   Number         0  stubs.o ABSOLUTE
    _printf_x                                0x00000000   Number         0  stubs.o ABSOLUTE
    __cpp_initialize__aeabi_                  - Undefined Weak Reference
    __cxa_finalize                            - Undefined Weak Reference
    _clock_init                               - Undefined Weak Reference
    _microlib_exit                            - Undefined Weak Reference
    __Vectors_Size                           0x000000ec   Number         0  startup_stm32f10x_md.o ABSOLUTE
    __Vectors                                0x08000000   Data           4  startup_stm32f10x_md.o(RESET)
    __Vectors_End                            0x080000ec   Data           0  startup_stm32f10x_md.o(RESET)
    __main                                   0x080000ed   Thumb Code     0  entry.o(.ARM.Collect$$$$00000000)
    _main_stk                                0x080000ed   Thumb Code     0  entry2.o(.ARM.Collect$$$$00000001)
    _main_scatterload                        0x080000f1   Thumb Code     0  entry5.o(.ARM.Collect$$$$00000004)
    __main_after_scatterload                 0x080000f5   Thumb Code     0  entry5.o(.ARM.Collect$$$$00000004)
    _main_clock                              0x080000f5   Thumb Code     0  entry7b.o(.ARM.Collect$$$$00000008)
    _main_cpp_init                           0x080000f5   Thumb Code     0  entry8b.o(.ARM.Collect$$$$0000000A)
    _main_init                               0x080000f5   Thumb Code     0  entry9a.o(.ARM.Collect$$$$0000000B)
    __rt_final_cpp                           0x080000fd   Thumb Code     0  entry10a.o(.ARM.Collect$$$$0000000D)
    __rt_final_exit                          0x080000fd   Thumb Code     0  entry11a.o(.ARM.Collect$$$$0000000F)
    Reset_Handler                            0x08000101   Thumb Code     8  startup_stm32f10x_md.o(.text)
    ADC1_2_IRQHandler                        0x0800011b   Thumb Code     0  startup_stm32f10x_md.o(.text)
    CAN1_RX1_IRQHandler                      0x0800011b   Thumb Code     0  startup_stm32f10x_md.o(.text)
    CAN1_SCE_IRQHandler                      0x0800011b   Thumb Code     0  startup_stm32f10x_md.o(.text)
    DMA1_Channel1_IRQHandler                 0x0800011b   Thumb Code     0  startup_stm32f10x_md.o(.text)
    DMA1_Channel2_IRQHandler                 0x0800011b   Thumb Code     0  startup_stm32f10x_md.o(.text)
    DMA1_Channel3_IRQHandler                 0x0800011b   Thumb Code     0  startup_stm32f10x_md.o(.text)
    DMA1_Channel4_IRQHandler                 0x0800011b   Thumb Code     0  startup_stm32f10x_md.o(.text)
    DMA1_Channel5_IRQHandler                 0x0800011b   Thumb Code     0  startup_stm32f10x_md.o(.text)
    DMA1_Channel6_IRQHandler                 0x0800011b   Thumb Code     0  startup_stm32f10x_md.o(.text)
    DMA1_Channel7_IRQHandler                 0x0800011b   Thumb Code     0  startup_stm32f10x_md.o(.text)
    EXTI0_IRQHandler                         0x0800011b   Thumb Code     0  startup_stm32f10x_md.o(.text)
    EXTI15_10_IRQHandler                     0x0800011b   Thumb Code     0  startup_stm32f10x_md.o(.text)
    EXTI1_IRQHandler                         0x0800011b   Thumb Code     0  startup_stm32f10x_md.o(.text)
    EXTI2_IRQHandler                         0x0800011b   Thumb Code     0  startup_stm32f10x_md.o(.text)
    EXTI3_IRQHandler                         0x0800011b   Thumb Code     0  startup_stm32f10x_md.o(.text)
    EXTI4_IRQHandler                         0x0800011b   Thumb Code     0  startup_stm32f10x_md.o(.text)
    FLASH_IRQHandler                         0x0800011b   Thumb Code     0  startup_stm32f10x_md.o(.text)
    I2C1_ER_IRQHandler                       0x0800011b   Thumb Code     0  startup_stm32f10x_md.o(.text)
    I2C1_EV_IRQHandler                       0x0800011b   Thumb Code     0  startup_stm32f10x_md.o(.text)
    I2C2_ER_IRQHandler                       0x0800011b   Thumb Code     0  startup_stm32f10x_md.o(.text)
    I2C2_EV_IRQHandler                       0x0800011b   Thumb Code     0  startup_stm32f10x_md.o(.text)
    PVD_IRQHandler                           0x0800011b   Thumb Code     0  startup_stm32f10x_md.o(.text)
    RCC_IRQHandler                           0x0800011b   Thumb Code     0  startup_stm32f10x_md.o(.text)
    RTCAlarm_IRQHandler                      0x0800011b   Thumb Code     0  startup_stm32f10x_md.o(.text)
    RTC_IRQHandler                           0x0800011b   Thumb Code     0  startup_stm32f10x_md.o(.text)
    SPI1_IRQHandler                          0x0800011b   Thumb Code     0  startup_stm32f10x_md.o(.text)
    SPI2_IRQHandler                          0x0800011b   Thumb Code     0  startup_stm32f10x_md.o(.text)
    TAMPER_IRQHandler                        0x0800011b   Thumb Code     0  startup_stm32f10x_md.o(.text)
    TIM1_BRK_IRQHandler                      0x0800011b   Thumb Code     0  startup_stm32f10x_md.o(.text)
    TIM1_CC_IRQHandler                       0x0800011b   Thumb Code     0  startup_stm32f10x_md.o(.text)
    TIM1_TRG_COM_IRQHandler                  0x0800011b   Thumb Code     0  startup_stm32f10x_md.o(.text)
    TIM1_UP_IRQHandler                       0x0800011b   Thumb Code     0  startup_stm32f10x_md.o(.text)
    TIM4_IRQHandler                          0x0800011b   Thumb Code     0  startup_stm32f10x_md.o(.text)
    USART2_IRQHandler                        0x0800011b   Thumb Code     0  startup_stm32f10x_md.o(.text)
    USART3_IRQHandler                        0x0800011b   Thumb Code     0  startup_stm32f10x_md.o(.text)
    USBWakeUp_IRQHandler                     0x0800011b   Thumb Code     0  startup_stm32f10x_md.o(.text)
    USB_HP_CAN1_TX_IRQHandler                0x0800011b   Thumb Code     0  startup_stm32f10x_md.o(.text)
    USB_LP_CAN1_RX0_IRQHandler               0x0800011b   Thumb Code     0  startup_stm32f10x_md.o(.text)
    WWDG_IRQHandler                          0x0800011b   Thumb Code     0  startup_stm32f10x_md.o(.text)
    BubbleSort                               0x08000125   Thumb Code    72  main.o(.text)
    PD_Sampling                              0x0800016d   Thumb Code    38  main.o(.text)
    PD_Sampling2                             0x08000193   Thumb Code    38  main.o(.text)
    Control                                  0x080001b9   Thumb Code   242  main.o(.text)
    Control2                                 0x080002ab   Thumb Code   244  main.o(.text)
    main                                     0x0800039f   Thumb Code   390  main.o(.text)
    TIM2_IRQHandler                          0x08000525   Thumb Code   368  main.o(.text)
    NMI_Handler                              0x0800069d   Thumb Code     2  stm32f10x_it.o(.text)
    HardFault_Handler                        0x0800069f   Thumb Code     4  stm32f10x_it.o(.text)
    MemManage_Handler                        0x080006a3   Thumb Code     4  stm32f10x_it.o(.text)
    BusFault_Handler                         0x080006a7   Thumb Code     4  stm32f10x_it.o(.text)
    UsageFault_Handler                       0x080006ab   Thumb Code     4  stm32f10x_it.o(.text)
    SVC_Handler                              0x080006af   Thumb Code     2  stm32f10x_it.o(.text)
    DebugMon_Handler                         0x080006b1   Thumb Code     2  stm32f10x_it.o(.text)
    PendSV_Handler                           0x080006b3   Thumb Code     2  stm32f10x_it.o(.text)
    SysTick_Handler                          0x080006b5   Thumb Code     2  stm32f10x_it.o(.text)
    SystemInit                               0x08000797   Thumb Code    78  system_stm32f10x.o(.text)
    SystemCoreClockUpdate                    0x080007e5   Thumb Code   142  system_stm32f10x.o(.text)
    NVIC_PriorityGroupConfig                 0x08000899   Thumb Code    10  misc.o(.text)
    NVIC_Init                                0x080008a3   Thumb Code   100  misc.o(.text)
    NVIC_SetVectorTable                      0x08000907   Thumb Code    14  misc.o(.text)
    NVIC_SystemLPConfig                      0x08000915   Thumb Code    34  misc.o(.text)
    SysTick_CLKSourceConfig                  0x08000937   Thumb Code    40  misc.o(.text)
    GPIO_DeInit                              0x08000975   Thumb Code   172  stm32f10x_gpio.o(.text)
    GPIO_AFIODeInit                          0x08000a21   Thumb Code    20  stm32f10x_gpio.o(.text)
    GPIO_Init                                0x08000a35   Thumb Code   278  stm32f10x_gpio.o(.text)
    GPIO_StructInit                          0x08000b4b   Thumb Code    16  stm32f10x_gpio.o(.text)
    GPIO_ReadInputDataBit                    0x08000b5b   Thumb Code    18  stm32f10x_gpio.o(.text)
    GPIO_ReadInputData                       0x08000b6d   Thumb Code     8  stm32f10x_gpio.o(.text)
    GPIO_ReadOutputDataBit                   0x08000b75   Thumb Code    18  stm32f10x_gpio.o(.text)
    GPIO_ReadOutputData                      0x08000b87   Thumb Code     8  stm32f10x_gpio.o(.text)
    GPIO_SetBits                             0x08000b8f   Thumb Code     4  stm32f10x_gpio.o(.text)
    GPIO_ResetBits                           0x08000b93   Thumb Code     4  stm32f10x_gpio.o(.text)
    GPIO_WriteBit                            0x08000b97   Thumb Code    10  stm32f10x_gpio.o(.text)
    GPIO_Write                               0x08000ba1   Thumb Code     4  stm32f10x_gpio.o(.text)
    GPIO_PinLockConfig                       0x08000ba5   Thumb Code    18  stm32f10x_gpio.o(.text)
    GPIO_EventOutputConfig                   0x08000bb7   Thumb Code    26  stm32f10x_gpio.o(.text)
    GPIO_EventOutputCmd                      0x08000bd1   Thumb Code     6  stm32f10x_gpio.o(.text)
    GPIO_PinRemapConfig                      0x08000bd7   Thumb Code   138  stm32f10x_gpio.o(.text)
    GPIO_EXTILineConfig                      0x08000c61   Thumb Code    66  stm32f10x_gpio.o(.text)
    GPIO_ETH_MediaInterfaceConfig            0x08000ca3   Thumb Code     8  stm32f10x_gpio.o(.text)
    RCC_DeInit                               0x08000cd1   Thumb Code    64  stm32f10x_rcc.o(.text)
    RCC_HSEConfig                            0x08000d11   Thumb Code    70  stm32f10x_rcc.o(.text)
    RCC_GetFlagStatus                        0x08000d57   Thumb Code    56  stm32f10x_rcc.o(.text)
    RCC_WaitForHSEStartUp                    0x08000d8f   Thumb Code    56  stm32f10x_rcc.o(.text)
    RCC_AdjustHSICalibrationValue            0x08000dc7   Thumb Code    20  stm32f10x_rcc.o(.text)
    RCC_HSICmd                               0x08000ddb   Thumb Code     6  stm32f10x_rcc.o(.text)
    RCC_PLLConfig                            0x08000de1   Thumb Code    24  stm32f10x_rcc.o(.text)
    RCC_PLLCmd                               0x08000df9   Thumb Code     6  stm32f10x_rcc.o(.text)
    RCC_SYSCLKConfig                         0x08000dff   Thumb Code    18  stm32f10x_rcc.o(.text)
    RCC_GetSYSCLKSource                      0x08000e11   Thumb Code    10  stm32f10x_rcc.o(.text)
    RCC_HCLKConfig                           0x08000e1b   Thumb Code    18  stm32f10x_rcc.o(.text)
    RCC_PCLK1Config                          0x08000e2d   Thumb Code    18  stm32f10x_rcc.o(.text)
    RCC_PCLK2Config                          0x08000e3f   Thumb Code    20  stm32f10x_rcc.o(.text)
    RCC_ITConfig                             0x08000e53   Thumb Code    26  stm32f10x_rcc.o(.text)
    RCC_USBCLKConfig                         0x08000e6d   Thumb Code     8  stm32f10x_rcc.o(.text)
    RCC_ADCCLKConfig                         0x08000e75   Thumb Code    18  stm32f10x_rcc.o(.text)
    RCC_LSEConfig                            0x08000e87   Thumb Code    50  stm32f10x_rcc.o(.text)
    RCC_LSICmd                               0x08000eb9   Thumb Code     6  stm32f10x_rcc.o(.text)
    RCC_RTCCLKConfig                         0x08000ebf   Thumb Code    12  stm32f10x_rcc.o(.text)
    RCC_RTCCLKCmd                            0x08000ecb   Thumb Code     8  stm32f10x_rcc.o(.text)
    RCC_GetClocksFreq                        0x08000ed3   Thumb Code   192  stm32f10x_rcc.o(.text)
    RCC_AHBPeriphClockCmd                    0x08000f93   Thumb Code    26  stm32f10x_rcc.o(.text)
    RCC_APB2PeriphClockCmd                   0x08000fad   Thumb Code    26  stm32f10x_rcc.o(.text)
    RCC_APB1PeriphClockCmd                   0x08000fc7   Thumb Code    26  stm32f10x_rcc.o(.text)
    RCC_APB2PeriphResetCmd                   0x08000fe1   Thumb Code    26  stm32f10x_rcc.o(.text)
    RCC_APB1PeriphResetCmd                   0x08000ffb   Thumb Code    26  stm32f10x_rcc.o(.text)
    RCC_BackupResetCmd                       0x08001015   Thumb Code     8  stm32f10x_rcc.o(.text)
    RCC_ClockSecuritySystemCmd               0x0800101d   Thumb Code     6  stm32f10x_rcc.o(.text)
    RCC_MCOConfig                            0x08001023   Thumb Code     6  stm32f10x_rcc.o(.text)
    RCC_ClearFlag                            0x08001029   Thumb Code    14  stm32f10x_rcc.o(.text)
    RCC_GetITStatus                          0x08001037   Thumb Code    20  stm32f10x_rcc.o(.text)
    RCC_ClearITPendingBit                    0x0800104b   Thumb Code     6  stm32f10x_rcc.o(.text)
    USART_DeInit                             0x08001075   Thumb Code   134  stm32f10x_usart.o(.text)
    USART_Init                               0x080010fb   Thumb Code   210  stm32f10x_usart.o(.text)
    USART_StructInit                         0x080011cd   Thumb Code    24  stm32f10x_usart.o(.text)
    USART_ClockInit                          0x080011e5   Thumb Code    34  stm32f10x_usart.o(.text)
    USART_ClockStructInit                    0x08001207   Thumb Code    12  stm32f10x_usart.o(.text)
    USART_Cmd                                0x08001213   Thumb Code    24  stm32f10x_usart.o(.text)
    USART_ITConfig                           0x0800122b   Thumb Code    74  stm32f10x_usart.o(.text)
    USART_DMACmd                             0x08001275   Thumb Code    18  stm32f10x_usart.o(.text)
    USART_SetAddress                         0x08001287   Thumb Code    18  stm32f10x_usart.o(.text)
    USART_WakeUpConfig                       0x08001299   Thumb Code    18  stm32f10x_usart.o(.text)
    USART_ReceiverWakeUpCmd                  0x080012ab   Thumb Code    24  stm32f10x_usart.o(.text)
    USART_LINBreakDetectLengthConfig         0x080012c3   Thumb Code    18  stm32f10x_usart.o(.text)
    USART_LINCmd                             0x080012d5   Thumb Code    24  stm32f10x_usart.o(.text)
    USART_SendData                           0x080012ed   Thumb Code     8  stm32f10x_usart.o(.text)
    USART_ReceiveData                        0x080012f5   Thumb Code    10  stm32f10x_usart.o(.text)
    USART_SendBreak                          0x080012ff   Thumb Code    10  stm32f10x_usart.o(.text)
    USART_SetGuardTime                       0x08001309   Thumb Code    16  stm32f10x_usart.o(.text)
    USART_SetPrescaler                       0x08001319   Thumb Code    16  stm32f10x_usart.o(.text)
    USART_SmartCardCmd                       0x08001329   Thumb Code    24  stm32f10x_usart.o(.text)
    USART_SmartCardNACKCmd                   0x08001341   Thumb Code    24  stm32f10x_usart.o(.text)
    USART_HalfDuplexCmd                      0x08001359   Thumb Code    24  stm32f10x_usart.o(.text)
    USART_OverSampling8Cmd                   0x08001371   Thumb Code    22  stm32f10x_usart.o(.text)
    USART_OneBitMethodCmd                    0x08001387   Thumb Code    24  stm32f10x_usart.o(.text)
    USART_IrDAConfig                         0x0800139f   Thumb Code    18  stm32f10x_usart.o(.text)
    USART_IrDACmd                            0x080013b1   Thumb Code    24  stm32f10x_usart.o(.text)
    USART_GetFlagStatus                      0x080013c9   Thumb Code    26  stm32f10x_usart.o(.text)
    USART_ClearFlag                          0x080013e3   Thumb Code    18  stm32f10x_usart.o(.text)
    USART_GetITStatus                        0x080013f5   Thumb Code    84  stm32f10x_usart.o(.text)
    USART_ClearITPendingBit                  0x08001449   Thumb Code    52  stm32f10x_usart.o(.text)
    EXTI_DeInit                              0x0800147d   Thumb Code    28  stm32f10x_exti.o(.text)
    EXTI_Init                                0x08001499   Thumb Code   142  stm32f10x_exti.o(.text)
    EXTI_StructInit                          0x08001527   Thumb Code    16  stm32f10x_exti.o(.text)
    EXTI_GenerateSWInterrupt                 0x08001537   Thumb Code    16  stm32f10x_exti.o(.text)
    EXTI_GetFlagStatus                       0x08001547   Thumb Code    22  stm32f10x_exti.o(.text)
    EXTI_ClearFlag                           0x0800155d   Thumb Code     8  stm32f10x_exti.o(.text)
    EXTI_GetITStatus                         0x08001565   Thumb Code    34  stm32f10x_exti.o(.text)
    EXTI_ClearITPendingBit                   0x08001587   Thumb Code     8  stm32f10x_exti.o(.text)
    TIM_DeInit                               0x08001599   Thumb Code   424  stm32f10x_tim.o(.text)
    TIM_TimeBaseInit                         0x08001741   Thumb Code   122  stm32f10x_tim.o(.text)
    TIM_OC1Init                              0x080017bb   Thumb Code   132  stm32f10x_tim.o(.text)
    TIM_OC2Init                              0x0800183f   Thumb Code   154  stm32f10x_tim.o(.text)
    TIM_OC3Init                              0x080018d9   Thumb Code   150  stm32f10x_tim.o(.text)
    TIM_OC4Init                              0x0800196f   Thumb Code   182  stm32f10x_tim.o(.text)
    TIM_SetIC4Prescaler                      0x08001a25   Thumb Code    26  stm32f10x_tim.o(.text)
    TIM_SetIC3Prescaler                      0x08001ac1   Thumb Code    18  stm32f10x_tim.o(.text)
    TIM_SetIC2Prescaler                      0x08001b4d   Thumb Code    26  stm32f10x_tim.o(.text)
    TIM_SetIC1Prescaler                      0x08001be9   Thumb Code    18  stm32f10x_tim.o(.text)
    TIM_ICInit                               0x08001c67   Thumb Code   150  stm32f10x_tim.o(.text)
    TIM_PWMIConfig                           0x08001cfd   Thumb Code   124  stm32f10x_tim.o(.text)
    TIM_BDTRConfig                           0x08001d79   Thumb Code    32  stm32f10x_tim.o(.text)
    TIM_TimeBaseStructInit                   0x08001d99   Thumb Code    18  stm32f10x_tim.o(.text)
    TIM_OCStructInit                         0x08001dab   Thumb Code    20  stm32f10x_tim.o(.text)
    TIM_ICStructInit                         0x08001dbf   Thumb Code    18  stm32f10x_tim.o(.text)
    TIM_BDTRStructInit                       0x08001dd1   Thumb Code    40  stm32f10x_tim.o(.text)
    TIM_Cmd                                  0x08001df9   Thumb Code    24  stm32f10x_tim.o(.text)
    TIM_CtrlPWMOutputs                       0x08001e11   Thumb Code    30  stm32f10x_tim.o(.text)
    TIM_ITConfig                             0x08001e2f   Thumb Code    18  stm32f10x_tim.o(.text)
    TIM_GenerateEvent                        0x08001e41   Thumb Code     4  stm32f10x_tim.o(.text)
    TIM_DMAConfig                            0x08001e45   Thumb Code    10  stm32f10x_tim.o(.text)
    TIM_DMACmd                               0x08001e4f   Thumb Code    18  stm32f10x_tim.o(.text)
    TIM_InternalClockConfig                  0x08001e61   Thumb Code    12  stm32f10x_tim.o(.text)
    TIM_SelectInputTrigger                   0x08001e6d   Thumb Code    18  stm32f10x_tim.o(.text)
    TIM_ITRxExternalClockConfig              0x08001e7f   Thumb Code    24  stm32f10x_tim.o(.text)
    TIM_TIxExternalClockConfig               0x08001e97   Thumb Code    62  stm32f10x_tim.o(.text)
    TIM_ETRConfig                            0x08001ed5   Thumb Code    28  stm32f10x_tim.o(.text)
    TIM_ETRClockMode1Config                  0x08001ef1   Thumb Code    54  stm32f10x_tim.o(.text)
    TIM_ETRClockMode2Config                  0x08001f27   Thumb Code    32  stm32f10x_tim.o(.text)
    TIM_PrescalerConfig                      0x08001f47   Thumb Code     6  stm32f10x_tim.o(.text)
    TIM_CounterModeConfig                    0x08001f4d   Thumb Code    18  stm32f10x_tim.o(.text)
    TIM_EncoderInterfaceConfig               0x08001f5f   Thumb Code    66  stm32f10x_tim.o(.text)
    TIM_ForcedOC1Config                      0x08001fa1   Thumb Code    18  stm32f10x_tim.o(.text)
    TIM_ForcedOC2Config                      0x08001fb3   Thumb Code    26  stm32f10x_tim.o(.text)
    TIM_ForcedOC3Config                      0x08001fcd   Thumb Code    18  stm32f10x_tim.o(.text)
    TIM_ForcedOC4Config                      0x08001fdf   Thumb Code    26  stm32f10x_tim.o(.text)
    TIM_ARRPreloadConfig                     0x08001ff9   Thumb Code    24  stm32f10x_tim.o(.text)
    TIM_SelectCOM                            0x08002011   Thumb Code    24  stm32f10x_tim.o(.text)
    TIM_SelectCCDMA                          0x08002029   Thumb Code    24  stm32f10x_tim.o(.text)
    TIM_CCPreloadControl                     0x08002041   Thumb Code    24  stm32f10x_tim.o(.text)
    TIM_OC1PreloadConfig                     0x08002059   Thumb Code    18  stm32f10x_tim.o(.text)
    TIM_OC2PreloadConfig                     0x0800206b   Thumb Code    26  stm32f10x_tim.o(.text)
    TIM_OC3PreloadConfig                     0x08002085   Thumb Code    18  stm32f10x_tim.o(.text)
    TIM_OC4PreloadConfig                     0x08002097   Thumb Code    26  stm32f10x_tim.o(.text)
    TIM_OC1FastConfig                        0x080020b1   Thumb Code    18  stm32f10x_tim.o(.text)
    TIM_OC2FastConfig                        0x080020c3   Thumb Code    26  stm32f10x_tim.o(.text)
    TIM_OC3FastConfig                        0x080020dd   Thumb Code    18  stm32f10x_tim.o(.text)
    TIM_OC4FastConfig                        0x080020ef   Thumb Code    26  stm32f10x_tim.o(.text)
    TIM_ClearOC1Ref                          0x08002109   Thumb Code    18  stm32f10x_tim.o(.text)
    TIM_ClearOC2Ref                          0x0800211b   Thumb Code    24  stm32f10x_tim.o(.text)
    TIM_ClearOC3Ref                          0x08002133   Thumb Code    18  stm32f10x_tim.o(.text)
    TIM_ClearOC4Ref                          0x08002145   Thumb Code    24  stm32f10x_tim.o(.text)
    TIM_OC1PolarityConfig                    0x0800215d   Thumb Code    18  stm32f10x_tim.o(.text)
    TIM_OC1NPolarityConfig                   0x0800216f   Thumb Code    18  stm32f10x_tim.o(.text)
    TIM_OC2PolarityConfig                    0x08002181   Thumb Code    26  stm32f10x_tim.o(.text)
    TIM_OC2NPolarityConfig                   0x0800219b   Thumb Code    26  stm32f10x_tim.o(.text)
    TIM_OC3PolarityConfig                    0x080021b5   Thumb Code    26  stm32f10x_tim.o(.text)
    TIM_OC3NPolarityConfig                   0x080021cf   Thumb Code    26  stm32f10x_tim.o(.text)
    TIM_OC4PolarityConfig                    0x080021e9   Thumb Code    26  stm32f10x_tim.o(.text)
    TIM_CCxCmd                               0x08002203   Thumb Code    30  stm32f10x_tim.o(.text)
    TIM_CCxNCmd                              0x08002221   Thumb Code    30  stm32f10x_tim.o(.text)
    TIM_SelectOCxM                           0x0800223f   Thumb Code    82  stm32f10x_tim.o(.text)
    TIM_UpdateDisableConfig                  0x08002291   Thumb Code    24  stm32f10x_tim.o(.text)
    TIM_UpdateRequestConfig                  0x080022a9   Thumb Code    24  stm32f10x_tim.o(.text)
    TIM_SelectHallSensor                     0x080022c1   Thumb Code    24  stm32f10x_tim.o(.text)
    TIM_SelectOnePulseMode                   0x080022d9   Thumb Code    18  stm32f10x_tim.o(.text)
    TIM_SelectOutputTrigger                  0x080022eb   Thumb Code    18  stm32f10x_tim.o(.text)
    TIM_SelectSlaveMode                      0x080022fd   Thumb Code    18  stm32f10x_tim.o(.text)
    TIM_SelectMasterSlaveMode                0x0800230f   Thumb Code    18  stm32f10x_tim.o(.text)
    TIM_SetCounter                           0x08002321   Thumb Code     4  stm32f10x_tim.o(.text)
    TIM_SetAutoreload                        0x08002325   Thumb Code     4  stm32f10x_tim.o(.text)
    TIM_SetCompare1                          0x08002329   Thumb Code     4  stm32f10x_tim.o(.text)
    TIM_SetCompare2                          0x0800232d   Thumb Code     4  stm32f10x_tim.o(.text)
    TIM_SetCompare3                          0x08002331   Thumb Code     4  stm32f10x_tim.o(.text)
    TIM_SetCompare4                          0x08002335   Thumb Code     6  stm32f10x_tim.o(.text)
    TIM_SetClockDivision                     0x0800233b   Thumb Code    18  stm32f10x_tim.o(.text)
    TIM_GetCapture1                          0x0800234d   Thumb Code     6  stm32f10x_tim.o(.text)
    TIM_GetCapture2                          0x08002353   Thumb Code     6  stm32f10x_tim.o(.text)
    TIM_GetCapture3                          0x08002359   Thumb Code     6  stm32f10x_tim.o(.text)
    TIM_GetCapture4                          0x0800235f   Thumb Code     8  stm32f10x_tim.o(.text)
    TIM_GetCounter                           0x08002367   Thumb Code     6  stm32f10x_tim.o(.text)
    TIM_GetPrescaler                         0x0800236d   Thumb Code     6  stm32f10x_tim.o(.text)
    TIM_GetFlagStatus                        0x08002373   Thumb Code    18  stm32f10x_tim.o(.text)
    TIM_ClearFlag                            0x08002385   Thumb Code     6  stm32f10x_tim.o(.text)
    TIM_GetITStatus                          0x0800238b   Thumb Code    34  stm32f10x_tim.o(.text)
    TIM_ClearITPendingBit                    0x080023ad   Thumb Code     6  stm32f10x_tim.o(.text)
    delay_init                               0x080023b5   Thumb Code    50  delay.o(.text)
    delay_us                                 0x080023e7   Thumb Code    72  delay.o(.text)
    delay_ms                                 0x0800242f   Thumb Code    72  delay.o(.text)
    Delay                                    0x08002477   Thumb Code    14  delay.o(.text)
    NVIC_Configuration                       0x08002495   Thumb Code    12  sys.o(.text)
    _sys_exit                                0x080024a1   Thumb Code     4  usart.o(.text)
    fputc                                    0x080024a5   Thumb Code    24  usart.o(.text)
    uart_init                                0x080024bd   Thumb Code   164  usart.o(.text)
    USART1_IRQHandler                        0x08002561   Thumb Code   122  usart.o(.text)
    KEY_Init                                 0x080025ed   Thumb Code    64  key.o(.text)
    KEY_Disable                              0x0800262d   Thumb Code     8  key.o(.text)
    TIM3_IRQHandler                          0x08002635   Thumb Code   146  key.o(.text)
    ENCODER_Init                             0x080026e9   Thumb Code   122  encoder.o(.text)
    ENCODER_Disable                          0x08002763   Thumb Code    30  encoder.o(.text)
    EXTI9_5_IRQHandler                       0x08002781   Thumb Code    88  encoder.o(.text)
    TIM2_Init                                0x080027e9   Thumb Code    90  timer.o(.text)
    TIM2_DISABLE                             0x08002843   Thumb Code    40  timer.o(.text)
    TIM3_Init                                0x0800286b   Thumb Code    86  timer.o(.text)
    TIM3_DISABLE                             0x080028c1   Thumb Code    38  timer.o(.text)
    TIM4_Init                                0x080028e7   Thumb Code    88  timer.o(.text)
    TIM4_DISABLE                             0x0800293f   Thumb Code    40  timer.o(.text)
    AT24CXX_Init                             0x08002971   Thumb Code     8  _24cxx.o(.text)
    AT24CXX_ReadOneByte                      0x08002979   Thumb Code    88  _24cxx.o(.text)
    AT24CXX_WriteOneByte                     0x080029d1   Thumb Code    80  _24cxx.o(.text)
    AT24CXX_WriteLenByte                     0x08002a21   Thumb Code    42  _24cxx.o(.text)
    AT24CXX_ReadLenByte                      0x08002a4b   Thumb Code    44  _24cxx.o(.text)
    AT24CXX_Check                            0x08002a77   Thumb Code    46  _24cxx.o(.text)
    AT24CXX_Read                             0x08002aa5   Thumb Code    34  _24cxx.o(.text)
    AT24CXX_Write                            0x08002ac7   Thumb Code    36  _24cxx.o(.text)
    AT24CXX_ErasePage                        0x08002aeb   Thumb Code    48  _24cxx.o(.text)
    IIC_Init                                 0x08002b1d   Thumb Code    84  iic.o(.text)
    IIC_Start                                0x08002b71   Thumb Code    68  iic.o(.text)
    IIC_Stop                                 0x08002bb5   Thumb Code    66  iic.o(.text)
    IIC_Wait_Ack                             0x08002bf7   Thumb Code    88  iic.o(.text)
    IIC_Ack                                  0x08002c4f   Thumb Code    70  iic.o(.text)
    IIC_NAck                                 0x08002c95   Thumb Code    70  iic.o(.text)
    IIC_Send_Byte                            0x08002cdb   Thumb Code   104  iic.o(.text)
    IIC_Read_Byte                            0x08002d43   Thumb Code   102  iic.o(.text)
    SPI_Init                                 0x08002dc5   Thumb Code   266  spi.o(.text)
    AD_SPI_Rd                                0x08002ecf   Thumb Code    92  spi.o(.text)
    DA_SPI_Wr                                0x08002f2b   Thumb Code   178  spi.o(.text)
    DA_Wr                                    0x08002fdd   Thumb Code    14  spi.o(.text)
    AD5422_Init                              0x08002feb   Thumb Code    22  spi.o(.text)
    LED_Init                                 0x08003019   Thumb Code    40  led.o(.text)
    SPI_Init2                                0x08003045   Thumb Code   126  spi_2.o(.text)
    AD_SPI_Rd2                               0x080030c3   Thumb Code    92  spi_2.o(.text)
    DA_SPI_Wr2                               0x0800311f   Thumb Code   178  spi_2.o(.text)
    DA_Wr2                                   0x080031d1   Thumb Code    14  spi_2.o(.text)
    AD5422_Init2                             0x080031df   Thumb Code    22  spi_2.o(.text)
    __aeabi_fadd                             0x0800320d   Thumb Code   164  fadd.o(.text)
    __aeabi_fsub                             0x080032b1   Thumb Code     6  fadd.o(.text)
    __aeabi_frsub                            0x080032b7   Thumb Code     6  fadd.o(.text)
    __aeabi_fmul                             0x080032bd   Thumb Code   100  fmul.o(.text)
    __aeabi_fdiv                             0x08003321   Thumb Code   124  fdiv.o(.text)
    __aeabi_dadd                             0x0800339d   Thumb Code   322  dadd.o(.text)
    __aeabi_dsub                             0x080034df   Thumb Code     6  dadd.o(.text)
    __aeabi_drsub                            0x080034e5   Thumb Code     6  dadd.o(.text)
    __aeabi_dmul                             0x080034eb   Thumb Code   228  dmul.o(.text)
    __aeabi_ddiv                             0x080035cf   Thumb Code   222  ddiv.o(.text)
    __aeabi_i2f                              0x080036ad   Thumb Code    18  fflti.o(.text)
    __aeabi_ui2f                             0x080036bf   Thumb Code    10  ffltui.o(.text)
    __aeabi_d2uiz                            0x080036c9   Thumb Code    50  dfixui.o(.text)
    __aeabi_f2d                              0x080036fb   Thumb Code    38  f2d.o(.text)
    __aeabi_cdcmpeq                          0x08003721   Thumb Code     0  cdcmple.o(.text)
    __aeabi_cdcmple                          0x08003721   Thumb Code    48  cdcmple.o(.text)
    __aeabi_cdrcmple                         0x08003751   Thumb Code    48  cdrcmple.o(.text)
    __aeabi_d2f                              0x08003781   Thumb Code    56  d2f.o(.text)
    __aeabi_uidiv                            0x080037b9   Thumb Code     0  uidiv.o(.text)
    __aeabi_uidivmod                         0x080037b9   Thumb Code    44  uidiv.o(.text)
    __aeabi_uldivmod                         0x080037e5   Thumb Code    98  uldiv.o(.text)
    __aeabi_llsl                             0x08003847   Thumb Code    30  llshl.o(.text)
    _ll_shift_l                              0x08003847   Thumb Code     0  llshl.o(.text)
    __aeabi_llsr                             0x08003865   Thumb Code    32  llushr.o(.text)
    _ll_ushift_r                             0x08003865   Thumb Code     0  llushr.o(.text)
    __aeabi_lasr                             0x08003885   Thumb Code    36  llsshr.o(.text)
    _ll_sshift_r                             0x08003885   Thumb Code     0  llsshr.o(.text)
    __strtod_int                             0x080038df   Thumb Code    90  strtod.o(.text)
    __I$use$fp                               0x08003945   Thumb Code     0  iusefp.o(.text)
    _float_round                             0x08003945   Thumb Code    18  fepilogue.o(.text)
    _float_epilogue                          0x08003957   Thumb Code    92  fepilogue.o(.text)
    _double_round                            0x080039b3   Thumb Code    30  depilogue.o(.text)
    _double_epilogue                         0x080039d1   Thumb Code   156  depilogue.o(.text)
    __aeabi_d2ulz                            0x08003a6d   Thumb Code    48  dfixul.o(.text)
    __scatterload                            0x08003a9d   Thumb Code    28  init.o(.text)
    __scatterload_rt2                        0x08003a9d   Thumb Code     0  init.o(.text)
    isspace                                  0x08003ac1   Thumb Code    10  isspace_c.o(.text)
    _scanf_real                              0x08003bf5   Thumb Code     0  scanf_fp.o(.text)
    _scanf_really_real                       0x08003bf5   Thumb Code   556  scanf_fp.o(.text)
    _sgetc                                   0x08003e2d   Thumb Code    30  _sgetc.o(.text)
    _sbackspace                              0x08003e4b   Thumb Code    34  _sgetc.o(.text)
    __ctype_lookup                           0x08003e6d   Thumb Code    34  ctype_c.o(.text)
    __aeabi_ul2d                             0x08003e95   Thumb Code    24  dfltul.o(.text)
    __decompress                             0x08003ead   Thumb Code     0  __dczerorl2.o(.text)
    __decompress1                            0x08003ead   Thumb Code    86  __dczerorl2.o(.text)
    __0printf                                0x08003f05   Thumb Code    22  printfa.o(i.__0printf)
    __1printf                                0x08003f05   Thumb Code     0  printfa.o(i.__0printf)
    __2printf                                0x08003f05   Thumb Code     0  printfa.o(i.__0printf)
    __c89printf                              0x08003f05   Thumb Code     0  printfa.o(i.__0printf)
    printf                                   0x08003f05   Thumb Code     0  printfa.o(i.__0printf)
    __read_errno                             0x08003f25   Thumb Code     6  errno.o(i.__read_errno)
    __scatterload_copy                       0x08003f31   Thumb Code    14  handlers.o(i.__scatterload_copy)
    __scatterload_null                       0x08003f3f   Thumb Code     2  handlers.o(i.__scatterload_null)
    __scatterload_zeroinit                   0x08003f41   Thumb Code    14  handlers.o(i.__scatterload_zeroinit)
    __set_errno                              0x08003f51   Thumb Code     6  errno.o(i.__set_errno)
    _is_digit                                0x080040e1   Thumb Code    14  scanf_fp.o(i._is_digit)
    atof                                     0x0800481f   Thumb Code    42  atof.o(i.atof)
    __ctype_categories                       0x08004848   Data          64  ctype_c.o(.constdata)
    Region$$Table$$Base                      0x08004888   Number         0  anon$$obj.o(Region$$Table)
    Region$$Table$$Limit                     0x080048a8   Number         0  anon$$obj.o(Region$$Table)
    test_cur                                 0x20000000   Data         300  main.o(.data)
    table_nema0183                           0x2000012c   Data          18  main.o(.data)
    m                                        0x2000013e   Data           2  main.o(.data)
    temp                                     0x20000140   Data           2  main.o(.data)
    g_Kp                                     0x20000144   Data           4  main.o(.data)
    g_Ki                                     0x20000148   Data           4  main.o(.data)
    g_Kd                                     0x2000014c   Data           4  main.o(.data)
    g_Kp2                                    0x20000150   Data           4  main.o(.data)
    g_Ki2                                    0x20000154   Data           4  main.o(.data)
    g_Kd2                                    0x20000158   Data           4  main.o(.data)
    err0                                     0x2000015c   Data           4  main.o(.data)
    err1                                     0x20000160   Data           4  main.o(.data)
    err2                                     0x20000164   Data           4  main.o(.data)
    err20                                    0x20000168   Data           4  main.o(.data)
    err21                                    0x2000016c   Data           4  main.o(.data)
    err22                                    0x20000170   Data           4  main.o(.data)
    sv_temp                                  0x20000174   Data           4  main.o(.data)
    pv                                       0x20000178   Data           4  main.o(.data)
    sv                                       0x2000017c   Data           4  main.o(.data)
    mv                                       0x20000180   Data           4  main.o(.data)
    mv_old                                   0x20000184   Data           4  main.o(.data)
    pv2                                      0x20000188   Data           4  main.o(.data)
    sv2                                      0x2000018c   Data           4  main.o(.data)
    mv2                                      0x20000190   Data           4  main.o(.data)
    mv_old2                                  0x20000194   Data           4  main.o(.data)
    delta                                    0x20000198   Data           4  main.o(.data)
    delta2                                   0x2000019c   Data           4  main.o(.data)
    delta_2                                  0x200001a0   Data           4  main.o(.data)
    delta_22                                 0x200001a4   Data           4  main.o(.data)
    AD_AVG                                   0x200001a8   Data           2  main.o(.data)
    AD_AVG2                                  0x200001aa   Data           2  main.o(.data)
    DA_AMP                                   0x200001ac   Data           2  main.o(.data)
    DA_AMP2                                  0x200001ae   Data           2  main.o(.data)
    op_ratio                                 0x200001b0   Data           4  main.o(.data)
    ad_avg                                   0x200001b4   Data           4  main.o(.data)
    ad_avg2                                  0x200001b8   Data           4  main.o(.data)
    SystemCoreClock                          0x200001bc   Data           4  system_stm32f10x.o(.data)
    AHBPrescTable                            0x200001c0   Data          16  system_stm32f10x.o(.data)
    __stdout                                 0x200001e8   Data           4  usart.o(.data)
    USART_RX_STA                             0x200001ec   Data           2  usart.o(.data)
    usart_t                                  0x200001ee   Data           2  usart.o(.data)
    len                                      0x200001f0   Data           2  usart.o(.data)
    KEY_VAL1                                 0x200001f2   Data           3  key.o(.data)
    KEY_VAL2                                 0x200001f5   Data           3  key.o(.data)
    KEY_VAL3                                 0x200001f8   Data           3  key.o(.data)
    encoder_val                              0x200001fc   Data           4  encoder.o(.data)
    TIM_FLAG                                 0x20000200   Data           1  timer.o(.data)
    TIM_FLAG2                                0x20000201   Data           1  timer.o(.data)
    TIM_FLAG4                                0x20000202   Data           1  timer.o(.data)
    g_SvE                                    0x20000208   Data          10  main.o(.bss)
    g_KpE                                    0x20000212   Data          10  main.o(.bss)
    g_KiE                                    0x2000021c   Data          10  main.o(.bss)
    g_KdE                                    0x20000226   Data          10  main.o(.bss)
    adBuf                                    0x20000230   Data          30  main.o(.bss)
    t                                        0x2000024e   Data          10  main.o(.bss)
    USART_RX_BUF                             0x20000258   Data          20  usart.o(.bss)
    __initial_sp                             0x20000670   Data           0  startup_stm32f10x_md.o(STACK)



==============================================================================

Memory Map of the image

  Image Entry point : 0x080000ed

  Load Region LR_IROM1 (Base: 0x08000000, Size: 0x00004ab0, Max: 0x00020000, ABSOLUTE, COMPRESSED[0x00004934])

    Execution Region ER_IROM1 (Exec base: 0x08000000, Load base: 0x08000000, Size: 0x000048a8, Max: 0x00020000, ABSOLUTE)

    Exec Addr    Load Addr    Size         Type   Attr      Idx    E Section Name        Object

    0x08000000   0x08000000   0x000000ec   Data   RO           19    RESET               startup_stm32f10x_md.o
    0x080000ec   0x080000ec   0x00000000   Code   RO          486  * .ARM.Collect$$$$00000000  mc_w.l(entry.o)
    0x080000ec   0x080000ec   0x00000004   Code   RO          786    .ARM.Collect$$$$00000001  mc_w.l(entry2.o)
    0x080000f0   0x080000f0   0x00000004   Code   RO          789    .ARM.Collect$$$$00000004  mc_w.l(entry5.o)
    0x080000f4   0x080000f4   0x00000000   Code   RO          791    .ARM.Collect$$$$00000008  mc_w.l(entry7b.o)
    0x080000f4   0x080000f4   0x00000000   Code   RO          793    .ARM.Collect$$$$0000000A  mc_w.l(entry8b.o)
    0x080000f4   0x080000f4   0x00000008   Code   RO          794    .ARM.Collect$$$$0000000B  mc_w.l(entry9a.o)
    0x080000fc   0x080000fc   0x00000000   Code   RO          796    .ARM.Collect$$$$0000000D  mc_w.l(entry10a.o)
    0x080000fc   0x080000fc   0x00000000   Code   RO          798    .ARM.Collect$$$$0000000F  mc_w.l(entry11a.o)
    0x080000fc   0x080000fc   0x00000004   Code   RO          787    .ARM.Collect$$$$00002712  mc_w.l(entry2.o)
    0x08000100   0x08000100   0x00000024   Code   RO           20    .text               startup_stm32f10x_md.o
    0x08000124   0x08000124   0x00000578   Code   RO           24    .text               main.o
    0x0800069c   0x0800069c   0x0000001a   Code   RO          120    .text               stm32f10x_it.o
    0x080006b6   0x080006b6   0x00000002   PAD
    0x080006b8   0x080006b8   0x000001e0   Code   RO          155    .text               system_stm32f10x.o
    0x08000898   0x08000898   0x000000dc   Code   RO          173    .text               misc.o
    0x08000974   0x08000974   0x0000035c   Code   RO          185    .text               stm32f10x_gpio.o
    0x08000cd0   0x08000cd0   0x000003a4   Code   RO          197    .text               stm32f10x_rcc.o
    0x08001074   0x08001074   0x00000408   Code   RO          211    .text               stm32f10x_usart.o
    0x0800147c   0x0800147c   0x0000011c   Code   RO          223    .text               stm32f10x_exti.o
    0x08001598   0x08001598   0x00000e1a   Code   RO          235    .text               stm32f10x_tim.o
    0x080023b2   0x080023b2   0x00000002   PAD
    0x080023b4   0x080023b4   0x000000e0   Code   RO          262    .text               delay.o
    0x08002494   0x08002494   0x0000000c   Code   RO          279    .text               sys.o
    0x080024a0   0x080024a0   0x0000014c   Code   RO          294    .text               usart.o
    0x080025ec   0x080025ec   0x000000fc   Code   RO          318    .text               key.o
    0x080026e8   0x080026e8   0x00000100   Code   RO          371    .text               encoder.o
    0x080027e8   0x080027e8   0x00000188   Code   RO          389    .text               timer.o
    0x08002970   0x08002970   0x000001aa   Code   RO          407    .text               _24cxx.o
    0x08002b1a   0x08002b1a   0x00000002   PAD
    0x08002b1c   0x08002b1c   0x000002a8   Code   RO          422    .text               iic.o
    0x08002dc4   0x08002dc4   0x00000254   Code   RO          437    .text               spi.o
    0x08003018   0x08003018   0x0000002c   Code   RO          452    .text               led.o
    0x08003044   0x08003044   0x000001c8   Code   RO          467    .text               spi_2.o
    0x0800320c   0x0800320c   0x000000b0   Code   RO          750    .text               mf_w.l(fadd.o)
    0x080032bc   0x080032bc   0x00000064   Code   RO          752    .text               mf_w.l(fmul.o)
    0x08003320   0x08003320   0x0000007c   Code   RO          754    .text               mf_w.l(fdiv.o)
    0x0800339c   0x0800339c   0x0000014e   Code   RO          756    .text               mf_w.l(dadd.o)
    0x080034ea   0x080034ea   0x000000e4   Code   RO          758    .text               mf_w.l(dmul.o)
    0x080035ce   0x080035ce   0x000000de   Code   RO          760    .text               mf_w.l(ddiv.o)
    0x080036ac   0x080036ac   0x00000012   Code   RO          762    .text               mf_w.l(fflti.o)
    0x080036be   0x080036be   0x0000000a   Code   RO          764    .text               mf_w.l(ffltui.o)
    0x080036c8   0x080036c8   0x00000032   Code   RO          772    .text               mf_w.l(dfixui.o)
    0x080036fa   0x080036fa   0x00000026   Code   RO          774    .text               mf_w.l(f2d.o)
    0x08003720   0x08003720   0x00000030   Code   RO          776    .text               mf_w.l(cdcmple.o)
    0x08003750   0x08003750   0x00000030   Code   RO          778    .text               mf_w.l(cdrcmple.o)
    0x08003780   0x08003780   0x00000038   Code   RO          780    .text               mf_w.l(d2f.o)
    0x080037b8   0x080037b8   0x0000002c   Code   RO          800    .text               mc_w.l(uidiv.o)
    0x080037e4   0x080037e4   0x00000062   Code   RO          802    .text               mc_w.l(uldiv.o)
    0x08003846   0x08003846   0x0000001e   Code   RO          804    .text               mc_w.l(llshl.o)
    0x08003864   0x08003864   0x00000020   Code   RO          806    .text               mc_w.l(llushr.o)
    0x08003884   0x08003884   0x00000024   Code   RO          808    .text               mc_w.l(llsshr.o)
    0x080038a8   0x080038a8   0x0000009c   Code   RO          817    .text               mc_w.l(strtod.o)
    0x08003944   0x08003944   0x00000000   Code   RO          819    .text               mc_w.l(iusefp.o)
    0x08003944   0x08003944   0x0000006e   Code   RO          820    .text               mf_w.l(fepilogue.o)
    0x080039b2   0x080039b2   0x000000ba   Code   RO          822    .text               mf_w.l(depilogue.o)
    0x08003a6c   0x08003a6c   0x00000030   Code   RO          824    .text               mf_w.l(dfixul.o)
    0x08003a9c   0x08003a9c   0x00000024   Code   RO          826    .text               mc_w.l(init.o)
    0x08003ac0   0x08003ac0   0x0000000a   Code   RO          828    .text               mc_w.l(isspace_c.o)
    0x08003aca   0x08003aca   0x00000002   PAD
    0x08003acc   0x08003acc   0x00000360   Code   RO          830    .text               mc_w.l(scanf_fp.o)
    0x08003e2c   0x08003e2c   0x00000040   Code   RO          834    .text               mc_w.l(_sgetc.o)
    0x08003e6c   0x08003e6c   0x00000028   Code   RO          836    .text               mc_w.l(ctype_c.o)
    0x08003e94   0x08003e94   0x00000018   Code   RO          839    .text               mf_w.l(dfltul.o)
    0x08003eac   0x08003eac   0x00000056   Code   RO          849    .text               mc_w.l(__dczerorl2.o)
    0x08003f02   0x08003f02   0x00000002   PAD
    0x08003f04   0x08003f04   0x00000020   Code   RO          722    i.__0printf         mc_w.l(printfa.o)
    0x08003f24   0x08003f24   0x0000000c   Code   RO          811    i.__read_errno      mc_w.l(errno.o)
    0x08003f30   0x08003f30   0x0000000e   Code   RO          843    i.__scatterload_copy  mc_w.l(handlers.o)
    0x08003f3e   0x08003f3e   0x00000002   Code   RO          844    i.__scatterload_null  mc_w.l(handlers.o)
    0x08003f40   0x08003f40   0x0000000e   Code   RO          845    i.__scatterload_zeroinit  mc_w.l(handlers.o)
    0x08003f4e   0x08003f4e   0x00000002   PAD
    0x08003f50   0x08003f50   0x0000000c   Code   RO          812    i.__set_errno       mc_w.l(errno.o)
    0x08003f5c   0x08003f5c   0x00000184   Code   RO          729    i._fp_digits        mc_w.l(printfa.o)
    0x080040e0   0x080040e0   0x0000000e   Code   RO          832    i._is_digit         mc_w.l(scanf_fp.o)
    0x080040ee   0x080040ee   0x00000002   PAD
    0x080040f0   0x080040f0   0x000006dc   Code   RO          730    i._printf_core      mc_w.l(printfa.o)
    0x080047cc   0x080047cc   0x00000024   Code   RO          731    i._printf_post_padding  mc_w.l(printfa.o)
    0x080047f0   0x080047f0   0x0000002e   Code   RO          732    i._printf_pre_padding  mc_w.l(printfa.o)
    0x0800481e   0x0800481e   0x0000002a   Code   RO          483    i.atof              m_ws.l(atof.o)
    0x08004848   0x08004848   0x00000040   Data   RO          837    .constdata          mc_w.l(ctype_c.o)
    0x08004888   0x08004888   0x00000020   Data   RO          841    Region$$Table       anon$$obj.o


    Execution Region RW_IRAM1 (Exec base: 0x20000000, Load base: 0x080048a8, Size: 0x00000670, Max: 0x00005000, ABSOLUTE, COMPRESSED[0x0000008c])

    Exec Addr    Load Addr    Size         Type   Attr      Idx    E Section Name        Object

    0x20000000   COMPRESSED   0x000001bc   Data   RW           26    .data               main.o
    0x200001bc   COMPRESSED   0x00000014   Data   RW          156    .data               system_stm32f10x.o
    0x200001d0   COMPRESSED   0x00000014   Data   RW          198    .data               stm32f10x_rcc.o
    0x200001e4   COMPRESSED   0x00000004   Data   RW          263    .data               delay.o
    0x200001e8   COMPRESSED   0x0000000a   Data   RW          296    .data               usart.o
    0x200001f2   COMPRESSED   0x00000009   Data   RW          319    .data               key.o
    0x200001fb   COMPRESSED   0x00000001   PAD
    0x200001fc   COMPRESSED   0x00000004   Data   RW          372    .data               encoder.o
    0x20000200   COMPRESSED   0x00000003   Data   RW          390    .data               timer.o
    0x20000203   COMPRESSED   0x00000001   PAD
    0x20000204   COMPRESSED   0x00000004   Data   RW          813    .data               mc_w.l(errno.o)
    0x20000208        -       0x00000050   Zero   RW           25    .bss                main.o
    0x20000258        -       0x00000014   Zero   RW          295    .bss                usart.o
    0x2000026c   COMPRESSED   0x00000004   PAD
    0x20000270        -       0x00000400   Zero   RW           17    STACK               startup_stm32f10x_md.o


==============================================================================

Image component sizes


      Code (inc. data)   RO Data    RW Data    ZI Data      Debug   Object Name

       426          0          0          0          0       2900   _24cxx.o
         0          0          0          0          0       4540   core_cm3.o
       224         16          0          4          0       1121   delay.o
       256         16          0          4          0       1064   encoder.o
       680         28          0          0          0       1840   iic.o
       252         34          0          9          0       1380   key.o
        44          4          0          0          0        423   led.o
      1400        278          0        444         80     254096   main.o
       220         22          0          0          0       1701   misc.o
       596         24          0          0          0       1401   spi.o
       456         24          0          0          0       1342   spi_2.o
        36          8        236          0       1024        744   startup_stm32f10x_md.o
       284         10          0          0          0       2163   stm32f10x_exti.o
       860         38          0          0          0       5637   stm32f10x_gpio.o
        26          0          0          0          0       1158   stm32f10x_it.o
       932         36          0         20          0       8772   stm32f10x_rcc.o
      3610         88          0          0          0      22748   stm32f10x_tim.o
      1032         22          0          0          0       8360   stm32f10x_usart.o
        12          0          0          0          0        405   sys.o
       480         38          0         20          0       1635   system_stm32f10x.o
       392         10          0          3          0       1946   timer.o
       332         18          0         10         20       3167   usart.o

    ----------------------------------------------------------------------
     12556        714        268        516       1128     328543   Object Totals
         0          0         32          0          0          0   (incl. Generated)
         6          0          0          2          4          0   (incl. Padding)

    ----------------------------------------------------------------------

      Code (inc. data)   RO Data    RW Data    ZI Data      Debug   Library Member Name

        42          0          0          0          0         84   atof.o
        86          0          0          0          0          0   __dczerorl2.o
        64          0          0          0          0         84   _sgetc.o
        40          6         64          0          0         68   ctype_c.o
         0          0          0          0          0          0   entry.o
         0          0          0          0          0          0   entry10a.o
         0          0          0          0          0          0   entry11a.o
         8          4          0          0          0          0   entry2.o
         4          0          0          0          0          0   entry5.o
         0          0          0          0          0          0   entry7b.o
         0          0          0          0          0          0   entry8b.o
         8          4          0          0          0          0   entry9a.o
        24         12          0          4          0        136   errno.o
        30          0          0          0          0          0   handlers.o
        36          8          0          0          0         68   init.o
        10          0          0          0          0         68   isspace_c.o
         0          0          0          0          0          0   iusefp.o
        30          0          0          0          0         68   llshl.o
        36          0          0          0          0         68   llsshr.o
        32          0          0          0          0         68   llushr.o
      2258         90          0          0          0        452   printfa.o
       878         12          0          0          0        216   scanf_fp.o
       156         12          0          0          0        120   strtod.o
        44          0          0          0          0         80   uidiv.o
        98          0          0          0          0         92   uldiv.o
        48          0          0          0          0         68   cdcmple.o
        48          0          0          0          0         68   cdrcmple.o
        56          0          0          0          0         88   d2f.o
       334          0          0          0          0        148   dadd.o
       222          0          0          0          0        100   ddiv.o
       186          0          0          0          0        176   depilogue.o
        50          0          0          0          0         76   dfixui.o
        48          0          0          0          0         68   dfixul.o
        24          0          0          0          0         76   dfltul.o
       228          0          0          0          0         96   dmul.o
        38          0          0          0          0         68   f2d.o
       176          0          0          0          0        140   fadd.o
       124          0          0          0          0         88   fdiv.o
       110          0          0          0          0        168   fepilogue.o
        18          0          0          0          0         68   fflti.o
        10          0          0          0          0         68   ffltui.o
       100          0          0          0          0         76   fmul.o

    ----------------------------------------------------------------------
      5712        148         64          4          0       3312   Library Totals
         8          0          0          0          0          0   (incl. Padding)

    ----------------------------------------------------------------------

      Code (inc. data)   RO Data    RW Data    ZI Data      Debug   Library Name

        42          0          0          0          0         84   m_ws.l
      3842        148         64          4          0       1588   mc_w.l
      1820          0          0          0          0       1640   mf_w.l

    ----------------------------------------------------------------------
      5712        148         64          4          0       3312   Library Totals

    ----------------------------------------------------------------------

==============================================================================


      Code (inc. data)   RO Data    RW Data    ZI Data      Debug   

     18268        862        332        520       1128     328811   Grand Totals
     18268        862        332        140       1128     328811   ELF Image Totals (compressed)
     18268        862        332        140          0          0   ROM Totals

==============================================================================

    Total RO  Size (Code + RO Data)                18600 (  18.16kB)
    Total RW  Size (RW Data + ZI Data)              1648 (   1.61kB)
    Total ROM Size (Code + RO Data + RW Data)      18740 (  18.30kB)

==============================================================================

