Component: ARM Compiler 5.06 update 7 (build 960) Tool: armlink [4d3601]

==============================================================================

Section Cross References

    startup_stm32f10x_md.o(RESET) refers to startup_stm32f10x_md.o(STACK) for __initial_sp
    startup_stm32f10x_md.o(RESET) refers to startup_stm32f10x_md.o(.text) for Reset_Handler
    startup_stm32f10x_md.o(RESET) refers to stm32f10x_it.o(.text) for NMI_Handler
    startup_stm32f10x_md.o(RESET) refers to encoder.o(.text) for EXTI9_5_IRQHandler
    startup_stm32f10x_md.o(RESET) refers to main.o(.text) for TIM2_IRQHandler
    startup_stm32f10x_md.o(RESET) refers to key.o(.text) for TIM3_IRQHandler
    startup_stm32f10x_md.o(RESET) refers to usart.o(.text) for USART1_IRQHandler
    startup_stm32f10x_md.o(.text) refers to system_stm32f10x.o(.text) for SystemInit
    startup_stm32f10x_md.o(.text) refers to entry.o(.ARM.Collect$$$$00000000) for __main
    main.o(.text) refers to _24cxx.o(.text) for AT24CXX_ReadOneByte
    main.o(.text) refers to tft.o(.text) for float2MY_floatE
    main.o(.text) refers to spi.o(.text) for AD_SPI_Rd
    main.o(.text) refers to ffltui.o(.text) for __aeabi_ui2f
    main.o(.text) refers to f2d.o(.text) for __aeabi_f2d
    main.o(.text) refers to ddiv.o(.text) for __aeabi_ddiv
    main.o(.text) refers to dmul.o(.text) for __aeabi_dmul
    main.o(.text) refers to d2f.o(.text) for __aeabi_d2f
    main.o(.text) refers to fadd.o(.text) for __aeabi_fsub
    main.o(.text) refers to fmul.o(.text) for __aeabi_fmul
    main.o(.text) refers to cdrcmple.o(.text) for __aeabi_cdrcmple
    main.o(.text) refers to cdcmple.o(.text) for __aeabi_cdcmple
    main.o(.text) refers to dfixui.o(.text) for __aeabi_d2uiz
    main.o(.text) refers to delay.o(.text) for delay_init
    main.o(.text) refers to sys.o(.text) for NVIC_Configuration
    main.o(.text) refers to led.o(.text) for LED_Init
    main.o(.text) refers to key.o(.text) for KEY_Init
    main.o(.text) refers to encoder.o(.text) for ENCODER_Init
    main.o(.text) refers to usart.o(.text) for uart_init
    main.o(.text) refers to stm32f10x_gpio.o(.text) for GPIO_SetBits
    main.o(.text) refers to timer.o(.text) for TIM2_Init
    main.o(.text) refers to printfa.o(i.__0printf) for __2printf
    main.o(.text) refers to stm32f10x_tim.o(.text) for TIM_GetITStatus
    main.o(.text) refers to main.o(.bss) for g_KpE
    main.o(.text) refers to main.o(.data) for sv
    main.o(.text) refers to key.o(.data) for KEY_VAL1
    main.o(.text) refers to timer.o(.data) for TIM_FLAG
    system_stm32f10x.o(.text) refers to system_stm32f10x.o(.data) for SystemCoreClock
    stm32f10x_gpio.o(.text) refers to stm32f10x_rcc.o(.text) for RCC_APB2PeriphResetCmd
    stm32f10x_rcc.o(.text) refers to stm32f10x_rcc.o(.data) for APBAHBPrescTable
    stm32f10x_usart.o(.text) refers to stm32f10x_rcc.o(.text) for RCC_APB2PeriphResetCmd
    stm32f10x_tim.o(.text) refers to stm32f10x_rcc.o(.text) for RCC_APB2PeriphResetCmd
    delay.o(.text) refers to misc.o(.text) for SysTick_CLKSourceConfig
    delay.o(.text) refers to system_stm32f10x.o(.data) for SystemCoreClock
    delay.o(.text) refers to delay.o(.data) for fac_us
    sys.o(.text) refers to misc.o(.text) for NVIC_PriorityGroupConfig
    usart.o(.text) refers to stm32f10x_rcc.o(.text) for RCC_APB2PeriphClockCmd
    usart.o(.text) refers to stm32f10x_gpio.o(.text) for GPIO_PinRemapConfig
    usart.o(.text) refers to misc.o(.text) for NVIC_Init
    usart.o(.text) refers to stm32f10x_usart.o(.text) for USART_Init
    usart.o(.text) refers to usart.o(.data) for USART_RX_STA
    usart.o(.text) refers to usart.o(.bss) for USART_RX_BUF
    key.o(.text) refers to stm32f10x_rcc.o(.text) for RCC_APB2PeriphClockCmd
    key.o(.text) refers to stm32f10x_gpio.o(.text) for GPIO_Init
    key.o(.text) refers to timer.o(.text) for TIM3_Init
    key.o(.text) refers to stm32f10x_tim.o(.text) for TIM_GetITStatus
    key.o(.text) refers to key.o(.data) for KEY_VAL1
    tft.o(.text) refers to stm32f10x_rcc.o(.text) for RCC_APB2PeriphClockCmd
    tft.o(.text) refers to stm32f10x_gpio.o(.text) for GPIO_PinRemapConfig
    tft.o(.text) refers to delay.o(.text) for delay_us
    tft.o(.text) refers to cfcmple.o(.text) for __aeabi_cfcmple
    tft.o(.text) refers to ffixui.o(.text) for __aeabi_f2uiz
    tft.o(.text) refers to fflti.o(.text) for __aeabi_i2f
    tft.o(.text) refers to fadd.o(.text) for __aeabi_frsub
    tft.o(.text) refers to tft.o(.data) for BACK_COLOR
    tft.o(.text) refers to font.o(.constdata) for asc2_1608
    tft.o(.text) refers to tft.o(.bss) for TFT_BUF2
    tft.o(.text) refers to fmul.o(.text) for __aeabi_fmul
    tft.o(.text) refers to cfrcmple.o(.text) for __aeabi_cfrcmple
    tft.o(.text) refers to f2d.o(.text) for __aeabi_f2d
    tft.o(.text) refers to cdcmple.o(.text) for __aeabi_cdcmple
    tft.o(.text) refers to fdiv.o(.text) for __aeabi_fdiv
    tft.o(.text) refers to ffixi.o(.text) for __aeabi_f2iz
[...]
    printf4.o(i.__0vprintf$4) refers to printf4.o(i._printf_core) for _printf_core
    printf4.o(i.__0vprintf$4) refers to usart.o(.text) for fputc
    printf4.o(i.__0vprintf$4) refers to usart.o(.data) for __stdout
    printf4.o(i.__0vsnprintf$4) refers to printf4.o(i._printf_core) for _printf_core
    printf4.o(i.__0vsnprintf$4) refers to printf4.o(i._snputc) for _snputc
    printf4.o(i.__0vsprintf$4) refers to printf4.o(i._printf_core) for _printf_core
    printf4.o(i.__0vsprintf$4) refers to printf4.o(i._sputc) for _sputc
    printf4.o(i._printf_core) refers to uldiv.o(.text) for __aeabi_uldivmod
    printf5.o(i.__0fprintf$5) refers to printf5.o(i._printf_core) for _printf_core
    printf5.o(i.__0fprintf$5) refers to usart.o(.text) for fputc
    printf5.o(i.__0printf$5) refers to printf5.o(i._printf_core) for _printf_core
    printf5.o(i.__0printf$5) refers to usart.o(.text) for fputc
    printf5.o(i.__0printf$5) refers to usart.o(.data) for __stdout
    printf5.o(i.__0snprintf$5) refers to printf5.o(i._printf_core) for _printf_core
    printf5.o(i.__0snprintf$5) refers to printf5.o(i._snputc) for _snputc
    printf5.o(i.__0sprintf$5) refers to printf5.o(i._printf_core) for _printf_core
    printf5.o(i.__0sprintf$5) refers to printf5.o(i._sputc) for _sputc
    printf5.o(i.__0vfprintf$5) refers to printf5.o(i._printf_core) for _printf_core
    printf5.o(i.__0vfprintf$5) refers to usart.o(.text) for fputc
    printf5.o(i.__0vprintf$5) refers to printf5.o(i._printf_core) for _printf_core
    printf5.o(i.__0vprintf$5) refers to usart.o(.text) for fputc
    printf5.o(i.__0vprintf$5) refers to usart.o(.data) for __stdout
    printf5.o(i.__0vsnprintf$5) refers to printf5.o(i._printf_core) for _printf_core
    printf5.o(i.__0vsnprintf$5) refers to printf5.o(i._snputc) for _snputc
    printf5.o(i.__0vsprintf$5) refers to printf5.o(i._printf_core) for _printf_core
    printf5.o(i.__0vsprintf$5) refers to printf5.o(i._sputc) for _sputc
    printf5.o(i._printf_core) refers to uldiv.o(.text) for __aeabi_uldivmod
    printf6.o(i.__0fprintf$6) refers to printf6.o(i._printf_core) for _printf_core
    printf6.o(i.__0fprintf$6) refers to usart.o(.text) for fputc
    printf6.o(i.__0printf$6) refers to printf6.o(i._printf_core) for _printf_core
    printf6.o(i.__0printf$6) refers to usart.o(.text) for fputc
    printf6.o(i.__0printf$6) refers to usart.o(.data) for __stdout
    printf6.o(i.__0snprintf$6) refers to printf6.o(i._printf_core) for _printf_core
    printf6.o(i.__0snprintf$6) refers to printf6.o(i._snputc) for _snputc
    printf6.o(i.__0sprintf$6) refers to printf6.o(i._printf_core) for _printf_core
    printf6.o(i.__0sprintf$6) refers to printf6.o(i._sputc) for _sputc
    printf6.o(i.__0vfprintf$6) refers to printf6.o(i._printf_core) for _printf_core
    printf6.o(i.__0vfprintf$6) refers to usart.o(.text) for fputc
    printf6.o(i.__0vprintf$6) refers to printf6.o(i._printf_core) for _printf_core
    printf6.o(i.__0vprintf$6) refers to usart.o(.text) for fputc
    printf6.o(i.__0vprintf$6) refers to usart.o(.data) for __stdout
    printf6.o(i.__0vsnprintf$6) refers to printf6.o(i._printf_core) for _printf_core
    printf6.o(i.__0vsnprintf$6) refers to printf6.o(i._snputc) for _snputc
    printf6.o(i.__0vsprintf$6) refers to printf6.o(i._printf_core) for _printf_core
    printf6.o(i.__0vsprintf$6) refers to printf6.o(i._sputc) for _sputc
    printf6.o(i._printf_core) refers to printf6.o(i._printf_pre_padding) for _printf_pre_padding
    printf6.o(i._printf_core) refers to uidiv.o(.text) for __aeabi_uidivmod
    printf6.o(i._printf_core) refers to printf6.o(i._printf_post_padding) for _printf_post_padding
    printf7.o(i.__0fprintf$7) refers to printf7.o(i._printf_core) for _printf_core
    printf7.o(i.__0fprintf$7) refers to usart.o(.text) for fputc
    printf7.o(i.__0printf$7) refers to printf7.o(i._printf_core) for _printf_core
    printf7.o(i.__0printf$7) refers to usart.o(.text) for fputc
    printf7.o(i.__0printf$7) refers to usart.o(.data) for __stdout
    printf7.o(i.__0snprintf$7) refers to printf7.o(i._printf_core) for _printf_core
    printf7.o(i.__0snprintf$7) refers to printf7.o(i._snputc) for _snputc
    printf7.o(i.__0sprintf$7) refers to printf7.o(i._printf_core) for _printf_core
    printf7.o(i.__0sprintf$7) refers to printf7.o(i._sputc) for _sputc
    printf7.o(i.__0vfprintf$7) refers to printf7.o(i._printf_core) for _printf_core
    printf7.o(i.__0vfprintf$7) refers to usart.o(.text) for fputc
    printf7.o(i.__0vprintf$7) refers to printf7.o(i._printf_core) for _printf_core
    printf7.o(i.__0vprintf$7) refers to usart.o(.text) for fputc
    printf7.o(i.__0vprintf$7) refers to usart.o(.data) for __stdout
    printf7.o(i.__0vsnprintf$7) refers to printf7.o(i._printf_core) for _printf_core
    printf7.o(i.__0vsnprintf$7) refers to printf7.o(i._snputc) for _snputc
    printf7.o(i.__0vsprintf$7) refers to printf7.o(i._printf_core) for _printf_core
    printf7.o(i.__0vsprintf$7) refers to printf7.o(i._sputc) for _sputc
    printf7.o(i._printf_core) refers to printf7.o(i._printf_pre_padding) for _printf_pre_padding
    printf7.o(i._printf_core) refers to uldiv.o(.text) for __aeabi_uldivmod
    printf7.o(i._printf_core) refers to printf7.o(i._printf_post_padding) for _printf_post_padding
    printf8.o(i.__0fprintf$8) refers to printf8.o(i._printf_core) for _printf_core
    printf8.o(i.__0fprintf$8) refers to usart.o(.text) for fputc
    printf8.o(i.__0printf$8) refers to printf8.o(i._printf_core) for _printf_core
    printf8.o(i.__0printf$8) refers to usart.o(.text) for fputc
    printf8.o(i.__0printf$8) refers to usart.o(.data) for __stdout
    printf8.o(i.__0snprintf$8) refers to printf8.o(i._printf_core) for _printf_core
    printf8.o(i.__0snprintf$8) refers to printf8.o(i._snputc) for _snputc
    printf8.o(i.__0sprintf$8) refers to printf8.o(i._printf_core) for _printf_core
    printf8.o(i.__0sprintf$8) refers to printf8.o(i._sputc) for _sputc
    printf8.o(i.__0vfprintf$8) refers to printf8.o(i._printf_core) for _printf_core
    printf8.o(i.__0vfprintf$8) refers to usart.o(.text) for fputc
    printf8.o(i.__0vprintf$8) refers to printf8.o(i._printf_core) for _printf_core
    printf8.o(i.__0vprintf$8) refers to usart.o(.text) for fputc
    printf8.o(i.__0vprintf$8) refers to usart.o(.data) for __stdout
    printf8.o(i.__0vsnprintf$8) refers to printf8.o(i._printf_core) for _printf_core
    printf8.o(i.__0vsnprintf$8) refers to printf8.o(i._snputc) for _snputc
    printf8.o(i.__0vsprintf$8) refers to printf8.o(i._printf_core) for _printf_core
    printf8.o(i.__0vsprintf$8) refers to printf8.o(i._sputc) for _sputc
    printf8.o(i._printf_core) refers to printf8.o(i._printf_pre_padding) for _printf_pre_padding
    printf8.o(i._printf_core) refers to uldiv.o(.text) for __aeabi_uldivmod
    printf8.o(i._printf_core) refers to printf8.o(i._printf_post_padding) for _printf_post_padding
    printfa.o(i.__0fprintf) refers (Special) to iusefp.o(.text) for __I$use$fp
    printfa.o(i.__0fprintf) refers to printfa.o(i._printf_core) for _printf_core
    printfa.o(i.__0fprintf) refers to usart.o(.text) for fputc
    printfa.o(i.__0printf) refers (Special) to iusefp.o(.text) for __I$use$fp
    printfa.o(i.__0printf) refers to printfa.o(i._printf_core) for _printf_core
    printfa.o(i.__0printf) refers to usart.o(.text) for fputc
    printfa.o(i.__0printf) refers to usart.o(.data) for __stdout
    printfa.o(i.__0snprintf) refers (Special) to iusefp.o(.text) for __I$use$fp
    printfa.o(i.__0snprintf) refers to printfa.o(i._printf_core) for _printf_core
    printfa.o(i.__0snprintf) refers to printfa.o(i._snputc) for _snputc
    printfa.o(i.__0sprintf) refers (Special) to iusefp.o(.text) for __I$use$fp
    printfa.o(i.__0sprintf) refers to printfa.o(i._printf_core) for _printf_core
    printfa.o(i.__0sprintf) refers to printfa.o(i._sputc) for _sputc
    printfa.o(i.__0vfprintf) refers (Special) to iusefp.o(.text) for __I$use$fp
    printfa.o(i.__0vfprintf) refers to printfa.o(i._printf_core) for _printf_core
    printfa.o(i.__0vfprintf) refers to usart.o(.text) for fputc
    printfa.o(i.__0vprintf) refers (Special) to iusefp.o(.text) for __I$use$fp
    printfa.o(i.__0vprintf) refers to printfa.o(i._printf_core) for _printf_core
    printfa.o(i.__0vprintf) refers to usart.o(.text) for fputc
    printfa.o(i.__0vprintf) refers to usart.o(.data) for __stdout
    printfa.o(i.__0vsnprintf) refers (Special) to iusefp.o(.text) for __I$use$fp
    printfa.o(i.__0vsnprintf) refers to printfa.o(i._printf_core) for _printf_core
    printfa.o(i.__0vsnprintf) refers to printfa.o(i._snputc) for _snputc
    printfa.o(i.__0vsprintf) refers (Special) to iusefp.o(.text) for __I$use$fp
    printfa.o(i.__0vsprintf) refers to printfa.o(i._printf_core) for _printf_core
    printfa.o(i.__0vsprintf) refers to printfa.o(i._sputc) for _sputc
    printfa.o(i._fp_digits) refers (Special) to iusefp.o(.text) for __I$use$fp
    printfa.o(i._fp_digits) refers to dmul.o(.text) for __aeabi_dmul
    printfa.o(i._fp_digits) refers to ddiv.o(.text) for __aeabi_ddiv
    printfa.o(i._fp_digits) refers to cdrcmple.o(.text) for __aeabi_cdrcmple
    printfa.o(i._fp_digits) refers to dadd.o(.text) for __aeabi_dadd
    printfa.o(i._fp_digits) refers to dfixul.o(.text) for __aeabi_d2ulz
    printfa.o(i._fp_digits) refers to uldiv.o(.text) for __aeabi_uldivmod
    printfa.o(i._printf_core) refers (Special) to iusefp.o(.text) for __I$use$fp
    printfa.o(i._printf_core) refers to printfa.o(i._printf_pre_padding) for _printf_pre_padding
    printfa.o(i._printf_core) refers to uldiv.o(.text) for __aeabi_uldivmod
    printfa.o(i._printf_core) refers to printfa.o(i._printf_post_padding) for _printf_post_padding
    printfa.o(i._printf_core) refers to printfa.o(i._fp_digits) for _fp_digits
    printfa.o(i._printf_core) refers to uidiv.o(.text) for __aeabi_uidivmod
    printfa.o(i._printf_post_padding) refers (Special) to iusefp.o(.text) for __I$use$fp
    printfa.o(i._printf_pre_padding) refers (Special) to iusefp.o(.text) for __I$use$fp
    printfa.o(i._snputc) refers (Special) to iusefp.o(.text) for __I$use$fp
    printfa.o(i._sputc) refers (Special) to iusefp.o(.text) for __I$use$fp
    fadd.o(.text) refers (Special) to iusefp.o(.text) for __I$use$fp
    fadd.o(.text) refers to fepilogue.o(.text) for _float_epilogue
    fmul.o(.text) refers (Special) to iusefp.o(.text) for __I$use$fp
    fdiv.o(.text) refers (Special) to iusefp.o(.text) for __I$use$fp
    fdiv.o(.text) refers to fepilogue.o(.text) for _float_round
    dadd.o(.text) refers (Special) to iusefp.o(.text) for __I$use$fp
    dadd.o(.text) refers to llshl.o(.text) for __aeabi_llsl
    dadd.o(.text) refers to llsshr.o(.text) for __aeabi_lasr
    dadd.o(.text) refers to depilogue.o(.text) for _double_epilogue
    dmul.o(.text) refers (Special) to iusefp.o(.text) for __I$use$fp
    dmul.o(.text) refers to depilogue.o(.text) for _double_epilogue
    ddiv.o(.text) refers (Special) to iusefp.o(.text) for __I$use$fp
    ddiv.o(.text) refers to depilogue.o(.text) for _double_round
    fflti.o(.text) refers (Special) to iusefp.o(.text) for __I$use$fp
    fflti.o(.text) refers to fepilogue.o(.text) for _float_epilogue
    ffltui.o(.text) refers (Special) to iusefp.o(.text) for __I$use$fp
    ffltui.o(.text) refers to fepilogue.o(.text) for _float_epilogue
    dflti.o(.text) refers (Special) to iusefp.o(.text) for __I$use$fp
    dflti.o(.text) refers to depilogue.o(.text) for _double_epilogue
    ffixi.o(.text) refers (Special) to iusefp.o(.text) for __I$use$fp
    ffixui.o(.text) refers (Special) to iusefp.o(.text) for __I$use$fp
    dfixui.o(.text) refers (Special) to iusefp.o(.text) for __I$use$fp
    dfixui.o(.text) refers to llushr.o(.text) for __aeabi_llsr
    f2d.o(.text) refers (Special) to iusefp.o(.text) for __I$use$fp
    cdcmple.o(.text) refers (Special) to iusefp.o(.text) for __I$use$fp
    cdrcmple.o(.text) refers (Special) to iusefp.o(.text) for __I$use$fp
    d2f.o(.text) refers (Special) to iusefp.o(.text) for __I$use$fp
    d2f.o(.text) refers to fepilogue.o(.text) for _float_round
    cfcmple.o(.text) refers (Special) to iusefp.o(.text) for __I$use$fp
    cfrcmple.o(.text) refers (Special) to iusefp.o(.text) for __I$use$fp
    entry2.o(.ARM.Collect$$$$00000001) refers to entry2.o(.ARM.Collect$$$$00002712) for __lit__00000000
    entry2.o(.ARM.Collect$$$$00002712) refers to startup_stm32f10x_md.o(STACK) for __initial_sp
    entry2.o(__vectab_stack_and_reset_area) refers to startup_stm32f10x_md.o(STACK) for __initial_sp
    entry2.o(__vectab_stack_and_reset_area) refers to entry.o(.ARM.Collect$$$$00000000) for __main
    entry5.o(.ARM.Collect$$$$00000004) refers to init.o(.text) for __scatterload
    entry9a.o(.ARM.Collect$$$$0000000B) refers to main.o(.text) for main
    entry9b.o(.ARM.Collect$$$$0000000C) refers to main.o(.text) for main
    uldiv.o(.text) refers to llushr.o(.text) for __aeabi_llsr
    uldiv.o(.text) refers to llshl.o(.text) for __aeabi_llsl
    depilogue.o(.text) refers to llshl.o(.text) for __aeabi_llsl
    depilogue.o(.text) refers to llushr.o(.text) for __aeabi_llsr
    dfixul.o(.text) refers to llushr.o(.text) for __aeabi_llsr
    dfixul.o(.text) refers to llshl.o(.text) for __aeabi_llsl
    init.o(.text) refers to entry5.o(.ARM.Collect$$$$00000004) for __main_after_scatterload


==============================================================================

Removing Unused input sections from the image.

    Removing core_cm3.o(.emb_text), (32 bytes).
    Removing startup_stm32f10x_md.o(HEAP), (512 bytes).
    Removing stm32f10x_dma.o(.text), (596 bytes).

3 unused section(s) (total 1140 bytes) removed from the image.

==============================================================================

Image Symbol Table

    Local Symbols

    Symbol Name                              Value     Ov Type        Size  Object(Section)

    ../clib/../cmprslib/zerorunl2.c          0x00000000   Number         0  __dczerorl2.o ABSOLUTE
    ../clib/microlib/division.c              0x00000000   Number         0  uldiv.o ABSOLUTE
    ../clib/microlib/division.c              0x00000000   Number         0  uidiv.o ABSOLUTE
    ../clib/microlib/init/entry.s            0x00000000   Number         0  entry12a.o ABSOLUTE
    ../clib/microlib/init/entry.s            0x00000000   Number         0  entry11b.o ABSOLUTE
    ../clib/microlib/init/entry.s            0x00000000   Number         0  entry11a.o ABSOLUTE
    ../clib/microlib/init/entry.s            0x00000000   Number         0  entry10b.o ABSOLUTE
    ../clib/microlib/init/entry.s            0x00000000   Number         0  entry10a.o ABSOLUTE
    ../clib/microlib/init/entry.s            0x00000000   Number         0  entry7b.o ABSOLUTE
    ../clib/microlib/init/entry.s            0x00000000   Number         0  entry7a.o ABSOLUTE
    ../clib/microlib/init/entry.s            0x00000000   Number         0  entry5.o ABSOLUTE
    ../clib/microlib/init/entry.s            0x00000000   Number         0  entry9b.o ABSOLUTE
    ../clib/microlib/init/entry.s            0x00000000   Number         0  entry9a.o ABSOLUTE
    ../clib/microlib/init/entry.s            0x00000000   Number         0  entry8b.o ABSOLUTE
    ../clib/microlib/init/entry.s            0x00000000   Number         0  entry8a.o ABSOLUTE
    ../clib/microlib/init/entry.s            0x00000000   Number         0  entry.o ABSOLUTE
    ../clib/microlib/init/entry.s            0x00000000   Number         0  entry2.o ABSOLUTE
    ../clib/microlib/init/entry.s            0x00000000   Number         0  entry12b.o ABSOLUTE
    ../clib/microlib/longlong.c              0x00000000   Number         0  llsshr.o ABSOLUTE
    ../clib/microlib/longlong.c              0x00000000   Number         0  llushr.o ABSOLUTE
    ../clib/microlib/longlong.c              0x00000000   Number         0  llshl.o ABSOLUTE
    ../clib/microlib/printf/printf.c         0x00000000   Number         0  printf8.o ABSOLUTE
    ../clib/microlib/printf/printf.c         0x00000000   Number         0  printfa.o ABSOLUTE
    ../clib/microlib/printf/printf.c         0x00000000   Number         0  printf5.o ABSOLUTE
    ../clib/microlib/printf/printf.c         0x00000000   Number         0  printf4.o ABSOLUTE
    ../clib/microlib/printf/printf.c         0x00000000   Number         0  printf3.o ABSOLUTE
    ../clib/microlib/printf/printf.c         0x00000000   Number         0  printf6.o ABSOLUTE
    ../clib/microlib/printf/printf.c         0x00000000   Number         0  printf2.o ABSOLUTE
    ../clib/microlib/printf/printf.c         0x00000000   Number         0  printf1.o ABSOLUTE
    ../clib/microlib/printf/printf.c         0x00000000   Number         0  printf0.o ABSOLUTE
    ../clib/microlib/printf/printf.c         0x00000000   Number         0  printfb.o ABSOLUTE
    ../clib/microlib/printf/printf.c         0x00000000   Number         0  printf7.o ABSOLUTE
    ../clib/microlib/printf/stubs.s          0x00000000   Number         0  stubs.o ABSOLUTE
    ../clib/microlib/stubs.s                 0x00000000   Number         0  useno.o ABSOLUTE
    ../clib/microlib/stubs.s                 0x00000000   Number         0  iusefp.o ABSOLUTE
    ../fplib/microlib/d2f.c                  0x00000000   Number         0  d2f.o ABSOLUTE
    ../fplib/microlib/f2d.c                  0x00000000   Number         0  f2d.o ABSOLUTE
    ../fplib/microlib/fpadd.c                0x00000000   Number         0  fadd.o ABSOLUTE
    ../fplib/microlib/fpadd.c                0x00000000   Number         0  dadd.o ABSOLUTE
    ../fplib/microlib/fpdiv.c                0x00000000   Number         0  fdiv.o ABSOLUTE
    ../fplib/microlib/fpdiv.c                0x00000000   Number         0  ddiv.o ABSOLUTE
    ../fplib/microlib/fpepilogue.c           0x00000000   Number         0  depilogue.o ABSOLUTE
    ../fplib/microlib/fpepilogue.c           0x00000000   Number         0  fepilogue.o ABSOLUTE
    ../fplib/microlib/fpfix.c                0x00000000   Number         0  ffixui.o ABSOLUTE
    ../fplib/microlib/fpfix.c                0x00000000   Number         0  dfixui.o ABSOLUTE
    ../fplib/microlib/fpfix.c                0x00000000   Number         0  dfixul.o ABSOLUTE
    ../fplib/microlib/fpfix.c                0x00000000   Number         0  ffixi.o ABSOLUTE
    ../fplib/microlib/fpflt.c                0x00000000   Number         0  dflti.o ABSOLUTE
    ../fplib/microlib/fpflt.c                0x00000000   Number         0  ffltui.o ABSOLUTE
    ../fplib/microlib/fpflt.c                0x00000000   Number         0  fflti.o ABSOLUTE
    ../fplib/microlib/fpmul.c                0x00000000   Number         0  fmul.o ABSOLUTE
    ../fplib/microlib/fpmul.c                0x00000000   Number         0  dmul.o ABSOLUTE
    BOARD\24CXX\_24cxx.c                     0x00000000   Number         0  _24cxx.o ABSOLUTE
    BOARD\I2C\iic.c                          0x00000000   Number         0  iic.o ABSOLUTE
    BOARD\TIM\timer.c                        0x00000000   Number         0  timer.o ABSOLUTE
    BOARD\encoder\encoder.c                  0x00000000   Number         0  encoder.o ABSOLUTE
    BOARD\key\key.c                          0x00000000   Number         0  key.o ABSOLUTE
    BOARD\led\led.c                          0x00000000   Number         0  led.o ABSOLUTE
    BOARD\spi\spi.c                          0x00000000   Number         0  spi.o ABSOLUTE
    BOARD\tft\font.c                         0x00000000   Number         0  font.o ABSOLUTE
    BOARD\tft\tft.c                          0x00000000   Number         0  tft.o ABSOLUTE
    CORE\\core_cm3.c                         0x00000000   Number         0  core_cm3.o ABSOLUTE
    CORE\core_cm3.c                          0x00000000   Number         0  core_cm3.o ABSOLUTE
    CORE\startup_stm32f10x_md.s              0x00000000   Number         0  startup_stm32f10x_md.o ABSOLUTE
    STM32F10x_FWLib\src\misc.c               0x00000000   Number         0  misc.o ABSOLUTE
    STM32F10x_FWLib\src\stm32f10x_dma.c      0x00000000   Number         0  stm32f10x_dma.o ABSOLUTE
    STM32F10x_FWLib\src\stm32f10x_exti.c     0x00000000   Number         0  stm32f10x_exti.o ABSOLUTE
    STM32F10x_FWLib\src\stm32f10x_gpio.c     0x00000000   Number         0  stm32f10x_gpio.o ABSOLUTE
    STM32F10x_FWLib\src\stm32f10x_rcc.c      0x00000000   Number         0  stm32f10x_rcc.o ABSOLUTE
    STM32F10x_FWLib\src\stm32f10x_tim.c      0x00000000   Number         0  stm32f10x_tim.o ABSOLUTE
    STM32F10x_FWLib\src\stm32f10x_usart.c    0x00000000   Number         0  stm32f10x_usart.o ABSOLUTE
    SYSTEM\delay\delay.c                     0x00000000   Number         0  delay.o ABSOLUTE
    SYSTEM\sys\sys.c                         0x00000000   Number         0  sys.o ABSOLUTE
    SYSTEM\usart\usart.c                     0x00000000   Number         0  usart.o ABSOLUTE
    USER\main.c                              0x00000000   Number         0  main.o ABSOLUTE
    USER\stm32f10x_it.c                      0x00000000   Number         0  stm32f10x_it.o ABSOLUTE
    USER\system_stm32f10x.c                  0x00000000   Number         0  system_stm32f10x.o ABSOLUTE
    cdcmple.s                                0x00000000   Number         0  cdcmple.o ABSOLUTE
    cdrcmple.s                               0x00000000   Number         0  cdrcmple.o ABSOLUTE
    cfcmple.s                                0x00000000   Number         0  cfcmple.o ABSOLUTE
    cfrcmple.s                               0x00000000   Number         0  cfrcmple.o ABSOLUTE
    dc.s                                     0x00000000   Number         0  dc.o ABSOLUTE
    handlers.s                               0x00000000   Number         0  handlers.o ABSOLUTE
    init.s                                   0x00000000   Number         0  init.o ABSOLUTE
    RESET                                    0x08000000   Section      236  startup_stm32f10x_md.o(RESET)
    .ARM.Collect$$$$00000000                 0x080000ec   Section        0  entry.o(.ARM.Collect$$$$00000000)
    .ARM.Collect$$$$00000001                 0x080000ec   Section        4  entry2.o(.ARM.Collect$$$$00000001)
    .ARM.Collect$$$$00000004                 0x080000f0   Section        4  entry5.o(.ARM.Collect$$$$00000004)
    .ARM.Collect$$$$00000008                 0x080000f4   Section        0  entry7b.o(.ARM.Collect$$$$00000008)
    .ARM.Collect$$$$0000000A                 0x080000f4   Section        0  entry8b.o(.ARM.Collect$$$$0000000A)
    .ARM.Collect$$$$0000000B                 0x080000f4   Section        8  entry9a.o(.ARM.Collect$$$$0000000B)
    .ARM.Collect$$$$0000000E                 0x080000fc   Section        4  entry12b.o(.ARM.Collect$$$$0000000E)
    .ARM.Collect$$$$0000000F                 0x08000100   Section        0  entry10a.o(.ARM.Collect$$$$0000000F)
    .ARM.Collect$$$$00000011                 0x08000100   Section        0  entry11a.o(.ARM.Collect$$$$00000011)
    .ARM.Collect$$$$00002712                 0x08000100   Section        4  entry2.o(.ARM.Collect$$$$00002712)
    __lit__00000000                          0x08000100   Data           4  entry2.o(.ARM.Collect$$$$00002712)
    .text                                    0x08000104   Section       36  startup_stm32f10x_md.o(.text)
    .text                                    0x08000128   Section        0  main.o(.text)
    .text                                    0x08000638   Section        0  stm32f10x_it.o(.text)
    .text                                    0x08000654   Section        0  system_stm32f10x.o(.text)
    SetSysClockTo72                          0x08000655   Thumb Code   214  system_stm32f10x.o(.text)
    SetSysClock                              0x0800072b   Thumb Code     8  system_stm32f10x.o(.text)
    .text                                    0x08000834   Section        0  misc.o(.text)
    .text                                    0x08000910   Section        0  stm32f10x_gpio.o(.text)
    .text                                    0x08000c6c   Section        0  stm32f10x_rcc.o(.text)
    .text                                    0x08001010   Section        0  stm32f10x_usart.o(.text)
    .text                                    0x08001418   Section        0  stm32f10x_exti.o(.text)
    .text                                    0x08001534   Section        0  stm32f10x_tim.o(.text)
    TI4_Config                               0x080019db   Thumb Code   130  stm32f10x_tim.o(.text)
    TI3_Config                               0x08001a6f   Thumb Code   122  stm32f10x_tim.o(.text)
    TI2_Config                               0x08001b03   Thumb Code   130  stm32f10x_tim.o(.text)
    TI1_Config                               0x08001b97   Thumb Code   108  stm32f10x_tim.o(.text)
    .text                                    0x08002350   Section        0  delay.o(.text)
    .text                                    0x08002430   Section        0  sys.o(.text)
    .text                                    0x0800243c   Section        0  usart.o(.text)
    .text                                    0x08002588   Section        0  key.o(.text)
    .text                                    0x08002684   Section        0  tft.o(.text)
    .text                                    0x0800391c   Section        0  encoder.o(.text)
    .text                                    0x08003a1c   Section        0  timer.o(.text)
    .text                                    0x08003b20   Section        0  _24cxx.o(.text)
    .text                                    0x08003ccc   Section        0  iic.o(.text)
    .text                                    0x08003f74   Section        0  spi.o(.text)
    .text                                    0x080042ec   Section        0  led.o(.text)
    .text                                    0x08004318   Section        0  fadd.o(.text)
    .text                                    0x080043c8   Section        0  fmul.o(.text)
    .text                                    0x0800442c   Section        0  fdiv.o(.text)
    .text                                    0x080044a8   Section        0  dadd.o(.text)
    .text                                    0x080045f6   Section        0  dmul.o(.text)
    .text                                    0x080046da   Section        0  ddiv.o(.text)
    .text                                    0x080047b8   Section        0  fflti.o(.text)
    .text                                    0x080047ca   Section        0  ffltui.o(.text)
    .text                                    0x080047d4   Section        0  dflti.o(.text)
    .text                                    0x080047f6   Section        0  ffixi.o(.text)
    .text                                    0x08004828   Section        0  ffixui.o(.text)
    .text                                    0x08004850   Section        0  dfixui.o(.text)
    .text                                    0x08004882   Section        0  f2d.o(.text)
    .text                                    0x080048a8   Section       48  cdcmple.o(.text)
    .text                                    0x080048d8   Section       48  cdrcmple.o(.text)
    .text                                    0x08004908   Section        0  d2f.o(.text)
    .text                                    0x08004940   Section       20  cfcmple.o(.text)
    .text                                    0x08004954   Section       20  cfrcmple.o(.text)
    .text                                    0x08004968   Section        0  uidiv.o(.text)
    .text                                    0x08004994   Section        0  uldiv.o(.text)
    .text                                    0x080049f6   Section        0  llshl.o(.text)
    .text                                    0x08004a14   Section        0  llushr.o(.text)
    .text                                    0x08004a34   Section        0  llsshr.o(.text)
    .text                                    0x08004a58   Section        0  fepilogue.o(.text)
    .text                                    0x08004a58   Section        0  iusefp.o(.text)
    .text                                    0x08004ac6   Section        0  depilogue.o(.text)
    .text                                    0x08004b80   Section        0  dfixul.o(.text)
    .text                                    0x08004bb0   Section       36  init.o(.text)
    .text                                    0x08004bd4   Section        0  __dczerorl2.o(.text)
    i.__0printf                              0x08004c2c   Section        0  printfa.o(i.__0printf)
    i.__scatterload_copy                     0x08004c4c   Section       14  handlers.o(i.__scatterload_copy)
    i.__scatterload_null                     0x08004c5a   Section        2  handlers.o(i.__scatterload_null)
    i.__scatterload_zeroinit                 0x08004c5c   Section       14  handlers.o(i.__scatterload_zeroinit)
    i._fp_digits                             0x08004c6c   Section        0  printfa.o(i._fp_digits)
    _fp_digits                               0x08004c6d   Thumb Code   366  printfa.o(i._fp_digits)
    i._printf_core                           0x08004df0   Section        0  printfa.o(i._printf_core)
    _printf_core                             0x08004df1   Thumb Code  1704  printfa.o(i._printf_core)
    i._printf_post_padding                   0x080054a4   Section        0  printfa.o(i._printf_post_padding)
    _printf_post_padding                     0x080054a5   Thumb Code    36  printfa.o(i._printf_post_padding)
    i._printf_pre_padding                    0x080054c8   Section        0  printfa.o(i._printf_pre_padding)
    _printf_pre_padding                      0x080054c9   Thumb Code    46  printfa.o(i._printf_pre_padding)
    .constdata                               0x080054f6   Section     1520  font.o(.constdata)
    .data                                    0x20000000   Section      376  main.o(.data)
    .data                                    0x20000178   Section       20  system_stm32f10x.o(.data)
    .data                                    0x2000018c   Section       20  stm32f10x_rcc.o(.data)
    APBAHBPrescTable                         0x2000018c   Data          16  stm32f10x_rcc.o(.data)
    ADCPrescTable                            0x2000019c   Data           4  stm32f10x_rcc.o(.data)
    .data                                    0x200001a0   Section        4  delay.o(.data)
    fac_us                                   0x200001a0   Data           1  delay.o(.data)
    fac_ms                                   0x200001a2   Data           2  delay.o(.data)
    .data                                    0x200001a4   Section        6  usart.o(.data)
    .data                                    0x200001aa   Section        9  key.o(.data)
    .data                                    0x200001b4   Section       18  tft.o(.data)
    .data                                    0x200001c8   Section        4  encoder.o(.data)
    .data                                    0x200001cc   Section        1  timer.o(.data)
    .bss                                     0x200001d0   Section       80  main.o(.bss)
    .bss                                     0x20000220   Section       20  usart.o(.bss)
    .bss                                     0x20000234   Section     1280  tft.o(.bss)
    STACK                                    0x20000738   Section     1024  startup_stm32f10x_md.o(STACK)

    Global Symbols

    Symbol Name                              Value     Ov Type        Size  Object(Section)

    BuildAttributes$$THM_ISAv4$P$D$K$B$S$PE$A:L22UL41UL21$X:L11$S22US41US21$IEEE1$IW$USESV6$~STKCKD$USESV7$~SHL$OTIME$ROPI$EBA8$MICROLIB$REQ8$PRES8$EABIv2 0x00000000   Number         0  anon$$obj.o ABSOLUTE
    __ARM_use_no_argv                        0x00000000   Number         0  main.o ABSOLUTE
    __use_no_errno                           0x00000000   Number         0  useno.o ABSOLUTE
    __use_no_exception_handling              0x00000000   Number         0  useno.o ABSOLUTE
    __use_no_fp                              0x00000000   Number         0  useno.o ABSOLUTE
    __use_no_heap                            0x00000000   Number         0  useno.o ABSOLUTE
    __use_no_heap_region                     0x00000000   Number         0  useno.o ABSOLUTE
    __use_no_semihosting                     0x00000000   Number         0  useno.o ABSOLUTE
    __use_no_semihosting_swi                 0x00000000   Number         0  useno.o ABSOLUTE
    __use_no_signal_handling                 0x00000000   Number         0  useno.o ABSOLUTE
    _printf_a                                0x00000000   Number         0  stubs.o ABSOLUTE
    _printf_c                                0x00000000   Number         0  stubs.o ABSOLUTE
    _printf_charcount                        0x00000000   Number         0  stubs.o ABSOLUTE
    _printf_d                                0x00000000   Number         0  stubs.o ABSOLUTE
    _printf_e                                0x00000000   Number         0  stubs.o ABSOLUTE
    _printf_f                                0x00000000   Number         0  stubs.o ABSOLUTE
    _printf_flags                            0x00000000   Number         0  stubs.o ABSOLUTE
    _printf_fp_dec                           0x00000000   Number         0  stubs.o ABSOLUTE
    _printf_fp_hex                           0x00000000   Number         0  stubs.o ABSOLUTE
    _printf_g                                0x00000000   Number         0  stubs.o ABSOLUTE
    _printf_i                                0x00000000   Number         0  stubs.o ABSOLUTE
    _printf_int_dec                          0x00000000   Number         0  stubs.o ABSOLUTE
    _printf_l                                0x00000000   Number         0  stubs.o ABSOLUTE
    _printf_lc                               0x00000000   Number         0  stubs.o ABSOLUTE
    _printf_ll                               0x00000000   Number         0  stubs.o ABSOLUTE
    _printf_lld                              0x00000000   Number         0  stubs.o ABSOLUTE
    _printf_lli                              0x00000000   Number         0  stubs.o ABSOLUTE
    _printf_llo                              0x00000000   Number         0  stubs.o ABSOLUTE
    _printf_llu                              0x00000000   Number         0  stubs.o ABSOLUTE
    _printf_llx                              0x00000000   Number         0  stubs.o ABSOLUTE
    _printf_longlong_dec                     0x00000000   Number         0  stubs.o ABSOLUTE
    _printf_longlong_hex                     0x00000000   Number         0  stubs.o ABSOLUTE
    _printf_longlong_oct                     0x00000000   Number         0  stubs.o ABSOLUTE
    _printf_ls                               0x00000000   Number         0  stubs.o ABSOLUTE
    _printf_mbtowc                           0x00000000   Number         0  stubs.o ABSOLUTE
    _printf_n                                0x00000000   Number         0  stubs.o ABSOLUTE
    _printf_o                                0x00000000   Number         0  stubs.o ABSOLUTE
    _printf_p                                0x00000000   Number         0  stubs.o ABSOLUTE
    _printf_percent                          0x00000000   Number         0  stubs.o ABSOLUTE
    _printf_pre_padding                      0x00000000   Number         0  stubs.o ABSOLUTE
    _printf_return_value                     0x00000000   Number         0  stubs.o ABSOLUTE
    _printf_s                                0x00000000   Number         0  stubs.o ABSOLUTE
    _printf_sizespec                         0x00000000   Number         0  stubs.o ABSOLUTE
    _printf_str                              0x00000000   Number         0  stubs.o ABSOLUTE
    _printf_truncate_signed                  0x00000000   Number         0  stubs.o ABSOLUTE
    _printf_truncate_unsigned                0x00000000   Number         0  stubs.o ABSOLUTE
    _printf_u                                0x00000000   Number         0  stubs.o ABSOLUTE
    _printf_wc                               0x00000000   Number         0  stubs.o ABSOLUTE
    _printf_wctomb                           0x00000000   Number         0  stubs.o ABSOLUTE
    _printf_widthprec                        0x00000000   Number         0  stubs.o ABSOLUTE
    _printf_x                                0x00000000   Number         0  stubs.o ABSOLUTE
    __arm_fini_                               - Undefined Weak Reference
    __cpp_initialize__aeabi_                  - Undefined Weak Reference
    __cxa_finalize                            - Undefined Weak Reference
    _clock_init                               - Undefined Weak Reference
    _microlib_exit                            - Undefined Weak Reference
    __Vectors_Size                           0x000000ec   Number         0  startup_stm32f10x_md.o ABSOLUTE
    __Vectors                                0x08000000   Data           4  startup_stm32f10x_md.o(RESET)
    __Vectors_End                            0x080000ec   Data           0  startup_stm32f10x_md.o(RESET)
    __main                                   0x080000ed   Thumb Code     0  entry.o(.ARM.Collect$$$$00000000)
    _main_stk                                0x080000ed   Thumb Code     0  entry2.o(.ARM.Collect$$$$00000001)
    _main_scatterload                        0x080000f1   Thumb Code     0  entry5.o(.ARM.Collect$$$$00000004)
    __main_after_scatterload                 0x080000f5   Thumb Code     0  entry5.o(.ARM.Collect$$$$00000004)
    _main_clock                              0x080000f5   Thumb Code     0  entry7b.o(.ARM.Collect$$$$00000008)
    _main_cpp_init                           0x080000f5   Thumb Code     0  entry8b.o(.ARM.Collect$$$$0000000A)
    _main_init                               0x080000f5   Thumb Code     0  entry9a.o(.ARM.Collect$$$$0000000B)
    __rt_lib_shutdown_fini                   0x080000fd   Thumb Code     0  entry12b.o(.ARM.Collect$$$$0000000E)
    __rt_final_cpp                           0x08000101   Thumb Code     0  entry10a.o(.ARM.Collect$$$$0000000F)
    __rt_final_exit                          0x08000101   Thumb Code     0  entry11a.o(.ARM.Collect$$$$00000011)
    Reset_Handler                            0x08000105   Thumb Code     8  startup_stm32f10x_md.o(.text)
    ADC1_2_IRQHandler                        0x0800011f   Thumb Code     0  startup_stm32f10x_md.o(.text)
    CAN1_RX1_IRQHandler                      0x0800011f   Thumb Code     0  startup_stm32f10x_md.o(.text)
    CAN1_SCE_IRQHandler                      0x0800011f   Thumb Code     0  startup_stm32f10x_md.o(.text)
    DMA1_Channel1_IRQHandler                 0x0800011f   Thumb Code     0  startup_stm32f10x_md.o(.text)
    DMA1_Channel2_IRQHandler                 0x0800011f   Thumb Code     0  startup_stm32f10x_md.o(.text)
    DMA1_Channel3_IRQHandler                 0x0800011f   Thumb Code     0  startup_stm32f10x_md.o(.text)
    DMA1_Channel4_IRQHandler                 0x0800011f   Thumb Code     0  startup_stm32f10x_md.o(.text)
    DMA1_Channel5_IRQHandler                 0x0800011f   Thumb Code     0  startup_stm32f10x_md.o(.text)
    DMA1_Channel6_IRQHandler                 0x0800011f   Thumb Code     0  startup_stm32f10x_md.o(.text)
    DMA1_Channel7_IRQHandler                 0x0800011f   Thumb Code     0  startup_stm32f10x_md.o(.text)
    EXTI0_IRQHandler                         0x0800011f   Thumb Code     0  startup_stm32f10x_md.o(.text)
    EXTI15_10_IRQHandler                     0x0800011f   Thumb Code     0  startup_stm32f10x_md.o(.text)
    EXTI1_IRQHandler                         0x0800011f   Thumb Code     0  startup_stm32f10x_md.o(.text)
    EXTI2_IRQHandler                         0x0800011f   Thumb Code     0  startup_stm32f10x_md.o(.text)
    EXTI3_IRQHandler                         0x0800011f   Thumb Code     0  startup_stm32f10x_md.o(.text)
    EXTI4_IRQHandler                         0x0800011f   Thumb Code     0  startup_stm32f10x_md.o(.text)
    FLASH_IRQHandler                         0x0800011f   Thumb Code     0  startup_stm32f10x_md.o(.text)
    I2C1_ER_IRQHandler                       0x0800011f   Thumb Code     0  startup_stm32f10x_md.o(.text)
    I2C1_EV_IRQHandler                       0x0800011f   Thumb Code     0  startup_stm32f10x_md.o(.text)
    I2C2_ER_IRQHandler                       0x0800011f   Thumb Code     0  startup_stm32f10x_md.o(.text)
    I2C2_EV_IRQHandler                       0x0800011f   Thumb Code     0  startup_stm32f10x_md.o(.text)
    PVD_IRQHandler                           0x0800011f   Thumb Code     0  startup_stm32f10x_md.o(.text)
    RCC_IRQHandler                           0x0800011f   Thumb Code     0  startup_stm32f10x_md.o(.text)
    RTCAlarm_IRQHandler                      0x0800011f   Thumb Code     0  startup_stm32f10x_md.o(.text)
    RTC_IRQHandler                           0x0800011f   Thumb Code     0  startup_stm32f10x_md.o(.text)
    SPI1_IRQHandler                          0x0800011f   Thumb Code     0  startup_stm32f10x_md.o(.text)
    SPI2_IRQHandler                          0x0800011f   Thumb Code     0  startup_stm32f10x_md.o(.text)
    TAMPER_IRQHandler                        0x0800011f   Thumb Code     0  startup_stm32f10x_md.o(.text)
    TIM1_BRK_IRQHandler                      0x0800011f   Thumb Code     0  startup_stm32f10x_md.o(.text)
    TIM1_CC_IRQHandler                       0x0800011f   Thumb Code     0  startup_stm32f10x_md.o(.text)
    TIM1_TRG_COM_IRQHandler                  0x0800011f   Thumb Code     0  startup_stm32f10x_md.o(.text)
    TIM1_UP_IRQHandler                       0x0800011f   Thumb Code     0  startup_stm32f10x_md.o(.text)
    TIM4_IRQHandler                          0x0800011f   Thumb Code     0  startup_stm32f10x_md.o(.text)
    USART2_IRQHandler                        0x0800011f   Thumb Code     0  startup_stm32f10x_md.o(.text)
    USART3_IRQHandler                        0x0800011f   Thumb Code     0  startup_stm32f10x_md.o(.text)
    USBWakeUp_IRQHandler                     0x0800011f   Thumb Code     0  startup_stm32f10x_md.o(.text)
    USB_HP_CAN1_TX_IRQHandler                0x0800011f   Thumb Code     0  startup_stm32f10x_md.o(.text)
    USB_LP_CAN1_RX0_IRQHandler               0x0800011f   Thumb Code     0  startup_stm32f10x_md.o(.text)
    WWDG_IRQHandler                          0x0800011f   Thumb Code     0  startup_stm32f10x_md.o(.text)
    PID_SetParams                            0x08000129   Thumb Code   330  main.o(.text)
    BubbleSort                               0x08000273   Thumb Code    72  main.o(.text)
    PD_Sampling                              0x080002bb   Thumb Code    42  main.o(.text)
    Control                                  0x080002e5   Thumb Code   244  main.o(.text)
    main                                     0x080003d9   Thumb Code   286  main.o(.text)
    TIM2_IRQHandler                          0x080004f7   Thumb Code   312  main.o(.text)
    NMI_Handler                              0x08000639   Thumb Code     2  stm32f10x_it.o(.text)
    HardFault_Handler                        0x0800063b   Thumb Code     4  stm32f10x_it.o(.text)
    MemManage_Handler                        0x0800063f   Thumb Code     4  stm32f10x_it.o(.text)
    BusFault_Handler                         0x08000643   Thumb Code     4  stm32f10x_it.o(.text)
    UsageFault_Handler                       0x08000647   Thumb Code     4  stm32f10x_it.o(.text)
    SVC_Handler                              0x0800064b   Thumb Code     2  stm32f10x_it.o(.text)
    DebugMon_Handler                         0x0800064d   Thumb Code     2  stm32f10x_it.o(.text)
    PendSV_Handler                           0x0800064f   Thumb Code     2  stm32f10x_it.o(.text)
    SysTick_Handler                          0x08000651   Thumb Code     2  stm32f10x_it.o(.text)
    SystemInit                               0x08000733   Thumb Code    78  system_stm32f10x.o(.text)
    SystemCoreClockUpdate                    0x08000781   Thumb Code   142  system_stm32f10x.o(.text)
    NVIC_PriorityGroupConfig                 0x08000835   Thumb Code    10  misc.o(.text)
    NVIC_Init                                0x0800083f   Thumb Code   100  misc.o(.text)
    NVIC_SetVectorTable                      0x080008a3   Thumb Code    14  misc.o(.text)
    NVIC_SystemLPConfig                      0x080008b1   Thumb Code    34  misc.o(.text)
    SysTick_CLKSourceConfig                  0x080008d3   Thumb Code    40  misc.o(.text)
    GPIO_DeInit                              0x08000911   Thumb Code   172  stm32f10x_gpio.o(.text)
    GPIO_AFIODeInit                          0x080009bd   Thumb Code    20  stm32f10x_gpio.o(.text)
    GPIO_Init                                0x080009d1   Thumb Code   278  stm32f10x_gpio.o(.text)
    GPIO_StructInit                          0x08000ae7   Thumb Code    16  stm32f10x_gpio.o(.text)
    GPIO_ReadInputDataBit                    0x08000af7   Thumb Code    18  stm32f10x_gpio.o(.text)
    GPIO_ReadInputData                       0x08000b09   Thumb Code     8  stm32f10x_gpio.o(.text)
    GPIO_ReadOutputDataBit                   0x08000b11   Thumb Code    18  stm32f10x_gpio.o(.text)
    GPIO_ReadOutputData                      0x08000b23   Thumb Code     8  stm32f10x_gpio.o(.text)
    GPIO_SetBits                             0x08000b2b   Thumb Code     4  stm32f10x_gpio.o(.text)
    GPIO_ResetBits                           0x08000b2f   Thumb Code     4  stm32f10x_gpio.o(.text)
    GPIO_WriteBit                            0x08000b33   Thumb Code    10  stm32f10x_gpio.o(.text)
    GPIO_Write                               0x08000b3d   Thumb Code     4  stm32f10x_gpio.o(.text)
    GPIO_PinLockConfig                       0x08000b41   Thumb Code    18  stm32f10x_gpio.o(.text)
    GPIO_EventOutputConfig                   0x08000b53   Thumb Code    26  stm32f10x_gpio.o(.text)
    GPIO_EventOutputCmd                      0x08000b6d   Thumb Code     6  stm32f10x_gpio.o(.text)
    GPIO_PinRemapConfig                      0x08000b73   Thumb Code   138  stm32f10x_gpio.o(.text)
    GPIO_EXTILineConfig                      0x08000bfd   Thumb Code    66  stm32f10x_gpio.o(.text)
    GPIO_ETH_MediaInterfaceConfig            0x08000c3f   Thumb Code     8  stm32f10x_gpio.o(.text)
    RCC_DeInit                               0x08000c6d   Thumb Code    64  stm32f10x_rcc.o(.text)
    RCC_HSEConfig                            0x08000cad   Thumb Code    70  stm32f10x_rcc.o(.text)
    RCC_GetFlagStatus                        0x08000cf3   Thumb Code    56  stm32f10x_rcc.o(.text)
    RCC_WaitForHSEStartUp                    0x08000d2b   Thumb Code    56  stm32f10x_rcc.o(.text)
    RCC_AdjustHSICalibrationValue            0x08000d63   Thumb Code    20  stm32f10x_rcc.o(.text)
    RCC_HSICmd                               0x08000d77   Thumb Code     6  stm32f10x_rcc.o(.text)
    RCC_PLLConfig                            0x08000d7d   Thumb Code    24  stm32f10x_rcc.o(.text)
    RCC_PLLCmd                               0x08000d95   Thumb Code     6  stm32f10x_rcc.o(.text)
    RCC_SYSCLKConfig                         0x08000d9b   Thumb Code    18  stm32f10x_rcc.o(.text)
    RCC_GetSYSCLKSource                      0x08000dad   Thumb Code    10  stm32f10x_rcc.o(.text)
    RCC_HCLKConfig                           0x08000db7   Thumb Code    18  stm32f10x_rcc.o(.text)
    RCC_PCLK1Config                          0x08000dc9   Thumb Code    18  stm32f10x_rcc.o(.text)
    RCC_PCLK2Config                          0x08000ddb   Thumb Code    20  stm32f10x_rcc.o(.text)
    RCC_ITConfig                             0x08000def   Thumb Code    26  stm32f10x_rcc.o(.text)
    RCC_USBCLKConfig                         0x08000e09   Thumb Code     8  stm32f10x_rcc.o(.text)
    RCC_ADCCLKConfig                         0x08000e11   Thumb Code    18  stm32f10x_rcc.o(.text)
    RCC_LSEConfig                            0x08000e23   Thumb Code    50  stm32f10x_rcc.o(.text)
    RCC_LSICmd                               0x08000e55   Thumb Code     6  stm32f10x_rcc.o(.text)
    RCC_RTCCLKConfig                         0x08000e5b   Thumb Code    12  stm32f10x_rcc.o(.text)
    RCC_RTCCLKCmd                            0x08000e67   Thumb Code     8  stm32f10x_rcc.o(.text)
    RCC_GetClocksFreq                        0x08000e6f   Thumb Code   192  stm32f10x_rcc.o(.text)
    RCC_AHBPeriphClockCmd                    0x08000f2f   Thumb Code    26  stm32f10x_rcc.o(.text)
    RCC_APB2PeriphClockCmd                   0x08000f49   Thumb Code    26  stm32f10x_rcc.o(.text)
    RCC_APB1PeriphClockCmd                   0x08000f63   Thumb Code    26  stm32f10x_rcc.o(.text)
    RCC_APB2PeriphResetCmd                   0x08000f7d   Thumb Code    26  stm32f10x_rcc.o(.text)
    RCC_APB1PeriphResetCmd                   0x08000f97   Thumb Code    26  stm32f10x_rcc.o(.text)
    RCC_BackupResetCmd                       0x08000fb1   Thumb Code     8  stm32f10x_rcc.o(.text)
    RCC_ClockSecuritySystemCmd               0x08000fb9   Thumb Code     6  stm32f10x_rcc.o(.text)
    RCC_MCOConfig                            0x08000fbf   Thumb Code     6  stm32f10x_rcc.o(.text)
    RCC_ClearFlag                            0x08000fc5   Thumb Code    14  stm32f10x_rcc.o(.text)
    RCC_GetITStatus                          0x08000fd3   Thumb Code    20  stm32f10x_rcc.o(.text)
    RCC_ClearITPendingBit                    0x08000fe7   Thumb Code     6  stm32f10x_rcc.o(.text)
    USART_DeInit                             0x08001011   Thumb Code   134  stm32f10x_usart.o(.text)
    USART_Init                               0x08001097   Thumb Code   210  stm32f10x_usart.o(.text)
    USART_StructInit                         0x08001169   Thumb Code    24  stm32f10x_usart.o(.text)
    USART_ClockInit                          0x08001181   Thumb Code    34  stm32f10x_usart.o(.text)
    USART_ClockStructInit                    0x080011a3   Thumb Code    12  stm32f10x_usart.o(.text)
    USART_Cmd                                0x080011af   Thumb Code    24  stm32f10x_usart.o(.text)
    USART_ITConfig                           0x080011c7   Thumb Code    74  stm32f10x_usart.o(.text)
    USART_DMACmd                             0x08001211   Thumb Code    18  stm32f10x_usart.o(.text)
    USART_SetAddress                         0x08001223   Thumb Code    18  stm32f10x_usart.o(.text)
    USART_WakeUpConfig                       0x08001235   Thumb Code    18  stm32f10x_usart.o(.text)
    USART_ReceiverWakeUpCmd                  0x08001247   Thumb Code    24  stm32f10x_usart.o(.text)
    USART_LINBreakDetectLengthConfig         0x0800125f   Thumb Code    18  stm32f10x_usart.o(.text)
    USART_LINCmd                             0x08001271   Thumb Code    24  stm32f10x_usart.o(.text)
    USART_SendData                           0x08001289   Thumb Code     8  stm32f10x_usart.o(.text)
    USART_ReceiveData                        0x08001291   Thumb Code    10  stm32f10x_usart.o(.text)
    USART_SendBreak                          0x0800129b   Thumb Code    10  stm32f10x_usart.o(.text)
    USART_SetGuardTime                       0x080012a5   Thumb Code    16  stm32f10x_usart.o(.text)
    USART_SetPrescaler                       0x080012b5   Thumb Code    16  stm32f10x_usart.o(.text)
    USART_SmartCardCmd                       0x080012c5   Thumb Code    24  stm32f10x_usart.o(.text)
    USART_SmartCardNACKCmd                   0x080012dd   Thumb Code    24  stm32f10x_usart.o(.text)
    USART_HalfDuplexCmd                      0x080012f5   Thumb Code    24  stm32f10x_usart.o(.text)
    USART_OverSampling8Cmd                   0x0800130d   Thumb Code    22  stm32f10x_usart.o(.text)
    USART_OneBitMethodCmd                    0x08001323   Thumb Code    24  stm32f10x_usart.o(.text)
    USART_IrDAConfig                         0x0800133b   Thumb Code    18  stm32f10x_usart.o(.text)
    USART_IrDACmd                            0x0800134d   Thumb Code    24  stm32f10x_usart.o(.text)
    USART_GetFlagStatus                      0x08001365   Thumb Code    26  stm32f10x_usart.o(.text)
    USART_ClearFlag                          0x0800137f   Thumb Code    18  stm32f10x_usart.o(.text)
    USART_GetITStatus                        0x08001391   Thumb Code    84  stm32f10x_usart.o(.text)
    USART_ClearITPendingBit                  0x080013e5   Thumb Code    52  stm32f10x_usart.o(.text)
    EXTI_DeInit                              0x08001419   Thumb Code    28  stm32f10x_exti.o(.text)
    EXTI_Init                                0x08001435   Thumb Code   142  stm32f10x_exti.o(.text)
    EXTI_StructInit                          0x080014c3   Thumb Code    16  stm32f10x_exti.o(.text)
    EXTI_GenerateSWInterrupt                 0x080014d3   Thumb Code    16  stm32f10x_exti.o(.text)
    EXTI_GetFlagStatus                       0x080014e3   Thumb Code    22  stm32f10x_exti.o(.text)
    EXTI_ClearFlag                           0x080014f9   Thumb Code     8  stm32f10x_exti.o(.text)
    EXTI_GetITStatus                         0x08001501   Thumb Code    34  stm32f10x_exti.o(.text)
    EXTI_ClearITPendingBit                   0x08001523   Thumb Code     8  stm32f10x_exti.o(.text)
    TIM_DeInit                               0x08001535   Thumb Code   424  stm32f10x_tim.o(.text)
    TIM_TimeBaseInit                         0x080016dd   Thumb Code   122  stm32f10x_tim.o(.text)
    TIM_OC1Init                              0x08001757   Thumb Code   132  stm32f10x_tim.o(.text)
    TIM_OC2Init                              0x080017db   Thumb Code   154  stm32f10x_tim.o(.text)
    TIM_OC3Init                              0x08001875   Thumb Code   150  stm32f10x_tim.o(.text)
    TIM_OC4Init                              0x0800190b   Thumb Code   182  stm32f10x_tim.o(.text)
    TIM_SetIC4Prescaler                      0x080019c1   Thumb Code    26  stm32f10x_tim.o(.text)
    TIM_SetIC3Prescaler                      0x08001a5d   Thumb Code    18  stm32f10x_tim.o(.text)
    TIM_SetIC2Prescaler                      0x08001ae9   Thumb Code    26  stm32f10x_tim.o(.text)
    TIM_SetIC1Prescaler                      0x08001b85   Thumb Code    18  stm32f10x_tim.o(.text)
    TIM_ICInit                               0x08001c03   Thumb Code   150  stm32f10x_tim.o(.text)
    TIM_PWMIConfig                           0x08001c99   Thumb Code   124  stm32f10x_tim.o(.text)
    TIM_BDTRConfig                           0x08001d15   Thumb Code    32  stm32f10x_tim.o(.text)
    TIM_TimeBaseStructInit                   0x08001d35   Thumb Code    18  stm32f10x_tim.o(.text)
    TIM_OCStructInit                         0x08001d47   Thumb Code    20  stm32f10x_tim.o(.text)
    TIM_ICStructInit                         0x08001d5b   Thumb Code    18  stm32f10x_tim.o(.text)
    TIM_BDTRStructInit                       0x08001d6d   Thumb Code    40  stm32f10x_tim.o(.text)
    TIM_Cmd                                  0x08001d95   Thumb Code    24  stm32f10x_tim.o(.text)
    TIM_CtrlPWMOutputs                       0x08001dad   Thumb Code    30  stm32f10x_tim.o(.text)
    TIM_ITConfig                             0x08001dcb   Thumb Code    18  stm32f10x_tim.o(.text)
    TIM_GenerateEvent                        0x08001ddd   Thumb Code     4  stm32f10x_tim.o(.text)
    TIM_DMAConfig                            0x08001de1   Thumb Code    10  stm32f10x_tim.o(.text)
    TIM_DMACmd                               0x08001deb   Thumb Code    18  stm32f10x_tim.o(.text)
    TIM_InternalClockConfig                  0x08001dfd   Thumb Code    12  stm32f10x_tim.o(.text)
    TIM_SelectInputTrigger                   0x08001e09   Thumb Code    18  stm32f10x_tim.o(.text)
    TIM_ITRxExternalClockConfig              0x08001e1b   Thumb Code    24  stm32f10x_tim.o(.text)
    TIM_TIxExternalClockConfig               0x08001e33   Thumb Code    62  stm32f10x_tim.o(.text)
    TIM_ETRConfig                            0x08001e71   Thumb Code    28  stm32f10x_tim.o(.text)
    TIM_ETRClockMode1Config                  0x08001e8d   Thumb Code    54  stm32f10x_tim.o(.text)
    TIM_ETRClockMode2Config                  0x08001ec3   Thumb Code    32  stm32f10x_tim.o(.text)
    TIM_PrescalerConfig                      0x08001ee3   Thumb Code     6  stm32f10x_tim.o(.text)
    TIM_CounterModeConfig                    0x08001ee9   Thumb Code    18  stm32f10x_tim.o(.text)
    TIM_EncoderInterfaceConfig               0x08001efb   Thumb Code    66  stm32f10x_tim.o(.text)
    TIM_ForcedOC1Config                      0x08001f3d   Thumb Code    18  stm32f10x_tim.o(.text)
    TIM_ForcedOC2Config                      0x08001f4f   Thumb Code    26  stm32f10x_tim.o(.text)
    TIM_ForcedOC3Config                      0x08001f69   Thumb Code    18  stm32f10x_tim.o(.text)
    TIM_ForcedOC4Config                      0x08001f7b   Thumb Code    26  stm32f10x_tim.o(.text)
    TIM_ARRPreloadConfig                     0x08001f95   Thumb Code    24  stm32f10x_tim.o(.text)
    TIM_SelectCOM                            0x08001fad   Thumb Code    24  stm32f10x_tim.o(.text)
    TIM_SelectCCDMA                          0x08001fc5   Thumb Code    24  stm32f10x_tim.o(.text)
    TIM_CCPreloadControl                     0x08001fdd   Thumb Code    24  stm32f10x_tim.o(.text)
    TIM_OC1PreloadConfig                     0x08001ff5   Thumb Code    18  stm32f10x_tim.o(.text)
    TIM_OC2PreloadConfig                     0x08002007   Thumb Code    26  stm32f10x_tim.o(.text)
    TIM_OC3PreloadConfig                     0x08002021   Thumb Code    18  stm32f10x_tim.o(.text)
    TIM_OC4PreloadConfig                     0x08002033   Thumb Code    26  stm32f10x_tim.o(.text)
    TIM_OC1FastConfig                        0x0800204d   Thumb Code    18  stm32f10x_tim.o(.text)
    TIM_OC2FastConfig                        0x0800205f   Thumb Code    26  stm32f10x_tim.o(.text)
    TIM_OC3FastConfig                        0x08002079   Thumb Code    18  stm32f10x_tim.o(.text)
    TIM_OC4FastConfig                        0x0800208b   Thumb Code    26  stm32f10x_tim.o(.text)
    TIM_ClearOC1Ref                          0x080020a5   Thumb Code    18  stm32f10x_tim.o(.text)
    TIM_ClearOC2Ref                          0x080020b7   Thumb Code    24  stm32f10x_tim.o(.text)
    TIM_ClearOC3Ref                          0x080020cf   Thumb Code    18  stm32f10x_tim.o(.text)
    TIM_ClearOC4Ref                          0x080020e1   Thumb Code    24  stm32f10x_tim.o(.text)
    TIM_OC1PolarityConfig                    0x080020f9   Thumb Code    18  stm32f10x_tim.o(.text)
    TIM_OC1NPolarityConfig                   0x0800210b   Thumb Code    18  stm32f10x_tim.o(.text)
    TIM_OC2PolarityConfig                    0x0800211d   Thumb Code    26  stm32f10x_tim.o(.text)
    TIM_OC2NPolarityConfig                   0x08002137   Thumb Code    26  stm32f10x_tim.o(.text)
    TIM_OC3PolarityConfig                    0x08002151   Thumb Code    26  stm32f10x_tim.o(.text)
    TIM_OC3NPolarityConfig                   0x0800216b   Thumb Code    26  stm32f10x_tim.o(.text)
    TIM_OC4PolarityConfig                    0x08002185   Thumb Code    26  stm32f10x_tim.o(.text)
    TIM_CCxCmd                               0x0800219f   Thumb Code    30  stm32f10x_tim.o(.text)
    TIM_CCxNCmd                              0x080021bd   Thumb Code    30  stm32f10x_tim.o(.text)
    TIM_SelectOCxM                           0x080021db   Thumb Code    82  stm32f10x_tim.o(.text)
    TIM_UpdateDisableConfig                  0x0800222d   Thumb Code    24  stm32f10x_tim.o(.text)
    TIM_UpdateRequestConfig                  0x08002245   Thumb Code    24  stm32f10x_tim.o(.text)
    TIM_SelectHallSensor                     0x0800225d   Thumb Code    24  stm32f10x_tim.o(.text)
    TIM_SelectOnePulseMode                   0x08002275   Thumb Code    18  stm32f10x_tim.o(.text)
    TIM_SelectOutputTrigger                  0x08002287   Thumb Code    18  stm32f10x_tim.o(.text)
    TIM_SelectSlaveMode                      0x08002299   Thumb Code    18  stm32f10x_tim.o(.text)
    TIM_SelectMasterSlaveMode                0x080022ab   Thumb Code    18  stm32f10x_tim.o(.text)
    TIM_SetCounter                           0x080022bd   Thumb Code     4  stm32f10x_tim.o(.text)
    TIM_SetAutoreload                        0x080022c1   Thumb Code     4  stm32f10x_tim.o(.text)
    TIM_SetCompare1                          0x080022c5   Thumb Code     4  stm32f10x_tim.o(.text)
    TIM_SetCompare2                          0x080022c9   Thumb Code     4  stm32f10x_tim.o(.text)
    TIM_SetCompare3                          0x080022cd   Thumb Code     4  stm32f10x_tim.o(.text)
    TIM_SetCompare4                          0x080022d1   Thumb Code     6  stm32f10x_tim.o(.text)
    TIM_SetClockDivision                     0x080022d7   Thumb Code    18  stm32f10x_tim.o(.text)
    TIM_GetCapture1                          0x080022e9   Thumb Code     6  stm32f10x_tim.o(.text)
    TIM_GetCapture2                          0x080022ef   Thumb Code     6  stm32f10x_tim.o(.text)
    TIM_GetCapture3                          0x080022f5   Thumb Code     6  stm32f10x_tim.o(.text)
    TIM_GetCapture4                          0x080022fb   Thumb Code     8  stm32f10x_tim.o(.text)
    TIM_GetCounter                           0x08002303   Thumb Code     6  stm32f10x_tim.o(.text)
    TIM_GetPrescaler                         0x08002309   Thumb Code     6  stm32f10x_tim.o(.text)
    TIM_GetFlagStatus                        0x0800230f   Thumb Code    18  stm32f10x_tim.o(.text)
    TIM_ClearFlag                            0x08002321   Thumb Code     6  stm32f10x_tim.o(.text)
    TIM_GetITStatus                          0x08002327   Thumb Code    34  stm32f10x_tim.o(.text)
    TIM_ClearITPendingBit                    0x08002349   Thumb Code     6  stm32f10x_tim.o(.text)
    delay_init                               0x08002351   Thumb Code    50  delay.o(.text)
    delay_us                                 0x08002383   Thumb Code    72  delay.o(.text)
    delay_ms                                 0x080023cb   Thumb Code    72  delay.o(.text)
    Delay                                    0x08002413   Thumb Code    14  delay.o(.text)
    NVIC_Configuration                       0x08002431   Thumb Code    12  sys.o(.text)
    _sys_exit                                0x0800243d   Thumb Code     4  usart.o(.text)
    fputc                                    0x08002441   Thumb Code    24  usart.o(.text)
    uart_init                                0x08002459   Thumb Code   164  usart.o(.text)
    USART1_IRQHandler                        0x080024fd   Thumb Code   122  usart.o(.text)
    KEY_Init                                 0x08002589   Thumb Code    64  key.o(.text)
    KEY_Disable                              0x080025c9   Thumb Code     8  key.o(.text)
    TIM3_IRQHandler                          0x080025d1   Thumb Code   146  key.o(.text)
    TFT_WriteCmd                             0x08002685   Thumb Code   154  tft.o(.text)
    TFT_WriteData                            0x0800271f   Thumb Code   154  tft.o(.text)
    TFT_Init                                 0x080027b9   Thumb Code   622  tft.o(.text)
    TFT_DeInit                               0x08002a27   Thumb Code    16  tft.o(.text)
    TFT_WriteGram                            0x08002a37   Thumb Code    18  tft.o(.text)
    TFT_ReadData                             0x08002a49   Thumb Code   228  tft.o(.text)
    TFT_Read8bitReg                          0x08002b2d   Thumb Code    16  tft.o(.text)
    TFT_Read24bitReg                         0x08002b3d   Thumb Code    52  tft.o(.text)
    TFT_Read32bitReg                         0x08002b71   Thumb Code    60  tft.o(.text)
    TFT_SetAddr                              0x08002bad   Thumb Code    70  tft.o(.text)
    TFT_ClrScr                               0x08002bf3   Thumb Code    58  tft.o(.text)
    TFT_DrawPoint                            0x08002c2d   Thumb Code    34  tft.o(.text)
    TFT_ClrPoint                             0x08002c4f   Thumb Code    34  tft.o(.text)
    TFT_SetColor                             0x08002c71   Thumb Code    14  tft.o(.text)
    TFT_ShowASCII                            0x08002c7f   Thumb Code   124  tft.o(.text)
    TFT_ShowString                           0x08002cfb   Thumb Code    84  tft.o(.text)
    int2MY_int                               0x08002d4f   Thumb Code   116  tft.o(.text)
    TFT_ShowNumInt                           0x08002dc3   Thumb Code   114  tft.o(.text)
    TFT_ShowNumFloat                         0x08002e35   Thumb Code   288  tft.o(.text)
    TFT_ShowNumEform                         0x08002f55   Thumb Code   314  tft.o(.text)
    TFT_SetPrintfAddr                        0x0800308f   Thumb Code    10  tft.o(.text)
    TFT_DrawLine                             0x08003099   Thumb Code   174  tft.o(.text)
    TFT_ClrLine                              0x08003147   Thumb Code   174  tft.o(.text)
    TFT_Point2Curve                          0x080031f5   Thumb Code    78  tft.o(.text)
    TFT_DrawCurve                            0x08003243   Thumb Code   250  tft.o(.text)
    TFT_ClrCurve                             0x0800333d   Thumb Code    28  tft.o(.text)
    TFT_ClrArea                              0x08003359   Thumb Code    74  tft.o(.text)
    TFT_ClrBuf                               0x080033a3   Thumb Code    22  tft.o(.text)
    float2MY_floatE                          0x080033b9   Thumb Code   398  tft.o(.text)
    MY_floatE2float                          0x08003547   Thumb Code   186  tft.o(.text)
    TFT_GetNum                               0x08003601   Thumb Code   568  tft.o(.text)
    TFT_ClrPageASCII                         0x08003839   Thumb Code    62  tft.o(.text)
    TFT_DrawAxis                             0x08003877   Thumb Code   150  tft.o(.text)
    ENCODER_Init                             0x0800391d   Thumb Code   122  encoder.o(.text)
    ENCODER_Disable                          0x08003997   Thumb Code    30  encoder.o(.text)
    EXTI9_5_IRQHandler                       0x080039b5   Thumb Code    88  encoder.o(.text)
    TIM2_Init                                0x08003a1d   Thumb Code    90  timer.o(.text)
    TIM2_DISABLE                             0x08003a77   Thumb Code    40  timer.o(.text)
    TIM3_Init                                0x08003a9f   Thumb Code    86  timer.o(.text)
    TIM3_DISABLE                             0x08003af5   Thumb Code    38  timer.o(.text)
    AT24CXX_Init                             0x08003b21   Thumb Code     8  _24cxx.o(.text)
    AT24CXX_ReadOneByte                      0x08003b29   Thumb Code    88  _24cxx.o(.text)
    AT24CXX_WriteOneByte                     0x08003b81   Thumb Code    80  _24cxx.o(.text)
    AT24CXX_WriteLenByte                     0x08003bd1   Thumb Code    42  _24cxx.o(.text)
    AT24CXX_ReadLenByte                      0x08003bfb   Thumb Code    44  _24cxx.o(.text)
    AT24CXX_Check                            0x08003c27   Thumb Code    46  _24cxx.o(.text)
    AT24CXX_Read                             0x08003c55   Thumb Code    34  _24cxx.o(.text)
    AT24CXX_Write                            0x08003c77   Thumb Code    36  _24cxx.o(.text)
    AT24CXX_ErasePage                        0x08003c9b   Thumb Code    48  _24cxx.o(.text)
    IIC_Init                                 0x08003ccd   Thumb Code    84  iic.o(.text)
    IIC_Start                                0x08003d21   Thumb Code    68  iic.o(.text)
    IIC_Stop                                 0x08003d65   Thumb Code    66  iic.o(.text)
    IIC_Wait_Ack                             0x08003da7   Thumb Code    88  iic.o(.text)
    IIC_Ack                                  0x08003dff   Thumb Code    70  iic.o(.text)
    IIC_NAck                                 0x08003e45   Thumb Code    70  iic.o(.text)
    IIC_Send_Byte                            0x08003e8b   Thumb Code   104  iic.o(.text)
    IIC_Read_Byte                            0x08003ef3   Thumb Code   102  iic.o(.text)
    SPI_Init                                 0x08003f75   Thumb Code   266  spi.o(.text)
    AD_SPI_Rd                                0x0800407f   Thumb Code   190  spi.o(.text)
    DA_SPI_Wr                                0x0800413d   Thumb Code   360  spi.o(.text)
    DA_Wr                                    0x080042a5   Thumb Code    18  spi.o(.text)
    AD5422_Init                              0x080042b7   Thumb Code    28  spi.o(.text)
    LED_Init                                 0x080042ed   Thumb Code    40  led.o(.text)
    __aeabi_fadd                             0x08004319   Thumb Code   164  fadd.o(.text)
    __aeabi_fsub                             0x080043bd   Thumb Code     6  fadd.o(.text)
    __aeabi_frsub                            0x080043c3   Thumb Code     6  fadd.o(.text)
    __aeabi_fmul                             0x080043c9   Thumb Code   100  fmul.o(.text)
    __aeabi_fdiv                             0x0800442d   Thumb Code   124  fdiv.o(.text)
    __aeabi_dadd                             0x080044a9   Thumb Code   322  dadd.o(.text)
    __aeabi_dsub                             0x080045eb   Thumb Code     6  dadd.o(.text)
    __aeabi_drsub                            0x080045f1   Thumb Code     6  dadd.o(.text)
    __aeabi_dmul                             0x080045f7   Thumb Code   228  dmul.o(.text)
    __aeabi_ddiv                             0x080046db   Thumb Code   222  ddiv.o(.text)
    __aeabi_i2f                              0x080047b9   Thumb Code    18  fflti.o(.text)
    __aeabi_ui2f                             0x080047cb   Thumb Code    10  ffltui.o(.text)
    __aeabi_i2d                              0x080047d5   Thumb Code    34  dflti.o(.text)
    __aeabi_f2iz                             0x080047f7   Thumb Code    50  ffixi.o(.text)
    __aeabi_f2uiz                            0x08004829   Thumb Code    40  ffixui.o(.text)
    __aeabi_d2uiz                            0x08004851   Thumb Code    50  dfixui.o(.text)
    __aeabi_f2d                              0x08004883   Thumb Code    38  f2d.o(.text)
    __aeabi_cdcmpeq                          0x080048a9   Thumb Code     0  cdcmple.o(.text)
    __aeabi_cdcmple                          0x080048a9   Thumb Code    48  cdcmple.o(.text)
    __aeabi_cdrcmple                         0x080048d9   Thumb Code    48  cdrcmple.o(.text)
    __aeabi_d2f                              0x08004909   Thumb Code    56  d2f.o(.text)
    __aeabi_cfcmpeq                          0x08004941   Thumb Code     0  cfcmple.o(.text)
    __aeabi_cfcmple                          0x08004941   Thumb Code    20  cfcmple.o(.text)
    __aeabi_cfrcmple                         0x08004955   Thumb Code    20  cfrcmple.o(.text)
    __aeabi_uidiv                            0x08004969   Thumb Code     0  uidiv.o(.text)
    __aeabi_uidivmod                         0x08004969   Thumb Code    44  uidiv.o(.text)
    __aeabi_uldivmod                         0x08004995   Thumb Code    98  uldiv.o(.text)
    __aeabi_llsl                             0x080049f7   Thumb Code    30  llshl.o(.text)
    _ll_shift_l                              0x080049f7   Thumb Code     0  llshl.o(.text)
    __aeabi_llsr                             0x08004a15   Thumb Code    32  llushr.o(.text)
    _ll_ushift_r                             0x08004a15   Thumb Code     0  llushr.o(.text)
    __aeabi_lasr                             0x08004a35   Thumb Code    36  llsshr.o(.text)
    _ll_sshift_r                             0x08004a35   Thumb Code     0  llsshr.o(.text)
    __I$use$fp                               0x08004a59   Thumb Code     0  iusefp.o(.text)
    _float_round                             0x08004a59   Thumb Code    18  fepilogue.o(.text)
    _float_epilogue                          0x08004a6b   Thumb Code    92  fepilogue.o(.text)
    _double_round                            0x08004ac7   Thumb Code    30  depilogue.o(.text)
    _double_epilogue                         0x08004ae5   Thumb Code   156  depilogue.o(.text)
    __aeabi_d2ulz                            0x08004b81   Thumb Code    48  dfixul.o(.text)
    __scatterload                            0x08004bb1   Thumb Code    28  init.o(.text)
    __scatterload_rt2                        0x08004bb1   Thumb Code     0  init.o(.text)
    __decompress                             0x08004bd5   Thumb Code     0  __dczerorl2.o(.text)
    __decompress1                            0x08004bd5   Thumb Code    86  __dczerorl2.o(.text)
    __0printf                                0x08004c2d   Thumb Code    22  printfa.o(i.__0printf)
    __1printf                                0x08004c2d   Thumb Code     0  printfa.o(i.__0printf)
    __2printf                                0x08004c2d   Thumb Code     0  printfa.o(i.__0printf)
    __c89printf                              0x08004c2d   Thumb Code     0  printfa.o(i.__0printf)
    printf                                   0x08004c2d   Thumb Code     0  printfa.o(i.__0printf)
    __scatterload_copy                       0x08004c4d   Thumb Code    14  handlers.o(i.__scatterload_copy)
    __scatterload_null                       0x08004c5b   Thumb Code     2  handlers.o(i.__scatterload_null)
    __scatterload_zeroinit                   0x08004c5d   Thumb Code    14  handlers.o(i.__scatterload_zeroinit)
    asc2_1608                                0x080054f6   Data        1520  font.o(.constdata)
    Region$$Table$$Base                      0x08005ae8   Number         0  anon$$obj.o(Region$$Table)
    Region$$Table$$Limit                     0x08005b08   Number         0  anon$$obj.o(Region$$Table)
    test_cur                                 0x20000000   Data         300  main.o(.data)
    table_nema0183                           0x2000012c   Data          18  main.o(.data)
    m                                        0x2000013e   Data           2  main.o(.data)
    temp                                     0x20000140   Data           2  main.o(.data)
    g_Kp                                     0x20000144   Data           4  main.o(.data)
    g_Ki                                     0x20000148   Data           4  main.o(.data)
    g_Kd                                     0x2000014c   Data           4  main.o(.data)
    err0                                     0x20000150   Data           4  main.o(.data)
    err1                                     0x20000154   Data           4  main.o(.data)
    err2                                     0x20000158   Data           4  main.o(.data)
    pv                                       0x2000015c   Data           4  main.o(.data)
    sv                                       0x20000160   Data           4  main.o(.data)
    mv                                       0x20000164   Data           4  main.o(.data)
    mv_old                                   0x20000168   Data           4  main.o(.data)
    delta                                    0x2000016c   Data           4  main.o(.data)
    delta2                                   0x20000170   Data           4  main.o(.data)
    AD_AVG                                   0x20000174   Data           2  main.o(.data)
    DA_AMP                                   0x20000176   Data           2  main.o(.data)
    SystemCoreClock                          0x20000178   Data           4  system_stm32f10x.o(.data)
    AHBPrescTable                            0x2000017c   Data          16  system_stm32f10x.o(.data)
    __stdout                                 0x200001a4   Data           4  usart.o(.data)
    USART_RX_STA                             0x200001a8   Data           2  usart.o(.data)
    KEY_VAL1                                 0x200001aa   Data           3  key.o(.data)
    KEY_VAL2                                 0x200001ad   Data           3  key.o(.data)
    KEY_VAL3                                 0x200001b0   Data           3  key.o(.data)
    BACK_COLOR                               0x200001b4   Data           2  tft.o(.data)
    POINT_COLOR                              0x200001b6   Data           2  tft.o(.data)
    x_addr                                   0x200001b8   Data           2  tft.o(.data)
    y_addr                                   0x200001ba   Data           2  tft.o(.data)
    TFT_CurMAX                               0x200001bc   Data           4  tft.o(.data)
    TFT_CurMIN                               0x200001c0   Data           4  tft.o(.data)
    TFT_CurPtr                               0x200001c4   Data           1  tft.o(.data)
    TFT_NumPos                               0x200001c5   Data           1  tft.o(.data)
    encoder_val                              0x200001c8   Data           4  encoder.o(.data)
    TIM_FLAG                                 0x200001cc   Data           1  timer.o(.data)
    g_SvE                                    0x200001d0   Data          10  main.o(.bss)
    g_KpE                                    0x200001da   Data          10  main.o(.bss)
    g_KiE                                    0x200001e4   Data          10  main.o(.bss)
    g_KdE                                    0x200001ee   Data          10  main.o(.bss)
    adBuf                                    0x200001f8   Data          30  main.o(.bss)
    t                                        0x20000216   Data          10  main.o(.bss)
    USART_RX_BUF                             0x20000220   Data          20  usart.o(.bss)
    TFT_BUF1                                 0x20000234   Data          40  tft.o(.bss)
    TFT_BUF2                                 0x2000025c   Data          40  tft.o(.bss)
    TFT_CurveIBUF                            0x20000284   Data         400  tft.o(.bss)
    TFT_CurveFBUF                            0x20000414   Data         800  tft.o(.bss)
    __initial_sp                             0x20000b38   Data           0  startup_stm32f10x_md.o(STACK)



==============================================================================

Memory Map of the image

  Image Entry point : 0x080000ed

  Load Region LR_IROM1 (Base: 0x08000000, Size: 0x00005cd8, Max: 0x00020000, ABSOLUTE, COMPRESSED[0x00005b84])

    Execution Region ER_IROM1 (Exec base: 0x08000000, Load base: 0x08000000, Size: 0x00005b08, Max: 0x00020000, ABSOLUTE)

    Exec Addr    Load Addr    Size         Type   Attr      Idx    E Section Name        Object

    0x08000000   0x08000000   0x000000ec   Data   RO           19    RESET               startup_stm32f10x_md.o
    0x080000ec   0x080000ec   0x00000000   Code   RO          460  * .ARM.Collect$$$$00000000  mc_w.l(entry.o)
    0x080000ec   0x080000ec   0x00000004   Code   RO          760    .ARM.Collect$$$$00000001  mc_w.l(entry2.o)
    0x080000f0   0x080000f0   0x00000004   Code   RO          763    .ARM.Collect$$$$00000004  mc_w.l(entry5.o)
    0x080000f4   0x080000f4   0x00000000   Code   RO          765    .ARM.Collect$$$$00000008  mc_w.l(entry7b.o)
    0x080000f4   0x080000f4   0x00000000   Code   RO          767    .ARM.Collect$$$$0000000A  mc_w.l(entry8b.o)
    0x080000f4   0x080000f4   0x00000008   Code   RO          768    .ARM.Collect$$$$0000000B  mc_w.l(entry9a.o)
    0x080000fc   0x080000fc   0x00000004   Code   RO          775    .ARM.Collect$$$$0000000E  mc_w.l(entry12b.o)
    0x08000100   0x08000100   0x00000000   Code   RO          770    .ARM.Collect$$$$0000000F  mc_w.l(entry10a.o)
    0x08000100   0x08000100   0x00000000   Code   RO          772    .ARM.Collect$$$$00000011  mc_w.l(entry11a.o)
    0x08000100   0x08000100   0x00000004   Code   RO          761    .ARM.Collect$$$$00002712  mc_w.l(entry2.o)
    0x08000104   0x08000104   0x00000024   Code   RO           20    .text               startup_stm32f10x_md.o
    0x08000128   0x08000128   0x00000510   Code   RO           24    .text               main.o
    0x08000638   0x08000638   0x0000001a   Code   RO          114    .text               stm32f10x_it.o
    0x08000652   0x08000652   0x00000002   PAD
    0x08000654   0x08000654   0x000001e0   Code   RO          149    .text               system_stm32f10x.o
    0x08000834   0x08000834   0x000000dc   Code   RO          167    .text               misc.o
    0x08000910   0x08000910   0x0000035c   Code   RO          179    .text               stm32f10x_gpio.o
    0x08000c6c   0x08000c6c   0x000003a4   Code   RO          191    .text               stm32f10x_rcc.o
    0x08001010   0x08001010   0x00000408   Code   RO          205    .text               stm32f10x_usart.o
    0x08001418   0x08001418   0x0000011c   Code   RO          217    .text               stm32f10x_exti.o
    0x08001534   0x08001534   0x00000e1a   Code   RO          229    .text               stm32f10x_tim.o
    0x0800234e   0x0800234e   0x00000002   PAD
    0x08002350   0x08002350   0x000000e0   Code   RO          256    .text               delay.o
    0x08002430   0x08002430   0x0000000c   Code   RO          273    .text               sys.o
    0x0800243c   0x0800243c   0x0000014c   Code   RO          288    .text               usart.o
    0x08002588   0x08002588   0x000000fc   Code   RO          311    .text               key.o
    0x08002684   0x08002684   0x00001298   Code   RO          329    .text               tft.o
    0x0800391c   0x0800391c   0x00000100   Code   RO          364    .text               encoder.o
    0x08003a1c   0x08003a1c   0x00000104   Code   RO          382    .text               timer.o
    0x08003b20   0x08003b20   0x000001aa   Code   RO          400    .text               _24cxx.o
    0x08003cca   0x08003cca   0x00000002   PAD
    0x08003ccc   0x08003ccc   0x000002a8   Code   RO          415    .text               iic.o
    0x08003f74   0x08003f74   0x00000378   Code   RO          430    .text               spi.o
    0x080042ec   0x080042ec   0x0000002c   Code   RO          445    .text               led.o
    0x08004318   0x08004318   0x000000b0   Code   RO          724    .text               mf_w.l(fadd.o)
    0x080043c8   0x080043c8   0x00000064   Code   RO          726    .text               mf_w.l(fmul.o)
    0x0800442c   0x0800442c   0x0000007c   Code   RO          728    .text               mf_w.l(fdiv.o)
    0x080044a8   0x080044a8   0x0000014e   Code   RO          730    .text               mf_w.l(dadd.o)
    0x080045f6   0x080045f6   0x000000e4   Code   RO          732    .text               mf_w.l(dmul.o)
    0x080046da   0x080046da   0x000000de   Code   RO          734    .text               mf_w.l(ddiv.o)
    0x080047b8   0x080047b8   0x00000012   Code   RO          736    .text               mf_w.l(fflti.o)
    0x080047ca   0x080047ca   0x0000000a   Code   RO          738    .text               mf_w.l(ffltui.o)
    0x080047d4   0x080047d4   0x00000022   Code   RO          740    .text               mf_w.l(dflti.o)
    0x080047f6   0x080047f6   0x00000032   Code   RO          742    .text               mf_w.l(ffixi.o)
    0x08004828   0x08004828   0x00000028   Code   RO          744    .text               mf_w.l(ffixui.o)
    0x08004850   0x08004850   0x00000032   Code   RO          746    .text               mf_w.l(dfixui.o)
    0x08004882   0x08004882   0x00000026   Code   RO          748    .text               mf_w.l(f2d.o)
    0x080048a8   0x080048a8   0x00000030   Code   RO          750    .text               mf_w.l(cdcmple.o)
    0x080048d8   0x080048d8   0x00000030   Code   RO          752    .text               mf_w.l(cdrcmple.o)
    0x08004908   0x08004908   0x00000038   Code   RO          754    .text               mf_w.l(d2f.o)
    0x08004940   0x08004940   0x00000014   Code   RO          756    .text               mf_w.l(cfcmple.o)
    0x08004954   0x08004954   0x00000014   Code   RO          758    .text               mf_w.l(cfrcmple.o)
    0x08004968   0x08004968   0x0000002c   Code   RO          776    .text               mc_w.l(uidiv.o)
    0x08004994   0x08004994   0x00000062   Code   RO          778    .text               mc_w.l(uldiv.o)
    0x080049f6   0x080049f6   0x0000001e   Code   RO          780    .text               mc_w.l(llshl.o)
    0x08004a14   0x08004a14   0x00000020   Code   RO          782    .text               mc_w.l(llushr.o)
    0x08004a34   0x08004a34   0x00000024   Code   RO          784    .text               mc_w.l(llsshr.o)
    0x08004a58   0x08004a58   0x00000000   Code   RO          786    .text               mc_w.l(iusefp.o)
    0x08004a58   0x08004a58   0x0000006e   Code   RO          787    .text               mf_w.l(fepilogue.o)
    0x08004ac6   0x08004ac6   0x000000ba   Code   RO          789    .text               mf_w.l(depilogue.o)
    0x08004b80   0x08004b80   0x00000030   Code   RO          791    .text               mf_w.l(dfixul.o)
    0x08004bb0   0x08004bb0   0x00000024   Code   RO          793    .text               mc_w.l(init.o)
    0x08004bd4   0x08004bd4   0x00000056   Code   RO          803    .text               mc_w.l(__dczerorl2.o)
    0x08004c2a   0x08004c2a   0x00000002   PAD
    0x08004c2c   0x08004c2c   0x00000020   Code   RO          696    i.__0printf         mc_w.l(printfa.o)
    0x08004c4c   0x08004c4c   0x0000000e   Code   RO          797    i.__scatterload_copy  mc_w.l(handlers.o)
    0x08004c5a   0x08004c5a   0x00000002   Code   RO          798    i.__scatterload_null  mc_w.l(handlers.o)
    0x08004c5c   0x08004c5c   0x0000000e   Code   RO          799    i.__scatterload_zeroinit  mc_w.l(handlers.o)
    0x08004c6a   0x08004c6a   0x00000002   PAD
    0x08004c6c   0x08004c6c   0x00000184   Code   RO          703    i._fp_digits        mc_w.l(printfa.o)
    0x08004df0   0x08004df0   0x000006b4   Code   RO          704    i._printf_core      mc_w.l(printfa.o)
    0x080054a4   0x080054a4   0x00000024   Code   RO          705    i._printf_post_padding  mc_w.l(printfa.o)
    0x080054c8   0x080054c8   0x0000002e   Code   RO          706    i._printf_pre_padding  mc_w.l(printfa.o)
    0x080054f6   0x080054f6   0x000005f0   Data   RO          352    .constdata          font.o
    0x08005ae6   0x08005ae6   0x00000002   PAD
    0x08005ae8   0x08005ae8   0x00000020   Data   RO          795    Region$$Table       anon$$obj.o


    Execution Region RW_IRAM1 (Exec base: 0x20000000, Load base: 0x08005b08, Size: 0x00000b38, Max: 0x00005000, ABSOLUTE, COMPRESSED[0x0000007c])

    Exec Addr    Load Addr    Size         Type   Attr      Idx    E Section Name        Object

    0x20000000   COMPRESSED   0x00000178   Data   RW           26    .data               main.o
    0x20000178   COMPRESSED   0x00000014   Data   RW          150    .data               system_stm32f10x.o
    0x2000018c   COMPRESSED   0x00000014   Data   RW          192    .data               stm32f10x_rcc.o
    0x200001a0   COMPRESSED   0x00000004   Data   RW          257    .data               delay.o
    0x200001a4   COMPRESSED   0x00000006   Data   RW          290    .data               usart.o
    0x200001aa   COMPRESSED   0x00000009   Data   RW          312    .data               key.o
    0x200001b3   COMPRESSED   0x00000001   PAD
    0x200001b4   COMPRESSED   0x00000012   Data   RW          331    .data               tft.o
    0x200001c6   COMPRESSED   0x00000002   PAD
    0x200001c8   COMPRESSED   0x00000004   Data   RW          365    .data               encoder.o
    0x200001cc   COMPRESSED   0x00000001   Data   RW          383    .data               timer.o
    0x200001cd   COMPRESSED   0x00000003   PAD
    0x200001d0        -       0x00000050   Zero   RW           25    .bss                main.o
    0x20000220        -       0x00000014   Zero   RW          289    .bss                usart.o
    0x20000234        -       0x00000500   Zero   RW          330    .bss                tft.o
    0x20000734   COMPRESSED   0x00000004   PAD
    0x20000738        -       0x00000400   Zero   RW           17    STACK               startup_stm32f10x_md.o


==============================================================================

Image component sizes


      Code (inc. data)   RO Data    RW Data    ZI Data      Debug   Object Name

       426          0          0          0          0       2948   _24cxx.o
         0          0          0          0          0       4540   core_cm3.o
       224         16          0          4          0       1165   delay.o
       256         16          0          4          0       1112   encoder.o
         0          0       1520          0          0        464   font.o
       680         28          0          0          0       1864   iic.o
       252         34          0          9          0       1444   key.o
        44          4          0          0          0        443   led.o
      1296        214          0        376         80     253675   main.o
       220         22          0          0          0       1745   misc.o
       888         26          0          0          0       1953   spi.o
        36          8        236          0       1024        768   startup_stm32f10x_md.o
       284         10          0          0          0       2207   stm32f10x_exti.o
       860         38          0          0          0       5685   stm32f10x_gpio.o
        26          0          0          0          0       1182   stm32f10x_it.o
       932         36          0         20          0       8844   stm32f10x_rcc.o
      3610         88          0          0          0      22792   stm32f10x_tim.o
      1032         22          0          0          0       8404   stm32f10x_usart.o
        12          0          0          0          0        429   sys.o
       480         38          0         20          0       1707   system_stm32f10x.o
      4760        160          0         18       1280      13533   tft.o
       260          6          0          1          0       1443   timer.o
       332         18          0          6         20       3070   usart.o

    ----------------------------------------------------------------------
     16916        784       1790        464       2408     341417   Object Totals
         0          0         32          0          0          0   (incl. Generated)
         6          0          2          6          4          0   (incl. Padding)

    ----------------------------------------------------------------------

      Code (inc. data)   RO Data    RW Data    ZI Data      Debug   Library Member Name

        86          0          0          0          0          0   __dczerorl2.o
         0          0          0          0          0          0   entry.o
         0          0          0          0          0          0   entry10a.o
         0          0          0          0          0          0   entry11a.o
         4          0          0          0          0          0   entry12b.o
         8          4          0          0          0          0   entry2.o
         4          0          0          0          0          0   entry5.o
         0          0          0          0          0          0   entry7b.o
         0          0          0          0          0          0   entry8b.o
         8          4          0          0          0          0   entry9a.o
        30          0          0          0          0          0   handlers.o
        36          8          0          0          0         68   init.o
         0          0          0          0          0          0   iusefp.o
        30          0          0          0          0         68   llshl.o
        36          0          0          0          0         68   llsshr.o
        32          0          0          0          0         68   llushr.o
      2218         90          0          0          0        464   printfa.o
        44          0          0          0          0         80   uidiv.o
        98          0          0          0          0         92   uldiv.o
        48          0          0          0          0         68   cdcmple.o
        48          0          0          0          0         68   cdrcmple.o
        20          0          0          0          0         68   cfcmple.o
        20          0          0          0          0         68   cfrcmple.o
        56          0          0          0          0         88   d2f.o
       334          0          0          0          0        148   dadd.o
       222          0          0          0          0        100   ddiv.o
       186          0          0          0          0        176   depilogue.o
        50          0          0          0          0         76   dfixui.o
        48          0          0          0          0         68   dfixul.o
        34          0          0          0          0         76   dflti.o
       228          0          0          0          0         96   dmul.o
        38          0          0          0          0         68   f2d.o
       176          0          0          0          0        140   fadd.o
       124          0          0          0          0         88   fdiv.o
       110          0          0          0          0        168   fepilogue.o
        50          0          0          0          0         68   ffixi.o
        40          0          0          0          0         68   ffixui.o
        18          0          0          0          0         68   fflti.o
        10          0          0          0          0         68   ffltui.o
       100          0          0          0          0         76   fmul.o

    ----------------------------------------------------------------------
      4598        106          0          0          0       2820   Library Totals
         4          0          0          0          0          0   (incl. Padding)

    ----------------------------------------------------------------------

      Code (inc. data)   RO Data    RW Data    ZI Data      Debug   Library Name

      2634        106          0          0          0        908   mc_w.l
      1960          0          0          0          0       1912   mf_w.l

    ----------------------------------------------------------------------
      4598        106          0          0          0       2820   Library Totals

    ----------------------------------------------------------------------

==============================================================================


      Code (inc. data)   RO Data    RW Data    ZI Data      Debug   

     21514        890       1790        464       2408     341349   Grand Totals
     21514        890       1790        124       2408     341349   ELF Image Totals (compressed)
     21514        890       1790        124          0          0   ROM Totals

==============================================================================

    Total RO  Size (Code + RO Data)                23304 (  22.76kB)
    Total RW  Size (RW Data + ZI Data)              2872 (   2.80kB)
    Total ROM Size (Code + RO Data + RW Data)      23428 (  22.88kB)

==============================================================================

