<html>
<body>
<pre>
<h1>礦ision Build Log</h1>
<h2>Tool Versions:</h2>
IDE-Version: μVision V5.24.2.0
Copyright (C) 2017 ARM Ltd and ARM Germany GmbH. All rights reserved.
License Information: zhu JB, Baidu, LIC=NQQMA-1YQPR-LQ50Q-NUTT9-18VH3-1EFMG
 
Tool Versions:
Toolchain:       MDK-ARM Plus  Version: 5.24.1
Toolchain Path:  E:\Keil_v5\ARM\ARMCC\Bin
C Compiler:      Armcc.exe V5.06 update 5 (build 528)
Assembler:       Armasm.exe V5.06 update 5 (build 528)
Linker/Locator:  ArmLink.exe V5.06 update 5 (build 528)
Library Manager: ArmAr.exe V5.06 update 5 (build 528)
Hex Converter:   FromElf.exe V5.06 update 5 (build 528)
CPU DLL:         SARMCM3.DLL V5.24.1
Dialog DLL:      DCM.DLL V1.16.0.0
Target DLL:      Segger\JL2CM3.dll V2.99.26.0
Dialog DLL:      TCM.DLL V1.32.0.0
 
<h2>Project:</h2>
D:\Desktop\lcvr 6.0\test_lcvr.uvprojx
Project File Date:  09/25/2023

<h2>Output:</h2>
*** Using Compiler 'V5.06 update 5 (build 528)', folder: 'E:\Keil_v5\ARM\ARMCC\Bin'
Rebuild target 'test lcvr'
assembling startup_stm32f10x_md.s...
compiling core_cm3.c...
compiling delay.c...
compiling stm32f10x_usart.c...
compiling stm32f10x_dma.c...
compiling stm32f10x_exti.c...
compiling misc.c...
compiling stm32f10x_rcc.c...
compiling stm32f10x_it.c...
compiling system_stm32f10x.c...
compiling stm32f10x_gpio.c...
compiling sys.c...
compiling main.c...
USER\main.c(151): warning:  #177-D: variable "t"  was declared but never referenced
  	float t;
USER\main.c(219): warning:  #167-D: argument of type "u8 *" is incompatible with parameter of type "const char *"
  				sv = atof(USART_RX_BUF);
USER\main.c(234): warning:  #181-D: argument is incompatible with corresponding format string conversion
  				printf("delta:%d\r\n",delta);
USER\main.c(173): warning:  #177-D: variable "usart_t"  was declared but never referenced
  	u16 usart_t;  
USER\main.c(174): warning:  #550-D: variable "len"  was set but never used
  	u16 len;
USER\main.c(175): warning:  #177-D: variable "delay_i"  was declared but never referenced
  	u8 delay_i=0;
USER\main.c: 6 warnings, 0 errors
compiling stm32f10x_tim.c...
compiling key.c...
compiling font.c...
compiling encoder.c...
compiling timer.c...
compiling usart.c...
compiling _24cxx.c...
compiling led.c...
compiling iic.c...
BOARD\I2C\iic.c(51): warning:  #61-D: integer operation result is out of range
  	
DA_IN();      //SDA设置为输入  
BOARD\I2C\iic.c(51): warning:  #68-D: integer conversion resulted in a change of sign
  	
DA_IN();      //SDA设置为输入  
BOARD\I2C\iic.c(116): warning:  #61-D: integer operation result is out of range
  	
DA_IN();//SDA设置为输入
BOARD\I2C\iic.c(116): warning:  #68-D: integer conversion resulted in a change of sign
  	
DA_IN();//SDA设置为输入
BOARD\I2C\iic.c: 4 warnings, 0 errors
compiling spi.c...
compiling tft.c...
compiling spi_2.c...
linking...
Program Size: Code=18268 RO-data=332 RW-data=520 ZI-data=1128  
FromELF: creating hex file...
".\OBJ\template.axf" - 0 Error(s), 10 Warning(s).

<h2>Software Packages used:</h2>

Package Vendor: ARM
                http://www.keil.com/pack/ARM.CMSIS.5.0.1.pack
                ARM.CMSIS.5.0.1
                CMSIS (Cortex Microcontroller Software Interface Standard)
   * Component: CORE Version: 5.0.1

Package Vendor: Keil
                http://www.keil.com/pack/Keil.STM32F1xx_DFP.2.2.0.pack
                Keil.STM32F1xx_DFP.2.2.0
                STMicroelectronics STM32F1 Series Device Support, Drivers and Examples

<h2>Collection of Component include folders:</h2>
  .\RTE\_test_lcvr
  E:\Keil_v5\ARM\PACK\ARM\CMSIS\5.0.1\CMSIS\Include
  E:\Keil_v5\ARM\PACK\Keil\STM32F1xx_DFP\2.2.0\Device\Include

<h2>Collection of Component Files used:</h2>

   * Component: ARM::CMSIS:CORE:5.0.1
Build Time Elapsed:  00:00:05
</pre>
</body>
</html>
